<?xml version="1.0"?>
<link_info>
   <banner>TMS320C2000 Linker PC v15.12.1.LTS</banner>
   <copyright>Copyright (c) 1996-2015 Texas Instruments Incorporated</copyright>
   <link_time>0x5d36635e</link_time>
   <link_errors>0x0</link_errors>
   <output_file>WPT_receiver_dc_dc.out</output_file>
   <entry_point>
      <name>_c_int00</name>
      <address>0x3f721b</address>
   </entry_point>
   <input_file_list>
      <input_file id="fl-2">
         <path>.\TI_Source\</path>
         <kind>object</kind>
         <file>DSP2802x_Adc.obj</file>
         <name>DSP2802x_Adc.obj</name>
      </input_file>
      <input_file id="fl-3">
         <path>.\TI_Source\</path>
         <kind>object</kind>
         <file>DSP2802x_CSMPasswords.obj</file>
         <name>DSP2802x_CSMPasswords.obj</name>
      </input_file>
      <input_file id="fl-4">
         <path>.\TI_Source\</path>
         <kind>object</kind>
         <file>DSP2802x_CodeStartBranch.obj</file>
         <name>DSP2802x_CodeStartBranch.obj</name>
      </input_file>
      <input_file id="fl-5">
         <path>.\TI_Source\</path>
         <kind>object</kind>
         <file>DSP2802x_Comp.obj</file>
         <name>DSP2802x_Comp.obj</name>
      </input_file>
      <input_file id="fl-6">
         <path>.\TI_Source\</path>
         <kind>object</kind>
         <file>DSP2802x_CpuTimers.obj</file>
         <name>DSP2802x_CpuTimers.obj</name>
      </input_file>
      <input_file id="fl-7">
         <path>.\TI_Source\</path>
         <kind>object</kind>
         <file>DSP2802x_DBGIER.obj</file>
         <name>DSP2802x_DBGIER.obj</name>
      </input_file>
      <input_file id="fl-8">
         <path>.\TI_Source\</path>
         <kind>object</kind>
         <file>DSP2802x_DefaultIsr.obj</file>
         <name>DSP2802x_DefaultIsr.obj</name>
      </input_file>
      <input_file id="fl-9">
         <path>.\TI_Source\</path>
         <kind>object</kind>
         <file>DSP2802x_DisInt.obj</file>
         <name>DSP2802x_DisInt.obj</name>
      </input_file>
      <input_file id="fl-a">
         <path>.\TI_Source\</path>
         <kind>object</kind>
         <file>DSP2802x_ECap.obj</file>
         <name>DSP2802x_ECap.obj</name>
      </input_file>
      <input_file id="fl-b">
         <path>.\TI_Source\</path>
         <kind>object</kind>
         <file>DSP2802x_EPwm.obj</file>
         <name>DSP2802x_EPwm.obj</name>
      </input_file>
      <input_file id="fl-c">
         <path>.\TI_Source\</path>
         <kind>object</kind>
         <file>DSP2802x_GlobalVariableDefs.obj</file>
         <name>DSP2802x_GlobalVariableDefs.obj</name>
      </input_file>
      <input_file id="fl-d">
         <path>.\TI_Source\</path>
         <kind>object</kind>
         <file>DSP2802x_Gpio.obj</file>
         <name>DSP2802x_Gpio.obj</name>
      </input_file>
      <input_file id="fl-e">
         <path>.\TI_Source\</path>
         <kind>object</kind>
         <file>DSP2802x_I2C.obj</file>
         <name>DSP2802x_I2C.obj</name>
      </input_file>
      <input_file id="fl-f">
         <path>.\TI_Source\</path>
         <kind>object</kind>
         <file>DSP2802x_MemCopy.obj</file>
         <name>DSP2802x_MemCopy.obj</name>
      </input_file>
      <input_file id="fl-10">
         <path>.\TI_Source\</path>
         <kind>object</kind>
         <file>DSP2802x_OscComp.obj</file>
         <name>DSP2802x_OscComp.obj</name>
      </input_file>
      <input_file id="fl-11">
         <path>.\TI_Source\</path>
         <kind>object</kind>
         <file>DSP2802x_PieCtrl.obj</file>
         <name>DSP2802x_PieCtrl.obj</name>
      </input_file>
      <input_file id="fl-12">
         <path>.\TI_Source\</path>
         <kind>object</kind>
         <file>DSP2802x_PieVect.obj</file>
         <name>DSP2802x_PieVect.obj</name>
      </input_file>
      <input_file id="fl-13">
         <path>.\TI_Source\</path>
         <kind>object</kind>
         <file>DSP2802x_Sci.obj</file>
         <name>DSP2802x_Sci.obj</name>
      </input_file>
      <input_file id="fl-14">
         <path>.\TI_Source\</path>
         <kind>object</kind>
         <file>DSP2802x_Spi.obj</file>
         <name>DSP2802x_Spi.obj</name>
      </input_file>
      <input_file id="fl-15">
         <path>.\TI_Source\</path>
         <kind>object</kind>
         <file>DSP2802x_SysCtrl.obj</file>
         <name>DSP2802x_SysCtrl.obj</name>
      </input_file>
      <input_file id="fl-16">
         <path>.\TI_Source\</path>
         <kind>object</kind>
         <file>DSP2802x_TempSensorConv.obj</file>
         <name>DSP2802x_TempSensorConv.obj</name>
      </input_file>
      <input_file id="fl-17">
         <path>.\TI_Source\</path>
         <kind>object</kind>
         <file>DSP2802x_usDelay.obj</file>
         <name>DSP2802x_usDelay.obj</name>
      </input_file>
      <input_file id="fl-18">
         <path>.\User_Source\</path>
         <kind>object</kind>
         <file>Main.obj</file>
         <name>Main.obj</name>
      </input_file>
      <input_file id="fl-19">
         <path>.\User_Source\</path>
         <kind>object</kind>
         <file>User_ADC.obj</file>
         <name>User_ADC.obj</name>
      </input_file>
      <input_file id="fl-1a">
         <path>.\User_Source\</path>
         <kind>object</kind>
         <file>User_Filter.obj</file>
         <name>User_Filter.obj</name>
      </input_file>
      <input_file id="fl-1b">
         <path>.\User_Source\</path>
         <kind>object</kind>
         <file>User_Initialization .obj</file>
         <name>User_Initialization .obj</name>
      </input_file>
      <input_file id="fl-1c">
         <path>.\User_Source\</path>
         <kind>object</kind>
         <file>User_PID.obj</file>
         <name>User_PID.obj</name>
      </input_file>
      <input_file id="fl-1d">
         <path>.\User_Source\</path>
         <kind>object</kind>
         <file>User_Protect.obj</file>
         <name>User_Protect.obj</name>
      </input_file>
      <input_file id="fl-1e">
         <path>.\User_Source\</path>
         <kind>object</kind>
         <file>User_SCI.obj</file>
         <name>User_SCI.obj</name>
      </input_file>
      <input_file id="fl-1f">
         <path>.\User_Source\</path>
         <kind>object</kind>
         <file>User_Soft_start.obj</file>
         <name>User_Soft_start.obj</name>
      </input_file>
      <input_file id="fl-27">
         <path>..\TI_Library\</path>
         <kind>archive</kind>
         <file>IQmath.lib</file>
         <name>IQ10div.obj</name>
      </input_file>
      <input_file id="fl-28">
         <path>..\TI_Library\</path>
         <kind>archive</kind>
         <file>IQmath.lib</file>
         <name>IQ10frac.obj</name>
      </input_file>
      <input_file id="fl-29">
         <path>..\TI_Library\</path>
         <kind>archive</kind>
         <file>IQmath.lib</file>
         <name>IQ10int.obj</name>
      </input_file>
      <input_file id="fl-2a">
         <path>..\TI_Library\</path>
         <kind>archive</kind>
         <file>IQmath.lib</file>
         <name>IQ12div.obj</name>
      </input_file>
      <input_file id="fl-2b">
         <path>..\TI_Library\</path>
         <kind>archive</kind>
         <file>IQmath.lib</file>
         <name>IQ12frac.obj</name>
      </input_file>
      <input_file id="fl-2c">
         <path>..\TI_Library\</path>
         <kind>archive</kind>
         <file>IQmath.lib</file>
         <name>IQ12int.obj</name>
      </input_file>
      <input_file id="fl-2d">
         <path>..\TI_Library\</path>
         <kind>archive</kind>
         <file>IQmath.lib</file>
         <name>IQ14div.obj</name>
      </input_file>
      <input_file id="fl-2e">
         <path>..\TI_Library\</path>
         <kind>archive</kind>
         <file>IQmath.lib</file>
         <name>IQ14frac.obj</name>
      </input_file>
      <input_file id="fl-2f">
         <path>..\TI_Library\</path>
         <kind>archive</kind>
         <file>IQmath.lib</file>
         <name>IQ14int.obj</name>
      </input_file>
      <input_file id="fl-30">
         <path>..\TI_Library\</path>
         <kind>archive</kind>
         <file>IQmath.lib</file>
         <name>IQ15frac.obj</name>
      </input_file>
      <input_file id="fl-31">
         <path>..\TI_Library\</path>
         <kind>archive</kind>
         <file>IQmath.lib</file>
         <name>IQ15int.obj</name>
      </input_file>
      <input_file id="fl-32">
         <path>..\TI_Library\</path>
         <kind>archive</kind>
         <file>IQmath.lib</file>
         <name>IQmathTables.obj</name>
      </input_file>
      <input_file id="fl-33">
         <path>..\TI_Library\</path>
         <kind>archive</kind>
         <file>SFO_TI_Build_V6.lib</file>
         <name>SFO.obj</name>
      </input_file>
      <input_file id="fl-39">
         <path>E:\TI6\ccsv6\tools\compiler\ti-cgt-c2000_15.12.1.LTS\lib\</path>
         <kind>archive</kind>
         <file>rts2800_ml.lib</file>
         <name>boot.obj</name>
      </input_file>
      <input_file id="fl-3a">
         <path>E:\TI6\ccsv6\tools\compiler\ti-cgt-c2000_15.12.1.LTS\lib\</path>
         <kind>archive</kind>
         <file>rts2800_ml.lib</file>
         <name>cpy_tbl.obj</name>
      </input_file>
      <input_file id="fl-3b">
         <path>E:\TI6\ccsv6\tools\compiler\ti-cgt-c2000_15.12.1.LTS\lib\</path>
         <kind>archive</kind>
         <file>rts2800_ml.lib</file>
         <name>cpy_utils.obj</name>
      </input_file>
      <input_file id="fl-3c">
         <path>E:\TI6\ccsv6\tools\compiler\ti-cgt-c2000_15.12.1.LTS\lib\</path>
         <kind>archive</kind>
         <file>rts2800_ml.lib</file>
         <name>exit.obj</name>
      </input_file>
      <input_file id="fl-3d">
         <path>E:\TI6\ccsv6\tools\compiler\ti-cgt-c2000_15.12.1.LTS\lib\</path>
         <kind>archive</kind>
         <file>rts2800_ml.lib</file>
         <name>fd_mpy.obj</name>
      </input_file>
      <input_file id="fl-3e">
         <path>E:\TI6\ccsv6\tools\compiler\ti-cgt-c2000_15.12.1.LTS\lib\</path>
         <kind>archive</kind>
         <file>rts2800_ml.lib</file>
         <name>fd_tol.obj</name>
      </input_file>
      <input_file id="fl-3f">
         <path>E:\TI6\ccsv6\tools\compiler\ti-cgt-c2000_15.12.1.LTS\lib\</path>
         <kind>archive</kind>
         <file>rts2800_ml.lib</file>
         <name>fs_add.obj</name>
      </input_file>
      <input_file id="fl-40">
         <path>E:\TI6\ccsv6\tools\compiler\ti-cgt-c2000_15.12.1.LTS\lib\</path>
         <kind>archive</kind>
         <file>rts2800_ml.lib</file>
         <name>fs_div.obj</name>
      </input_file>
      <input_file id="fl-41">
         <path>E:\TI6\ccsv6\tools\compiler\ti-cgt-c2000_15.12.1.LTS\lib\</path>
         <kind>archive</kind>
         <file>rts2800_ml.lib</file>
         <name>fs_mpy.obj</name>
      </input_file>
      <input_file id="fl-42">
         <path>E:\TI6\ccsv6\tools\compiler\ti-cgt-c2000_15.12.1.LTS\lib\</path>
         <kind>archive</kind>
         <file>rts2800_ml.lib</file>
         <name>fs_toi.obj</name>
      </input_file>
      <input_file id="fl-43">
         <path>E:\TI6\ccsv6\tools\compiler\ti-cgt-c2000_15.12.1.LTS\lib\</path>
         <kind>archive</kind>
         <file>rts2800_ml.lib</file>
         <name>fs_tol.obj</name>
      </input_file>
      <input_file id="fl-44">
         <path>E:\TI6\ccsv6\tools\compiler\ti-cgt-c2000_15.12.1.LTS\lib\</path>
         <kind>archive</kind>
         <file>rts2800_ml.lib</file>
         <name>i_tofd.obj</name>
      </input_file>
      <input_file id="fl-45">
         <path>E:\TI6\ccsv6\tools\compiler\ti-cgt-c2000_15.12.1.LTS\lib\</path>
         <kind>archive</kind>
         <file>rts2800_ml.lib</file>
         <name>memcpy.obj</name>
      </input_file>
      <input_file id="fl-46">
         <path>E:\TI6\ccsv6\tools\compiler\ti-cgt-c2000_15.12.1.LTS\lib\</path>
         <kind>archive</kind>
         <file>rts2800_ml.lib</file>
         <name>pre_init.obj</name>
      </input_file>
      <input_file id="fl-47">
         <path>E:\TI6\ccsv6\tools\compiler\ti-cgt-c2000_15.12.1.LTS\lib\</path>
         <kind>archive</kind>
         <file>rts2800_ml.lib</file>
         <name>startup.obj</name>
      </input_file>
      <input_file id="fl-48">
         <path>E:\TI6\ccsv6\tools\compiler\ti-cgt-c2000_15.12.1.LTS\lib\</path>
         <kind>archive</kind>
         <file>rts2800_ml.lib</file>
         <name>u_div.obj</name>
      </input_file>
      <input_file id="fl-49">
         <path>E:\TI6\ccsv6\tools\compiler\ti-cgt-c2000_15.12.1.LTS\lib\</path>
         <kind>archive</kind>
         <file>rts2800_ml.lib</file>
         <name>u_tofd.obj</name>
      </input_file>
      <input_file id="fl-4a">
         <path>E:\TI6\ccsv6\tools\compiler\ti-cgt-c2000_15.12.1.LTS\lib\</path>
         <kind>archive</kind>
         <file>rts2800_ml.lib</file>
         <name>u_tofs.obj</name>
      </input_file>
      <input_file id="fl-4b">
         <path>E:\TI6\ccsv6\tools\compiler\ti-cgt-c2000_15.12.1.LTS\lib\</path>
         <kind>archive</kind>
         <file>rts2800_ml.lib</file>
         <name>_lock.obj</name>
      </input_file>
      <input_file id="fl-4c">
         <path>E:\TI6\ccsv6\tools\compiler\ti-cgt-c2000_15.12.1.LTS\lib\</path>
         <kind>archive</kind>
         <file>rts2800_ml.lib</file>
         <name>args_main.obj</name>
      </input_file>
   </input_file_list>
   <object_component_list>
      <object_component id="oc-8c">
         <name>PieVectTableFile</name>
         <uninitialized>true</uninitialized>
         <run_address>0xd00</run_address>
         <size>0x100</size>
         <input_file_ref idref="fl-c"/>
      </object_component>
      <object_component id="oc-6c">
         <name>EmuKeyVar</name>
         <uninitialized>true</uninitialized>
         <run_address>0xd00</run_address>
         <size>0x1</size>
         <input_file_ref idref="fl-c"/>
      </object_component>
      <object_component id="oc-6e">
         <name>EmuBModeVar</name>
         <uninitialized>true</uninitialized>
         <run_address>0xd01</run_address>
         <size>0x1</size>
         <input_file_ref idref="fl-c"/>
      </object_component>
      <object_component id="oc-70">
         <name>FlashCallbackVar</name>
         <uninitialized>true</uninitialized>
         <run_address>0xd02</run_address>
         <size>0x2</size>
         <input_file_ref idref="fl-c"/>
      </object_component>
      <object_component id="oc-6f">
         <name>FlashScalingVar</name>
         <uninitialized>true</uninitialized>
         <run_address>0xd04</run_address>
         <size>0x2</size>
         <input_file_ref idref="fl-c"/>
      </object_component>
      <object_component id="oc-72">
         <name>DevEmuRegsFile</name>
         <uninitialized>true</uninitialized>
         <run_address>0x880</run_address>
         <size>0x4</size>
         <input_file_ref idref="fl-c"/>
      </object_component>
      <object_component id="oc-71">
         <name>SysPwrCtrlRegsFile</name>
         <uninitialized>true</uninitialized>
         <run_address>0x985</run_address>
         <size>0x3</size>
         <input_file_ref idref="fl-c"/>
      </object_component>
      <object_component id="oc-73">
         <name>FlashRegsFile</name>
         <uninitialized>true</uninitialized>
         <run_address>0xa80</run_address>
         <size>0x8</size>
         <input_file_ref idref="fl-c"/>
      </object_component>
      <object_component id="oc-7c">
         <name>CsmRegsFile</name>
         <uninitialized>true</uninitialized>
         <run_address>0xae0</run_address>
         <size>0x10</size>
         <input_file_ref idref="fl-c"/>
      </object_component>
      <object_component id="oc-84">
         <name>AdcResultFile</name>
         <uninitialized>true</uninitialized>
         <run_address>0xb00</run_address>
         <size>0x20</size>
         <input_file_ref idref="fl-c"/>
      </object_component>
      <object_component id="oc-74">
         <name>CpuTimer0RegsFile</name>
         <uninitialized>true</uninitialized>
         <run_address>0xc00</run_address>
         <size>0x8</size>
         <input_file_ref idref="fl-c"/>
      </object_component>
      <object_component id="oc-75">
         <name>CpuTimer1RegsFile</name>
         <uninitialized>true</uninitialized>
         <run_address>0xc08</run_address>
         <size>0x8</size>
         <input_file_ref idref="fl-c"/>
      </object_component>
      <object_component id="oc-76">
         <name>CpuTimer2RegsFile</name>
         <uninitialized>true</uninitialized>
         <run_address>0xc10</run_address>
         <size>0x8</size>
         <input_file_ref idref="fl-c"/>
      </object_component>
      <object_component id="oc-80">
         <name>PieCtrlRegsFile</name>
         <uninitialized>true</uninitialized>
         <run_address>0xce0</run_address>
         <size>0x1a</size>
         <input_file_ref idref="fl-c"/>
      </object_component>
      <object_component id="oc-83">
         <name>ECap1RegsFile</name>
         <uninitialized>true</uninitialized>
         <run_address>0x6a00</run_address>
         <size>0x20</size>
         <input_file_ref idref="fl-c"/>
      </object_component>
      <object_component id="oc-8a">
         <name>GpioCtrlRegsFile</name>
         <uninitialized>true</uninitialized>
         <run_address>0x6f80</run_address>
         <size>0x40</size>
         <input_file_ref idref="fl-c"/>
      </object_component>
      <object_component id="oc-82">
         <name>GpioDataRegsFile</name>
         <uninitialized>true</uninitialized>
         <run_address>0x6fc0</run_address>
         <size>0x20</size>
         <input_file_ref idref="fl-c"/>
      </object_component>
      <object_component id="oc-78">
         <name>GpioIntRegsFile</name>
         <uninitialized>true</uninitialized>
         <run_address>0x6fe0</run_address>
         <size>0xa</size>
         <input_file_ref idref="fl-c"/>
      </object_component>
      <object_component id="oc-81">
         <name>SysCtrlRegsFile</name>
         <uninitialized>true</uninitialized>
         <run_address>0x7010</run_address>
         <size>0x1f</size>
         <input_file_ref idref="fl-c"/>
      </object_component>
      <object_component id="oc-79">
         <name>SpiaRegsFile</name>
         <uninitialized>true</uninitialized>
         <run_address>0x7040</run_address>
         <size>0x10</size>
         <input_file_ref idref="fl-c"/>
      </object_component>
      <object_component id="oc-7a">
         <name>SciaRegsFile</name>
         <uninitialized>true</uninitialized>
         <run_address>0x7050</run_address>
         <size>0x10</size>
         <input_file_ref idref="fl-c"/>
      </object_component>
      <object_component id="oc-7b">
         <name>NmiIntruptRegsFile</name>
         <uninitialized>true</uninitialized>
         <run_address>0x7060</run_address>
         <size>0x10</size>
         <input_file_ref idref="fl-c"/>
      </object_component>
      <object_component id="oc-7d">
         <name>XIntruptRegsFile</name>
         <uninitialized>true</uninitialized>
         <run_address>0x7070</run_address>
         <size>0x10</size>
         <input_file_ref idref="fl-c"/>
      </object_component>
      <object_component id="oc-8b">
         <name>AdcRegsFile</name>
         <uninitialized>true</uninitialized>
         <run_address>0x7100</run_address>
         <size>0x51</size>
         <input_file_ref idref="fl-c"/>
      </object_component>
      <object_component id="oc-85">
         <name>I2caRegsFile</name>
         <uninitialized>true</uninitialized>
         <run_address>0x7900</run_address>
         <size>0x22</size>
         <input_file_ref idref="fl-c"/>
      </object_component>
      <object_component id="oc-7f">
         <name>Comp1RegsFile</name>
         <uninitialized>true</uninitialized>
         <run_address>0x6400</run_address>
         <size>0x11</size>
         <input_file_ref idref="fl-c"/>
      </object_component>
      <object_component id="oc-7e">
         <name>Comp2RegsFile</name>
         <uninitialized>true</uninitialized>
         <run_address>0x6420</run_address>
         <size>0x11</size>
         <input_file_ref idref="fl-c"/>
      </object_component>
      <object_component id="oc-89">
         <name>EPwm1RegsFile</name>
         <uninitialized>true</uninitialized>
         <run_address>0x6800</run_address>
         <size>0x40</size>
         <input_file_ref idref="fl-c"/>
      </object_component>
      <object_component id="oc-87">
         <name>EPwm2RegsFile</name>
         <uninitialized>true</uninitialized>
         <run_address>0x6840</run_address>
         <size>0x40</size>
         <input_file_ref idref="fl-c"/>
      </object_component>
      <object_component id="oc-86">
         <name>EPwm3RegsFile</name>
         <uninitialized>true</uninitialized>
         <run_address>0x6880</run_address>
         <size>0x40</size>
         <input_file_ref idref="fl-c"/>
      </object_component>
      <object_component id="oc-88">
         <name>EPwm4RegsFile</name>
         <uninitialized>true</uninitialized>
         <run_address>0x68c0</run_address>
         <size>0x40</size>
         <input_file_ref idref="fl-c"/>
      </object_component>
      <object_component id="oc-77">
         <name>CsmPwlFile</name>
         <uninitialized>true</uninitialized>
         <run_address>0x3f7ff8</run_address>
         <size>0x8</size>
         <input_file_ref idref="fl-c"/>
      </object_component>
      <object_component id="oc-6d">
         <name>PartIdRegsFile</name>
         <uninitialized>true</uninitialized>
         <run_address>0x3d7fff</run_address>
         <size>0x1</size>
         <input_file_ref idref="fl-c"/>
      </object_component>
      <object_component id="oc-114">
         <name>.cinit</name>
         <load_address>0x3f748a</load_address>
         <run_address>0x3f748a</run_address>
         <size>0xe</size>
         <input_file_ref idref="fl-3c"/>
      </object_component>
      <object_component id="oc-172">
         <name>.cinit:__lock</name>
         <load_address>0x3f7498</load_address>
         <run_address>0x3f7498</run_address>
         <size>0x5</size>
         <input_file_ref idref="fl-4b"/>
      </object_component>
      <object_component id="oc-17e">
         <name>.cinit:__unlock</name>
         <load_address>0x3f749d</load_address>
         <run_address>0x3f749d</run_address>
         <size>0x5</size>
         <input_file_ref idref="fl-4b"/>
      </object_component>
      <object_component id="oc-ff">
         <name>.cinit</name>
         <load_address>0x3f74a2</load_address>
         <run_address>0x3f74a2</run_address>
         <size>0x4</size>
         <input_file_ref idref="fl-33"/>
      </object_component>
      <object_component id="oc-16c">
         <name>.text</name>
         <load_address>0x3f6151</load_address>
         <run_address>0x3f6151</run_address>
         <size>0x1</size>
         <input_file_ref idref="fl-47"/>
      </object_component>
      <object_component id="oc-17c">
         <name>.text</name>
         <load_address>0x3f6429</load_address>
         <run_address>0x3f6429</run_address>
         <size>0x35d</size>
         <input_file_ref idref="fl-1e"/>
      </object_component>
      <object_component id="oc-180">
         <name>.text</name>
         <load_address>0x3f6786</load_address>
         <run_address>0x3f6786</run_address>
         <size>0x200</size>
         <input_file_ref idref="fl-2"/>
      </object_component>
      <object_component id="oc-fd">
         <name>.text</name>
         <load_address>0x3f6986</load_address>
         <run_address>0x3f6986</run_address>
         <size>0x148</size>
         <input_file_ref idref="fl-33"/>
      </object_component>
      <object_component id="oc-17a">
         <name>.text</name>
         <load_address>0x3f6ace</load_address>
         <run_address>0x3f6ace</run_address>
         <size>0x140</size>
         <input_file_ref idref="fl-b"/>
      </object_component>
      <object_component id="oc-173">
         <name>.text</name>
         <load_address>0x3f6c0e</load_address>
         <run_address>0x3f6c0e</run_address>
         <size>0x130</size>
         <input_file_ref idref="fl-15"/>
      </object_component>
      <object_component id="oc-57">
         <name>.text:retain</name>
         <load_address>0x3f6d3e</load_address>
         <run_address>0x3f6d3e</run_address>
         <size>0xff</size>
         <input_file_ref idref="fl-8"/>
      </object_component>
      <object_component id="oc-170">
         <name>.text</name>
         <load_address>0x3f6e3d</load_address>
         <run_address>0x3f6e3d</run_address>
         <size>0xdb</size>
         <input_file_ref idref="fl-18"/>
      </object_component>
      <object_component id="oc-17b">
         <name>.text</name>
         <load_address>0x3f6f18</load_address>
         <run_address>0x3f6f18</run_address>
         <size>0xb5</size>
         <input_file_ref idref="fl-19"/>
      </object_component>
      <object_component id="oc-11a">
         <name>.text</name>
         <load_address>0x3f6fcd</load_address>
         <run_address>0x3f6fcd</run_address>
         <size>0x83</size>
         <input_file_ref idref="fl-3d"/>
      </object_component>
      <object_component id="oc-129">
         <name>.text</name>
         <load_address>0x3f7050</load_address>
         <run_address>0x3f7050</run_address>
         <size>0x83</size>
         <input_file_ref idref="fl-40"/>
      </object_component>
      <object_component id="oc-124">
         <name>.text</name>
         <load_address>0x3f70d3</load_address>
         <run_address>0x3f70d3</run_address>
         <size>0x78</size>
         <input_file_ref idref="fl-3f"/>
      </object_component>
      <object_component id="oc-178">
         <name>.text</name>
         <load_address>0x3f714b</load_address>
         <run_address>0x3f714b</run_address>
         <size>0x76</size>
         <input_file_ref idref="fl-1b"/>
      </object_component>
      <object_component id="oc-12e">
         <name>.text</name>
         <load_address>0x3f71c1</load_address>
         <run_address>0x3f71c1</run_address>
         <size>0x5a</size>
         <input_file_ref idref="fl-41"/>
      </object_component>
      <object_component id="oc-38">
         <name>.text</name>
         <load_address>0x3f721b</load_address>
         <run_address>0x3f721b</run_address>
         <size>0x54</size>
         <input_file_ref idref="fl-39"/>
      </object_component>
      <object_component id="oc-16b">
         <name>.text</name>
         <load_address>0x3f726f</load_address>
         <run_address>0x3f726f</run_address>
         <size>0x46</size>
         <input_file_ref idref="fl-3a"/>
      </object_component>
      <object_component id="oc-16e">
         <name>.text</name>
         <load_address>0x3f72b5</load_address>
         <run_address>0x3f72b5</run_address>
         <size>0x29</size>
         <input_file_ref idref="fl-3c"/>
      </object_component>
      <object_component id="oc-138">
         <name>.text</name>
         <load_address>0x3f72de</load_address>
         <run_address>0x3f72de</run_address>
         <size>0x29</size>
         <input_file_ref idref="fl-43"/>
      </object_component>
      <object_component id="oc-176">
         <name>.text</name>
         <load_address>0x3f7307</load_address>
         <run_address>0x3f7307</run_address>
         <size>0x28</size>
         <input_file_ref idref="fl-11"/>
      </object_component>
      <object_component id="oc-177">
         <name>.text</name>
         <load_address>0x3f732f</load_address>
         <run_address>0x3f732f</run_address>
         <size>0x26</size>
         <input_file_ref idref="fl-12"/>
      </object_component>
      <object_component id="oc-133">
         <name>.text</name>
         <load_address>0x3f7355</load_address>
         <run_address>0x3f7355</run_address>
         <size>0x25</size>
         <input_file_ref idref="fl-42"/>
      </object_component>
      <object_component id="oc-11f">
         <name>.text</name>
         <load_address>0x3f737a</load_address>
         <run_address>0x3f737a</run_address>
         <size>0x1f</size>
         <input_file_ref idref="fl-3e"/>
      </object_component>
      <object_component id="oc-179">
         <name>.text</name>
         <load_address>0x3f7399</load_address>
         <run_address>0x3f7399</run_address>
         <size>0x1d</size>
         <input_file_ref idref="fl-d"/>
      </object_component>
      <object_component id="oc-13d">
         <name>.text</name>
         <load_address>0x3f73b6</load_address>
         <run_address>0x3f73b6</run_address>
         <size>0x1d</size>
         <input_file_ref idref="fl-44"/>
      </object_component>
      <object_component id="oc-174">
         <name>.text</name>
         <load_address>0x3f73d3</load_address>
         <run_address>0x3f73d3</run_address>
         <size>0x1d</size>
         <input_file_ref idref="fl-45"/>
      </object_component>
      <object_component id="oc-10e">
         <name>.text</name>
         <load_address>0x3f73f0</load_address>
         <run_address>0x3f73f0</run_address>
         <size>0x1a</size>
         <input_file_ref idref="fl-3b"/>
      </object_component>
      <object_component id="oc-16d">
         <name>.text</name>
         <load_address>0x3f740a</load_address>
         <run_address>0x3f740a</run_address>
         <size>0x19</size>
         <input_file_ref idref="fl-4c"/>
      </object_component>
      <object_component id="oc-181">
         <name>.text</name>
         <load_address>0x3f7423</load_address>
         <run_address>0x3f7423</run_address>
         <size>0x18</size>
         <input_file_ref idref="fl-13"/>
      </object_component>
      <object_component id="oc-156">
         <name>.text</name>
         <load_address>0x3f743b</load_address>
         <run_address>0x3f743b</run_address>
         <size>0x17</size>
         <input_file_ref idref="fl-49"/>
      </object_component>
      <object_component id="oc-15b">
         <name>.text</name>
         <load_address>0x3f7452</load_address>
         <run_address>0x3f7452</run_address>
         <size>0x10</size>
         <input_file_ref idref="fl-4a"/>
      </object_component>
      <object_component id="oc-151">
         <name>.text</name>
         <load_address>0x3f7462</load_address>
         <run_address>0x3f7462</run_address>
         <size>0xb</size>
         <input_file_ref idref="fl-48"/>
      </object_component>
      <object_component id="oc-17d">
         <name>.text</name>
         <load_address>0x3f746d</load_address>
         <run_address>0x3f746d</run_address>
         <size>0x9</size>
         <input_file_ref idref="fl-4b"/>
      </object_component>
      <object_component id="oc-40">
         <name>.text</name>
         <load_address>0x3f7476</load_address>
         <run_address>0x3f7476</run_address>
         <size>0x8</size>
         <input_file_ref idref="fl-4"/>
      </object_component>
      <object_component id="oc-5c">
         <name>.text</name>
         <load_address>0x3f747e</load_address>
         <run_address>0x3f747e</run_address>
         <size>0x7</size>
         <input_file_ref idref="fl-9"/>
      </object_component>
      <object_component id="oc-51">
         <name>.text</name>
         <load_address>0x3f7485</load_address>
         <run_address>0x3f7485</run_address>
         <size>0x3</size>
         <input_file_ref idref="fl-7"/>
      </object_component>
      <object_component id="oc-16a">
         <name>.text</name>
         <load_address>0x3f7488</load_address>
         <run_address>0x3f7488</run_address>
         <size>0x2</size>
         <input_file_ref idref="fl-46"/>
      </object_component>
      <object_component id="oc-41">
         <name>codestart</name>
         <load_address>0x3f7ff6</load_address>
         <run_address>0x3f7ff6</run_address>
         <size>0x2</size>
         <input_file_ref idref="fl-4"/>
      </object_component>
      <object_component id="oc-ce">
         <name>ramfuncs:retain</name>
         <load_address>0x3f6000</load_address>
         <run_address>0x8000</run_address>
         <size>0xfc</size>
         <input_file_ref idref="fl-19"/>
      </object_component>
      <object_component id="oc-16f">
         <name>ramfuncs</name>
         <load_address>0x3f60fc</load_address>
         <run_address>0x80fc</run_address>
         <size>0x26</size>
         <input_file_ref idref="fl-1a"/>
      </object_component>
      <object_component id="oc-175">
         <name>ramfuncs</name>
         <load_address>0x3f6122</load_address>
         <run_address>0x8122</run_address>
         <size>0x1b</size>
         <input_file_ref idref="fl-15"/>
      </object_component>
      <object_component id="oc-c7">
         <name>ramfuncs:retain</name>
         <load_address>0x3f613d</load_address>
         <run_address>0x813d</run_address>
         <size>0x10</size>
         <input_file_ref idref="fl-18"/>
      </object_component>
      <object_component id="oc-c0">
         <name>ramfuncs</name>
         <load_address>0x3f614d</load_address>
         <run_address>0x814d</run_address>
         <size>0x4</size>
         <input_file_ref idref="fl-17"/>
      </object_component>
      <object_component id="oc-3e">
         <name>csmpasswds</name>
         <load_address>0x3f7ff8</load_address>
         <run_address>0x3f7ff8</run_address>
         <size>0x8</size>
         <input_file_ref idref="fl-3"/>
      </object_component>
      <object_component id="oc-3f">
         <name>csm_rsvd</name>
         <load_address>0x3f7f80</load_address>
         <run_address>0x3f7f80</run_address>
         <size>0x76</size>
         <input_file_ref idref="fl-3"/>
      </object_component>
      <object_component id="oc-103">
         <name>.stack</name>
         <uninitialized>true</uninitialized>
         <run_address>0x50</run_address>
         <size>0x0</size>
         <input_file_ref idref="fl-39"/>
      </object_component>
      <object_component id="oc-1c3">
         <name>.stack</name>
         <uninitialized>true</uninitialized>
         <run_address>0x50</run_address>
         <size>0x0</size>
      </object_component>
      <object_component id="oc-4c">
         <name>.ebss</name>
         <uninitialized>true</uninitialized>
         <run_address>0x88c0</run_address>
         <size>0x18</size>
         <input_file_ref idref="fl-6"/>
      </object_component>
      <object_component id="oc-c6">
         <name>.ebss</name>
         <uninitialized>true</uninitialized>
         <run_address>0x8800</run_address>
         <size>0xb4</size>
         <input_file_ref idref="fl-18"/>
      </object_component>
      <object_component id="oc-100">
         <name>.ebss</name>
         <uninitialized>true</uninitialized>
         <run_address>0x88b4</run_address>
         <size>0xb</size>
         <input_file_ref idref="fl-33"/>
      </object_component>
      <object_component id="oc-115">
         <name>.ebss</name>
         <uninitialized>true</uninitialized>
         <run_address>0x88d8</run_address>
         <size>0x6</size>
         <input_file_ref idref="fl-3c"/>
      </object_component>
      <object_component id="oc-182">
         <name>.ebss:__unlock</name>
         <uninitialized>true</uninitialized>
         <run_address>0x88e0</run_address>
         <size>0x2</size>
         <input_file_ref idref="fl-4b"/>
      </object_component>
      <object_component id="oc-171">
         <name>.ebss:__lock</name>
         <uninitialized>true</uninitialized>
         <run_address>0x88de</run_address>
         <size>0x2</size>
         <input_file_ref idref="fl-4b"/>
      </object_component>
      <object_component id="oc-17f">
         <name>.econst:_PieVectTableInit</name>
         <load_address>0x3f6152</load_address>
         <run_address>0x3f6152</run_address>
         <size>0x100</size>
         <input_file_ref idref="fl-12"/>
      </object_component>
      <object_component id="oc-e7">
         <name>.econst:.string</name>
         <load_address>0x3f6252</load_address>
         <run_address>0x3f6252</run_address>
         <size>0x99</size>
         <input_file_ref idref="fl-1e"/>
      </object_component>
      <object_component id="oc-e6">
         <name>.econst</name>
         <load_address>0x3f62ec</load_address>
         <run_address>0x3f62ec</run_address>
         <size>0x10</size>
         <input_file_ref idref="fl-1e"/>
      </object_component>
      <object_component id="oc-c8">
         <name>.econst</name>
         <load_address>0x3f62fc</load_address>
         <run_address>0x3f62fc</run_address>
         <size>0x4</size>
         <input_file_ref idref="fl-18"/>
      </object_component>
      <object_component id="oc-de">
         <name>.econst</name>
         <load_address>0x3f6300</load_address>
         <run_address>0x3f6300</run_address>
         <size>0x4</size>
         <input_file_ref idref="fl-1c"/>
      </object_component>
      <object_component id="oc-f1">
         <name>IQmath</name>
         <load_address>0x3f6304</load_address>
         <run_address>0x3f6304</run_address>
         <size>0x47</size>
         <input_file_ref idref="fl-27"/>
      </object_component>
      <object_component id="oc-f4">
         <name>IQmath</name>
         <load_address>0x3f634b</load_address>
         <run_address>0x3f634b</run_address>
         <size>0x47</size>
         <input_file_ref idref="fl-2a"/>
      </object_component>
      <object_component id="oc-f7">
         <name>IQmath</name>
         <load_address>0x3f6392</load_address>
         <run_address>0x3f6392</run_address>
         <size>0x47</size>
         <input_file_ref idref="fl-2d"/>
      </object_component>
      <object_component id="oc-f2">
         <name>IQmath</name>
         <load_address>0x3f63d9</load_address>
         <run_address>0x3f63d9</run_address>
         <size>0xb</size>
         <input_file_ref idref="fl-28"/>
      </object_component>
      <object_component id="oc-f5">
         <name>IQmath</name>
         <load_address>0x3f63e4</load_address>
         <run_address>0x3f63e4</run_address>
         <size>0xb</size>
         <input_file_ref idref="fl-2b"/>
      </object_component>
      <object_component id="oc-f8">
         <name>IQmath</name>
         <load_address>0x3f63ef</load_address>
         <run_address>0x3f63ef</run_address>
         <size>0xb</size>
         <input_file_ref idref="fl-2e"/>
      </object_component>
      <object_component id="oc-fa">
         <name>IQmath</name>
         <load_address>0x3f63fa</load_address>
         <run_address>0x3f63fa</run_address>
         <size>0xb</size>
         <input_file_ref idref="fl-30"/>
      </object_component>
      <object_component id="oc-f3">
         <name>IQmath</name>
         <load_address>0x3f6405</load_address>
         <run_address>0x3f6405</run_address>
         <size>0x9</size>
         <input_file_ref idref="fl-29"/>
      </object_component>
      <object_component id="oc-f6">
         <name>IQmath</name>
         <load_address>0x3f640e</load_address>
         <run_address>0x3f640e</run_address>
         <size>0x9</size>
         <input_file_ref idref="fl-2c"/>
      </object_component>
      <object_component id="oc-f9">
         <name>IQmath</name>
         <load_address>0x3f6417</load_address>
         <run_address>0x3f6417</run_address>
         <size>0x9</size>
         <input_file_ref idref="fl-2f"/>
      </object_component>
      <object_component id="oc-fb">
         <name>IQmath</name>
         <load_address>0x3f6420</load_address>
         <run_address>0x3f6420</run_address>
         <size>0x9</size>
         <input_file_ref idref="fl-31"/>
      </object_component>
      <object_component id="oc-fc">
         <name>IQmathTables</name>
         <load_address>0x3fe000</load_address>
         <run_address>0x3fe000</run_address>
         <size>0xb50</size>
         <input_file_ref idref="fl-32"/>
      </object_component>
      <object_component id="oc-104">
         <name>.reset</name>
         <load_address>0x3fffc0</load_address>
         <run_address>0x3fffc0</run_address>
         <size>0x2</size>
         <input_file_ref idref="fl-39"/>
      </object_component>
      <object_component id="oc-39">
         <name>.debug_info</name>
         <load_address>0x0</load_address>
         <run_address>0x0</run_address>
         <size>0x400d</size>
         <input_file_ref idref="fl-2"/>
      </object_component>
      <object_component id="oc-42">
         <name>.debug_info</name>
         <load_address>0x400d</load_address>
         <run_address>0x400d</run_address>
         <size>0x14b</size>
         <input_file_ref idref="fl-4"/>
      </object_component>
      <object_component id="oc-46">
         <name>.debug_info</name>
         <load_address>0x4158</load_address>
         <run_address>0x4158</run_address>
         <size>0x1385</size>
         <input_file_ref idref="fl-5"/>
      </object_component>
      <object_component id="oc-4b">
         <name>.debug_info</name>
         <load_address>0x54dd</load_address>
         <run_address>0x54dd</run_address>
         <size>0x7a3</size>
         <input_file_ref idref="fl-6"/>
      </object_component>
      <object_component id="oc-52">
         <name>.debug_info</name>
         <load_address>0x5c80</load_address>
         <run_address>0x5c80</run_address>
         <size>0x108</size>
         <input_file_ref idref="fl-7"/>
      </object_component>
      <object_component id="oc-56">
         <name>.debug_info</name>
         <load_address>0x5d88</load_address>
         <run_address>0x5d88</run_address>
         <size>0x191a</size>
         <input_file_ref idref="fl-8"/>
      </object_component>
      <object_component id="oc-5d">
         <name>.debug_info</name>
         <load_address>0x76a2</load_address>
         <run_address>0x76a2</run_address>
         <size>0x10e</size>
         <input_file_ref idref="fl-9"/>
      </object_component>
      <object_component id="oc-61">
         <name>.debug_info</name>
         <load_address>0x77b0</load_address>
         <run_address>0x77b0</run_address>
         <size>0x1385</size>
         <input_file_ref idref="fl-a"/>
      </object_component>
      <object_component id="oc-66">
         <name>.debug_info</name>
         <load_address>0x8b35</load_address>
         <run_address>0x8b35</run_address>
         <size>0x38fe</size>
         <input_file_ref idref="fl-b"/>
      </object_component>
      <object_component id="oc-6b">
         <name>.debug_info</name>
         <load_address>0xc433</load_address>
         <run_address>0xc433</run_address>
         <size>0xb040</size>
         <input_file_ref idref="fl-c"/>
      </object_component>
      <object_component id="oc-8e">
         <name>.debug_info</name>
         <load_address>0x17473</load_address>
         <run_address>0x17473</run_address>
         <size>0x15e8</size>
         <input_file_ref idref="fl-d"/>
      </object_component>
      <object_component id="oc-93">
         <name>.debug_info</name>
         <load_address>0x18a5b</load_address>
         <run_address>0x18a5b</run_address>
         <size>0x1384</size>
         <input_file_ref idref="fl-e"/>
      </object_component>
      <object_component id="oc-98">
         <name>.debug_info</name>
         <load_address>0x19ddf</load_address>
         <run_address>0x19ddf</run_address>
         <size>0x2d2</size>
         <input_file_ref idref="fl-f"/>
      </object_component>
      <object_component id="oc-9d">
         <name>.debug_info</name>
         <load_address>0x1a0b1</load_address>
         <run_address>0x1a0b1</run_address>
         <size>0x10ee</size>
         <input_file_ref idref="fl-10"/>
      </object_component>
      <object_component id="oc-a2">
         <name>.debug_info</name>
         <load_address>0x1b19f</load_address>
         <run_address>0x1b19f</run_address>
         <size>0xad3</size>
         <input_file_ref idref="fl-11"/>
      </object_component>
      <object_component id="oc-a7">
         <name>.debug_info</name>
         <load_address>0x1bc72</load_address>
         <run_address>0x1bc72</run_address>
         <size>0x1ead</size>
         <input_file_ref idref="fl-12"/>
      </object_component>
      <object_component id="oc-ac">
         <name>.debug_info</name>
         <load_address>0x1db1f</load_address>
         <run_address>0x1db1f</run_address>
         <size>0x14d3</size>
         <input_file_ref idref="fl-13"/>
      </object_component>
      <object_component id="oc-b1">
         <name>.debug_info</name>
         <load_address>0x1eff2</load_address>
         <run_address>0x1eff2</run_address>
         <size>0x1384</size>
         <input_file_ref idref="fl-14"/>
      </object_component>
      <object_component id="oc-b6">
         <name>.debug_info</name>
         <load_address>0x20376</load_address>
         <run_address>0x20376</run_address>
         <size>0x2fb7</size>
         <input_file_ref idref="fl-15"/>
      </object_component>
      <object_component id="oc-bb">
         <name>.debug_info</name>
         <load_address>0x2332d</load_address>
         <run_address>0x2332d</run_address>
         <size>0x2de</size>
         <input_file_ref idref="fl-16"/>
      </object_component>
      <object_component id="oc-c1">
         <name>.debug_info</name>
         <load_address>0x2360b</load_address>
         <run_address>0x2360b</run_address>
         <size>0x10a</size>
         <input_file_ref idref="fl-17"/>
      </object_component>
      <object_component id="oc-c5">
         <name>.debug_info</name>
         <load_address>0x23715</load_address>
         <run_address>0x23715</run_address>
         <size>0x52f7</size>
         <input_file_ref idref="fl-18"/>
      </object_component>
      <object_component id="oc-cd">
         <name>.debug_info</name>
         <load_address>0x28a0c</load_address>
         <run_address>0x28a0c</run_address>
         <size>0x296b</size>
         <input_file_ref idref="fl-19"/>
      </object_component>
      <object_component id="oc-d3">
         <name>.debug_info</name>
         <load_address>0x2b377</load_address>
         <run_address>0x2b377</run_address>
         <size>0x3a6</size>
         <input_file_ref idref="fl-1a"/>
      </object_component>
      <object_component id="oc-d8">
         <name>.debug_info</name>
         <load_address>0x2b71d</load_address>
         <run_address>0x2b71d</run_address>
         <size>0x764</size>
         <input_file_ref idref="fl-1b"/>
      </object_component>
      <object_component id="oc-dd">
         <name>.debug_info</name>
         <load_address>0x2be81</load_address>
         <run_address>0x2be81</run_address>
         <size>0x23ff</size>
         <input_file_ref idref="fl-1c"/>
      </object_component>
      <object_component id="oc-e3">
         <name>.debug_info</name>
         <load_address>0x2e280</load_address>
         <run_address>0x2e280</run_address>
         <size>0x194</size>
         <input_file_ref idref="fl-1d"/>
      </object_component>
      <object_component id="oc-e5">
         <name>.debug_info</name>
         <load_address>0x2e414</load_address>
         <run_address>0x2e414</run_address>
         <size>0x19e3</size>
         <input_file_ref idref="fl-1e"/>
      </object_component>
      <object_component id="oc-ec">
         <name>.debug_info</name>
         <load_address>0x2fdf7</load_address>
         <run_address>0x2fdf7</run_address>
         <size>0x2c0</size>
         <input_file_ref idref="fl-1f"/>
      </object_component>
      <object_component id="oc-fe">
         <name>.debug_info</name>
         <load_address>0x300b7</load_address>
         <run_address>0x300b7</run_address>
         <size>0x1bbe</size>
         <input_file_ref idref="fl-33"/>
      </object_component>
      <object_component id="oc-105">
         <name>.debug_info</name>
         <load_address>0x31c75</load_address>
         <run_address>0x31c75</run_address>
         <size>0x187</size>
         <input_file_ref idref="fl-39"/>
      </object_component>
      <object_component id="oc-109">
         <name>.debug_info</name>
         <load_address>0x31dfc</load_address>
         <run_address>0x31dfc</run_address>
         <size>0x591</size>
         <input_file_ref idref="fl-3a"/>
      </object_component>
      <object_component id="oc-10f">
         <name>.debug_info</name>
         <load_address>0x3238d</load_address>
         <run_address>0x3238d</run_address>
         <size>0x12e</size>
         <input_file_ref idref="fl-3b"/>
      </object_component>
      <object_component id="oc-113">
         <name>.debug_info</name>
         <load_address>0x324bb</load_address>
         <run_address>0x324bb</run_address>
         <size>0x515</size>
         <input_file_ref idref="fl-3c"/>
      </object_component>
      <object_component id="oc-11b">
         <name>.debug_info</name>
         <load_address>0x329d0</load_address>
         <run_address>0x329d0</run_address>
         <size>0x128</size>
         <input_file_ref idref="fl-3d"/>
      </object_component>
      <object_component id="oc-120">
         <name>.debug_info</name>
         <load_address>0x32af8</load_address>
         <run_address>0x32af8</run_address>
         <size>0x128</size>
         <input_file_ref idref="fl-3e"/>
      </object_component>
      <object_component id="oc-125">
         <name>.debug_info</name>
         <load_address>0x32c20</load_address>
         <run_address>0x32c20</run_address>
         <size>0x128</size>
         <input_file_ref idref="fl-3f"/>
      </object_component>
      <object_component id="oc-12a">
         <name>.debug_info</name>
         <load_address>0x32d48</load_address>
         <run_address>0x32d48</run_address>
         <size>0x128</size>
         <input_file_ref idref="fl-40"/>
      </object_component>
      <object_component id="oc-12f">
         <name>.debug_info</name>
         <load_address>0x32e70</load_address>
         <run_address>0x32e70</run_address>
         <size>0x128</size>
         <input_file_ref idref="fl-41"/>
      </object_component>
      <object_component id="oc-134">
         <name>.debug_info</name>
         <load_address>0x32f98</load_address>
         <run_address>0x32f98</run_address>
         <size>0x134</size>
         <input_file_ref idref="fl-42"/>
      </object_component>
      <object_component id="oc-139">
         <name>.debug_info</name>
         <load_address>0x330cc</load_address>
         <run_address>0x330cc</run_address>
         <size>0x134</size>
         <input_file_ref idref="fl-43"/>
      </object_component>
      <object_component id="oc-13e">
         <name>.debug_info</name>
         <load_address>0x33200</load_address>
         <run_address>0x33200</run_address>
         <size>0x12c</size>
         <input_file_ref idref="fl-44"/>
      </object_component>
      <object_component id="oc-142">
         <name>.debug_info</name>
         <load_address>0x3332c</load_address>
         <run_address>0x3332c</run_address>
         <size>0x3d9</size>
         <input_file_ref idref="fl-45"/>
      </object_component>
      <object_component id="oc-147">
         <name>.debug_info</name>
         <load_address>0x33705</load_address>
         <run_address>0x33705</run_address>
         <size>0x34c</size>
         <input_file_ref idref="fl-46"/>
      </object_component>
      <object_component id="oc-14c">
         <name>.debug_info</name>
         <load_address>0x33a51</load_address>
         <run_address>0x33a51</run_address>
         <size>0x349</size>
         <input_file_ref idref="fl-47"/>
      </object_component>
      <object_component id="oc-152">
         <name>.debug_info</name>
         <load_address>0x33d9a</load_address>
         <run_address>0x33d9a</run_address>
         <size>0x155</size>
         <input_file_ref idref="fl-48"/>
      </object_component>
      <object_component id="oc-157">
         <name>.debug_info</name>
         <load_address>0x33eef</load_address>
         <run_address>0x33eef</run_address>
         <size>0x12c</size>
         <input_file_ref idref="fl-49"/>
      </object_component>
      <object_component id="oc-15c">
         <name>.debug_info</name>
         <load_address>0x3401b</load_address>
         <run_address>0x3401b</run_address>
         <size>0x12c</size>
         <input_file_ref idref="fl-4a"/>
      </object_component>
      <object_component id="oc-160">
         <name>.debug_info</name>
         <load_address>0x34147</load_address>
         <run_address>0x34147</run_address>
         <size>0x46b</size>
         <input_file_ref idref="fl-4b"/>
      </object_component>
      <object_component id="oc-165">
         <name>.debug_info</name>
         <load_address>0x345b2</load_address>
         <run_address>0x345b2</run_address>
         <size>0x438</size>
         <input_file_ref idref="fl-4c"/>
      </object_component>
      <object_component id="oc-1c6">
         <name>.debug_info</name>
         <load_address>0x349ea</load_address>
         <run_address>0x349ea</run_address>
         <size>0xaf</size>
      </object_component>
      <object_component id="oc-3a">
         <name>.debug_frame</name>
         <load_address>0x0</load_address>
         <run_address>0x0</run_address>
         <size>0xe0</size>
         <input_file_ref idref="fl-2"/>
      </object_component>
      <object_component id="oc-47">
         <name>.debug_frame</name>
         <load_address>0xe0</load_address>
         <run_address>0xe0</run_address>
         <size>0x62</size>
         <input_file_ref idref="fl-5"/>
      </object_component>
      <object_component id="oc-4d">
         <name>.debug_frame</name>
         <load_address>0x142</load_address>
         <run_address>0x142</run_address>
         <size>0x62</size>
         <input_file_ref idref="fl-6"/>
      </object_component>
      <object_component id="oc-58">
         <name>.debug_frame</name>
         <load_address>0x1a4</load_address>
         <run_address>0x1a4</run_address>
         <size>0x491</size>
         <input_file_ref idref="fl-8"/>
      </object_component>
      <object_component id="oc-62">
         <name>.debug_frame</name>
         <load_address>0x635</load_address>
         <run_address>0x635</run_address>
         <size>0x62</size>
         <input_file_ref idref="fl-a"/>
      </object_component>
      <object_component id="oc-67">
         <name>.debug_frame</name>
         <load_address>0x697</load_address>
         <run_address>0x697</run_address>
         <size>0x15c</size>
         <input_file_ref idref="fl-b"/>
      </object_component>
      <object_component id="oc-8f">
         <name>.debug_frame</name>
         <load_address>0x7f3</load_address>
         <run_address>0x7f3</run_address>
         <size>0x77</size>
         <input_file_ref idref="fl-d"/>
      </object_component>
      <object_component id="oc-94">
         <name>.debug_frame</name>
         <load_address>0x86a</load_address>
         <run_address>0x86a</run_address>
         <size>0x62</size>
         <input_file_ref idref="fl-e"/>
      </object_component>
      <object_component id="oc-99">
         <name>.debug_frame</name>
         <load_address>0x8cc</load_address>
         <run_address>0x8cc</run_address>
         <size>0x62</size>
         <input_file_ref idref="fl-f"/>
      </object_component>
      <object_component id="oc-9e">
         <name>.debug_frame</name>
         <load_address>0x92e</load_address>
         <run_address>0x92e</run_address>
         <size>0x62</size>
         <input_file_ref idref="fl-10"/>
      </object_component>
      <object_component id="oc-a3">
         <name>.debug_frame</name>
         <load_address>0x990</load_address>
         <run_address>0x990</run_address>
         <size>0x8c</size>
         <input_file_ref idref="fl-11"/>
      </object_component>
      <object_component id="oc-a8">
         <name>.debug_frame</name>
         <load_address>0xa1c</load_address>
         <run_address>0xa1c</run_address>
         <size>0x7d</size>
         <input_file_ref idref="fl-12"/>
      </object_component>
      <object_component id="oc-ad">
         <name>.debug_frame</name>
         <load_address>0xa99</load_address>
         <run_address>0xa99</run_address>
         <size>0xa1</size>
         <input_file_ref idref="fl-13"/>
      </object_component>
      <object_component id="oc-b2">
         <name>.debug_frame</name>
         <load_address>0xb3a</load_address>
         <run_address>0xb3a</run_address>
         <size>0x62</size>
         <input_file_ref idref="fl-14"/>
      </object_component>
      <object_component id="oc-b7">
         <name>.debug_frame</name>
         <load_address>0xb9c</load_address>
         <run_address>0xb9c</run_address>
         <size>0x156</size>
         <input_file_ref idref="fl-15"/>
      </object_component>
      <object_component id="oc-bc">
         <name>.debug_frame</name>
         <load_address>0xcf2</load_address>
         <run_address>0xcf2</run_address>
         <size>0x62</size>
         <input_file_ref idref="fl-16"/>
      </object_component>
      <object_component id="oc-c9">
         <name>.debug_frame</name>
         <load_address>0xd54</load_address>
         <run_address>0xd54</run_address>
         <size>0x90</size>
         <input_file_ref idref="fl-18"/>
      </object_component>
      <object_component id="oc-cf">
         <name>.debug_frame</name>
         <load_address>0xde4</load_address>
         <run_address>0xde4</run_address>
         <size>0x12c</size>
         <input_file_ref idref="fl-19"/>
      </object_component>
      <object_component id="oc-d4">
         <name>.debug_frame</name>
         <load_address>0xf10</load_address>
         <run_address>0xf10</run_address>
         <size>0x7d</size>
         <input_file_ref idref="fl-1a"/>
      </object_component>
      <object_component id="oc-d9">
         <name>.debug_frame</name>
         <load_address>0xf8d</load_address>
         <run_address>0xf8d</run_address>
         <size>0x7e</size>
         <input_file_ref idref="fl-1b"/>
      </object_component>
      <object_component id="oc-df">
         <name>.debug_frame</name>
         <load_address>0x100b</load_address>
         <run_address>0x100b</run_address>
         <size>0x62</size>
         <input_file_ref idref="fl-1c"/>
      </object_component>
      <object_component id="oc-e8">
         <name>.debug_frame</name>
         <load_address>0x106d</load_address>
         <run_address>0x106d</run_address>
         <size>0x101</size>
         <input_file_ref idref="fl-1e"/>
      </object_component>
      <object_component id="oc-ed">
         <name>.debug_frame</name>
         <load_address>0x116e</load_address>
         <run_address>0x116e</run_address>
         <size>0x62</size>
         <input_file_ref idref="fl-1f"/>
      </object_component>
      <object_component id="oc-10a">
         <name>.debug_frame</name>
         <load_address>0x11d0</load_address>
         <run_address>0x11d0</run_address>
         <size>0x90</size>
         <input_file_ref idref="fl-3a"/>
      </object_component>
      <object_component id="oc-116">
         <name>.debug_frame</name>
         <load_address>0x1260</load_address>
         <run_address>0x1260</run_address>
         <size>0x95</size>
         <input_file_ref idref="fl-3c"/>
      </object_component>
      <object_component id="oc-143">
         <name>.debug_frame</name>
         <load_address>0x12f5</load_address>
         <run_address>0x12f5</run_address>
         <size>0x77</size>
         <input_file_ref idref="fl-45"/>
      </object_component>
      <object_component id="oc-148">
         <name>.debug_frame</name>
         <load_address>0x136c</load_address>
         <run_address>0x136c</run_address>
         <size>0x77</size>
         <input_file_ref idref="fl-46"/>
      </object_component>
      <object_component id="oc-14d">
         <name>.debug_frame</name>
         <load_address>0x13e3</load_address>
         <run_address>0x13e3</run_address>
         <size>0x77</size>
         <input_file_ref idref="fl-47"/>
      </object_component>
      <object_component id="oc-161">
         <name>.debug_frame</name>
         <load_address>0x145a</load_address>
         <run_address>0x145a</run_address>
         <size>0xa1</size>
         <input_file_ref idref="fl-4b"/>
      </object_component>
      <object_component id="oc-166">
         <name>.debug_frame</name>
         <load_address>0x14fb</load_address>
         <run_address>0x14fb</run_address>
         <size>0x77</size>
         <input_file_ref idref="fl-4c"/>
      </object_component>
      <object_component id="oc-3b">
         <name>.debug_line</name>
         <load_address>0x0</load_address>
         <run_address>0x0</run_address>
         <size>0x166</size>
         <input_file_ref idref="fl-2"/>
      </object_component>
      <object_component id="oc-43">
         <name>.debug_line</name>
         <load_address>0x166</load_address>
         <run_address>0x166</run_address>
         <size>0x6b</size>
         <input_file_ref idref="fl-4"/>
      </object_component>
      <object_component id="oc-48">
         <name>.debug_line</name>
         <load_address>0x1d1</load_address>
         <run_address>0x1d1</run_address>
         <size>0x3d</size>
         <input_file_ref idref="fl-5"/>
      </object_component>
      <object_component id="oc-4e">
         <name>.debug_line</name>
         <load_address>0x20e</load_address>
         <run_address>0x20e</run_address>
         <size>0x42</size>
         <input_file_ref idref="fl-6"/>
      </object_component>
      <object_component id="oc-53">
         <name>.debug_line</name>
         <load_address>0x250</load_address>
         <run_address>0x250</run_address>
         <size>0x51</size>
         <input_file_ref idref="fl-7"/>
      </object_component>
      <object_component id="oc-59">
         <name>.debug_line</name>
         <load_address>0x2a1</load_address>
         <run_address>0x2a1</run_address>
         <size>0x4c9</size>
         <input_file_ref idref="fl-8"/>
      </object_component>
      <object_component id="oc-5e">
         <name>.debug_line</name>
         <load_address>0x76a</load_address>
         <run_address>0x76a</run_address>
         <size>0x55</size>
         <input_file_ref idref="fl-9"/>
      </object_component>
      <object_component id="oc-63">
         <name>.debug_line</name>
         <load_address>0x7bf</load_address>
         <run_address>0x7bf</run_address>
         <size>0x3d</size>
         <input_file_ref idref="fl-a"/>
      </object_component>
      <object_component id="oc-68">
         <name>.debug_line</name>
         <load_address>0x7fc</load_address>
         <run_address>0x7fc</run_address>
         <size>0x1c2</size>
         <input_file_ref idref="fl-b"/>
      </object_component>
      <object_component id="oc-90">
         <name>.debug_line</name>
         <load_address>0x9be</load_address>
         <run_address>0x9be</run_address>
         <size>0x65</size>
         <input_file_ref idref="fl-d"/>
      </object_component>
      <object_component id="oc-95">
         <name>.debug_line</name>
         <load_address>0xa23</load_address>
         <run_address>0xa23</run_address>
         <size>0x3c</size>
         <input_file_ref idref="fl-e"/>
      </object_component>
      <object_component id="oc-9a">
         <name>.debug_line</name>
         <load_address>0xa5f</load_address>
         <run_address>0xa5f</run_address>
         <size>0x40</size>
         <input_file_ref idref="fl-f"/>
      </object_component>
      <object_component id="oc-9f">
         <name>.debug_line</name>
         <load_address>0xa9f</load_address>
         <run_address>0xa9f</run_address>
         <size>0x40</size>
         <input_file_ref idref="fl-10"/>
      </object_component>
      <object_component id="oc-a4">
         <name>.debug_line</name>
         <load_address>0xadf</load_address>
         <run_address>0xadf</run_address>
         <size>0x90</size>
         <input_file_ref idref="fl-11"/>
      </object_component>
      <object_component id="oc-a9">
         <name>.debug_line</name>
         <load_address>0xb6f</load_address>
         <run_address>0xb6f</run_address>
         <size>0x74</size>
         <input_file_ref idref="fl-12"/>
      </object_component>
      <object_component id="oc-ae">
         <name>.debug_line</name>
         <load_address>0xbe3</load_address>
         <run_address>0xbe3</run_address>
         <size>0x85</size>
         <input_file_ref idref="fl-13"/>
      </object_component>
      <object_component id="oc-b3">
         <name>.debug_line</name>
         <load_address>0xc68</load_address>
         <run_address>0xc68</run_address>
         <size>0x3c</size>
         <input_file_ref idref="fl-14"/>
      </object_component>
      <object_component id="oc-b8">
         <name>.debug_line</name>
         <load_address>0xca4</load_address>
         <run_address>0xca4</run_address>
         <size>0x1ed</size>
         <input_file_ref idref="fl-15"/>
      </object_component>
      <object_component id="oc-bd">
         <name>.debug_line</name>
         <load_address>0xe91</load_address>
         <run_address>0xe91</run_address>
         <size>0x47</size>
         <input_file_ref idref="fl-16"/>
      </object_component>
      <object_component id="oc-c2">
         <name>.debug_line</name>
         <load_address>0xed8</load_address>
         <run_address>0xed8</run_address>
         <size>0x52</size>
         <input_file_ref idref="fl-17"/>
      </object_component>
      <object_component id="oc-ca">
         <name>.debug_line</name>
         <load_address>0xf2a</load_address>
         <run_address>0xf2a</run_address>
         <size>0xd0</size>
         <input_file_ref idref="fl-18"/>
      </object_component>
      <object_component id="oc-d0">
         <name>.debug_line</name>
         <load_address>0xffa</load_address>
         <run_address>0xffa</run_address>
         <size>0xf2</size>
         <input_file_ref idref="fl-19"/>
      </object_component>
      <object_component id="oc-d5">
         <name>.debug_line</name>
         <load_address>0x10ec</load_address>
         <run_address>0x10ec</run_address>
         <size>0x62</size>
         <input_file_ref idref="fl-1a"/>
      </object_component>
      <object_component id="oc-da">
         <name>.debug_line</name>
         <load_address>0x114e</load_address>
         <run_address>0x114e</run_address>
         <size>0xa4</size>
         <input_file_ref idref="fl-1b"/>
      </object_component>
      <object_component id="oc-e0">
         <name>.debug_line</name>
         <load_address>0x11f2</load_address>
         <run_address>0x11f2</run_address>
         <size>0x3a</size>
         <input_file_ref idref="fl-1c"/>
      </object_component>
      <object_component id="oc-e9">
         <name>.debug_line</name>
         <load_address>0x122c</load_address>
         <run_address>0x122c</run_address>
         <size>0x257</size>
         <input_file_ref idref="fl-1e"/>
      </object_component>
      <object_component id="oc-ee">
         <name>.debug_line</name>
         <load_address>0x1483</load_address>
         <run_address>0x1483</run_address>
         <size>0x41</size>
         <input_file_ref idref="fl-1f"/>
      </object_component>
      <object_component id="oc-101">
         <name>.debug_line</name>
         <load_address>0x14c4</load_address>
         <run_address>0x14c4</run_address>
         <size>0x44</size>
         <input_file_ref idref="fl-33"/>
      </object_component>
      <object_component id="oc-106">
         <name>.debug_line</name>
         <load_address>0x1508</load_address>
         <run_address>0x1508</run_address>
         <size>0x7d</size>
         <input_file_ref idref="fl-39"/>
      </object_component>
      <object_component id="oc-10b">
         <name>.debug_line</name>
         <load_address>0x1585</load_address>
         <run_address>0x1585</run_address>
         <size>0x64</size>
         <input_file_ref idref="fl-3a"/>
      </object_component>
      <object_component id="oc-110">
         <name>.debug_line</name>
         <load_address>0x15e9</load_address>
         <run_address>0x15e9</run_address>
         <size>0x50</size>
         <input_file_ref idref="fl-3b"/>
      </object_component>
      <object_component id="oc-117">
         <name>.debug_line</name>
         <load_address>0x1639</load_address>
         <run_address>0x1639</run_address>
         <size>0x65</size>
         <input_file_ref idref="fl-3c"/>
      </object_component>
      <object_component id="oc-11c">
         <name>.debug_line</name>
         <load_address>0x169e</load_address>
         <run_address>0x169e</run_address>
         <size>0xa2</size>
         <input_file_ref idref="fl-3d"/>
      </object_component>
      <object_component id="oc-121">
         <name>.debug_line</name>
         <load_address>0x1740</load_address>
         <run_address>0x1740</run_address>
         <size>0x58</size>
         <input_file_ref idref="fl-3e"/>
      </object_component>
      <object_component id="oc-126">
         <name>.debug_line</name>
         <load_address>0x1798</load_address>
         <run_address>0x1798</run_address>
         <size>0xa9</size>
         <input_file_ref idref="fl-3f"/>
      </object_component>
      <object_component id="oc-12b">
         <name>.debug_line</name>
         <load_address>0x1841</load_address>
         <run_address>0x1841</run_address>
         <size>0xab</size>
         <input_file_ref idref="fl-40"/>
      </object_component>
      <object_component id="oc-130">
         <name>.debug_line</name>
         <load_address>0x18ec</load_address>
         <run_address>0x18ec</run_address>
         <size>0x8d</size>
         <input_file_ref idref="fl-41"/>
      </object_component>
      <object_component id="oc-135">
         <name>.debug_line</name>
         <load_address>0x1979</load_address>
         <run_address>0x1979</run_address>
         <size>0x5e</size>
         <input_file_ref idref="fl-42"/>
      </object_component>
      <object_component id="oc-13a">
         <name>.debug_line</name>
         <load_address>0x19d7</load_address>
         <run_address>0x19d7</run_address>
         <size>0x60</size>
         <input_file_ref idref="fl-43"/>
      </object_component>
      <object_component id="oc-13f">
         <name>.debug_line</name>
         <load_address>0x1a37</load_address>
         <run_address>0x1a37</run_address>
         <size>0x57</size>
         <input_file_ref idref="fl-44"/>
      </object_component>
      <object_component id="oc-144">
         <name>.debug_line</name>
         <load_address>0x1a8e</load_address>
         <run_address>0x1a8e</run_address>
         <size>0x62</size>
         <input_file_ref idref="fl-45"/>
      </object_component>
      <object_component id="oc-149">
         <name>.debug_line</name>
         <load_address>0x1af0</load_address>
         <run_address>0x1af0</run_address>
         <size>0x3e</size>
         <input_file_ref idref="fl-46"/>
      </object_component>
      <object_component id="oc-14e">
         <name>.debug_line</name>
         <load_address>0x1b2e</load_address>
         <run_address>0x1b2e</run_address>
         <size>0x3a</size>
         <input_file_ref idref="fl-47"/>
      </object_component>
      <object_component id="oc-153">
         <name>.debug_line</name>
         <load_address>0x1b68</load_address>
         <run_address>0x1b68</run_address>
         <size>0x4f</size>
         <input_file_ref idref="fl-48"/>
      </object_component>
      <object_component id="oc-158">
         <name>.debug_line</name>
         <load_address>0x1bb7</load_address>
         <run_address>0x1bb7</run_address>
         <size>0x52</size>
         <input_file_ref idref="fl-49"/>
      </object_component>
      <object_component id="oc-15d">
         <name>.debug_line</name>
         <load_address>0x1c09</load_address>
         <run_address>0x1c09</run_address>
         <size>0x49</size>
         <input_file_ref idref="fl-4a"/>
      </object_component>
      <object_component id="oc-162">
         <name>.debug_line</name>
         <load_address>0x1c52</load_address>
         <run_address>0x1c52</run_address>
         <size>0x5e</size>
         <input_file_ref idref="fl-4b"/>
      </object_component>
      <object_component id="oc-167">
         <name>.debug_line</name>
         <load_address>0x1cb0</load_address>
         <run_address>0x1cb0</run_address>
         <size>0x55</size>
         <input_file_ref idref="fl-4c"/>
      </object_component>
      <object_component id="oc-3c">
         <name>.debug_abbrev</name>
         <load_address>0x0</load_address>
         <run_address>0x0</run_address>
         <size>0x155</size>
         <input_file_ref idref="fl-2"/>
      </object_component>
      <object_component id="oc-44">
         <name>.debug_abbrev</name>
         <load_address>0x155</load_address>
         <run_address>0x155</run_address>
         <size>0x21</size>
         <input_file_ref idref="fl-4"/>
      </object_component>
      <object_component id="oc-49">
         <name>.debug_abbrev</name>
         <load_address>0x176</load_address>
         <run_address>0x176</run_address>
         <size>0xea</size>
         <input_file_ref idref="fl-5"/>
      </object_component>
      <object_component id="oc-4f">
         <name>.debug_abbrev</name>
         <load_address>0x260</load_address>
         <run_address>0x260</run_address>
         <size>0x10b</size>
         <input_file_ref idref="fl-6"/>
      </object_component>
      <object_component id="oc-54">
         <name>.debug_abbrev</name>
         <load_address>0x36b</load_address>
         <run_address>0x36b</run_address>
         <size>0x2f</size>
         <input_file_ref idref="fl-7"/>
      </object_component>
      <object_component id="oc-5a">
         <name>.debug_abbrev</name>
         <load_address>0x39a</load_address>
         <run_address>0x39a</run_address>
         <size>0xb6</size>
         <input_file_ref idref="fl-8"/>
      </object_component>
      <object_component id="oc-5f">
         <name>.debug_abbrev</name>
         <load_address>0x450</load_address>
         <run_address>0x450</run_address>
         <size>0x2f</size>
         <input_file_ref idref="fl-9"/>
      </object_component>
      <object_component id="oc-64">
         <name>.debug_abbrev</name>
         <load_address>0x47f</load_address>
         <run_address>0x47f</run_address>
         <size>0xea</size>
         <input_file_ref idref="fl-a"/>
      </object_component>
      <object_component id="oc-69">
         <name>.debug_abbrev</name>
         <load_address>0x569</load_address>
         <run_address>0x569</run_address>
         <size>0x146</size>
         <input_file_ref idref="fl-b"/>
      </object_component>
      <object_component id="oc-8d">
         <name>.debug_abbrev</name>
         <load_address>0x6af</load_address>
         <run_address>0x6af</run_address>
         <size>0xb7</size>
         <input_file_ref idref="fl-c"/>
      </object_component>
      <object_component id="oc-91">
         <name>.debug_abbrev</name>
         <load_address>0x766</load_address>
         <run_address>0x766</run_address>
         <size>0xdc</size>
         <input_file_ref idref="fl-d"/>
      </object_component>
      <object_component id="oc-96">
         <name>.debug_abbrev</name>
         <load_address>0x842</load_address>
         <run_address>0x842</run_address>
         <size>0xdc</size>
         <input_file_ref idref="fl-e"/>
      </object_component>
      <object_component id="oc-9b">
         <name>.debug_abbrev</name>
         <load_address>0x91e</load_address>
         <run_address>0x91e</run_address>
         <size>0x93</size>
         <input_file_ref idref="fl-f"/>
      </object_component>
      <object_component id="oc-a0">
         <name>.debug_abbrev</name>
         <load_address>0x9b1</load_address>
         <run_address>0x9b1</run_address>
         <size>0x13e</size>
         <input_file_ref idref="fl-10"/>
      </object_component>
      <object_component id="oc-a5">
         <name>.debug_abbrev</name>
         <load_address>0xaef</load_address>
         <run_address>0xaef</run_address>
         <size>0xc8</size>
         <input_file_ref idref="fl-11"/>
      </object_component>
      <object_component id="oc-aa">
         <name>.debug_abbrev</name>
         <load_address>0xbb7</load_address>
         <run_address>0xbb7</run_address>
         <size>0x116</size>
         <input_file_ref idref="fl-12"/>
      </object_component>
      <object_component id="oc-af">
         <name>.debug_abbrev</name>
         <load_address>0xccd</load_address>
         <run_address>0xccd</run_address>
         <size>0xea</size>
         <input_file_ref idref="fl-13"/>
      </object_component>
      <object_component id="oc-b4">
         <name>.debug_abbrev</name>
         <load_address>0xdb7</load_address>
         <run_address>0xdb7</run_address>
         <size>0xea</size>
         <input_file_ref idref="fl-14"/>
      </object_component>
      <object_component id="oc-b9">
         <name>.debug_abbrev</name>
         <load_address>0xea1</load_address>
         <run_address>0xea1</run_address>
         <size>0x17c</size>
         <input_file_ref idref="fl-15"/>
      </object_component>
      <object_component id="oc-be">
         <name>.debug_abbrev</name>
         <load_address>0x101d</load_address>
[...]
      <symbol id="sm-2b1">
         <name>_Error_Last_Time</name>
         <value>0x8816</value>
         <object_component_ref idref="oc-c6"/>
      </symbol>
      <symbol id="sm-2b2">
         <name>_ePWM</name>
         <value>0x8814</value>
         <object_component_ref idref="oc-c6"/>
      </symbol>
      <symbol id="sm-2b3">
         <name>_modulate_duty</name>
         <value>0x8826</value>
         <object_component_ref idref="oc-c6"/>
      </symbol>
      <symbol id="sm-2b4">
         <name>_epwm1_isr</name>
         <value>0x813d</value>
         <object_component_ref idref="oc-c7"/>
      </symbol>
      <symbol id="sm-2b5">
         <name>_modulate_duty_correct</name>
         <value>0x882a</value>
         <object_component_ref idref="oc-c6"/>
      </symbol>
      <symbol id="sm-2b6">
         <name>_epwm1_data_fra_init</name>
         <value>0x882e</value>
         <object_component_ref idref="oc-c6"/>
      </symbol>
      <symbol id="sm-2b7">
         <name>_PWM_INT1_Count</name>
         <value>0x8806</value>
         <object_component_ref idref="oc-c6"/>
      </symbol>
      <symbol id="sm-2b8">
         <name>_dc_dc2_duty_correct</name>
         <value>0x8822</value>
         <object_component_ref idref="oc-c6"/>
      </symbol>
      <symbol id="sm-2b9">
         <name>_SoftStart_Flag</name>
         <value>0x8805</value>
         <object_component_ref idref="oc-c6"/>
      </symbol>
      <symbol id="sm-2ba">
         <name>_epwm1_data_fra</name>
         <value>0x8836</value>
         <object_component_ref idref="oc-c6"/>
      </symbol>
      <symbol id="sm-2bb">
         <name>_Parameter</name>
         <value>0x8800</value>
         <object_component_ref idref="oc-c6"/>
      </symbol>
      <symbol id="sm-2bc">
         <name>_Temperature_test</name>
         <value>0x8880</value>
         <object_component_ref idref="oc-c6"/>
      </symbol>
      <symbol id="sm-2bd">
         <name>_Error_This_Time</name>
         <value>0x881a</value>
         <object_component_ref idref="oc-c6"/>
      </symbol>
      <symbol id="sm-2ce">
         <name>_Adcint2_isr</name>
         <value>0x8092</value>
         <object_component_ref idref="oc-ce"/>
      </symbol>
      <symbol id="sm-2cf">
         <name>_Adcint1_isr</name>
         <value>0x8000</value>
         <object_component_ref idref="oc-ce"/>
      </symbol>
      <symbol id="sm-2d0">
         <name>_Adc_basic_init</name>
         <value>0x3f6f18</value>
         <object_component_ref idref="oc-17b"/>
      </symbol>
      <symbol id="sm-2e4">
         <name>_ADC_Medium</name>
         <value>0x80fc</value>
         <object_component_ref idref="oc-16f"/>
      </symbol>
      <symbol id="sm-2f7">
         <name>_Initial_User_variables</name>
         <value>0x3f714b</value>
         <object_component_ref idref="oc-178"/>
      </symbol>
      <symbol id="sm-34c">
         <name>_receive_parameter</name>
         <value>0x3f643e</value>
         <object_component_ref idref="oc-17c"/>
      </symbol>
      <symbol id="sm-34d">
         <name>_PC_modify_kp_or_ki</name>
         <value>0x3f645d</value>
         <object_component_ref idref="oc-17c"/>
      </symbol>
      <symbol id="sm-34e">
         <name>_scia_send_Char_one_by_one</name>
         <value>0x3f6766</value>
         <object_component_ref idref="oc-17c"/>
      </symbol>
      <symbol id="sm-34f">
         <name>_pow</name>
         <value>0x3f6753</value>
         <object_component_ref idref="oc-17c"/>
      </symbol>
      <symbol id="sm-350">
         <name>_scia_basic_init</name>
         <value>0x3f6429</value>
         <object_component_ref idref="oc-17c"/>
      </symbol>
      <symbol id="sm-351">
         <name>_PC_update_vo_or_il_or_vi</name>
         <value>0x3f6531</value>
         <object_component_ref idref="oc-17c"/>
      </symbol>
      <symbol id="sm-368">
         <name>__IQ10div</name>
         <value>0x3f6304</value>
         <object_component_ref idref="oc-f1"/>
      </symbol>
      <symbol id="sm-372">
         <name>__IQ10frac</name>
         <value>0x3f63d9</value>
         <object_component_ref idref="oc-f2"/>
      </symbol>
      <symbol id="sm-37c">
         <name>__IQ10int</name>
         <value>0x3f6405</value>
         <object_component_ref idref="oc-f3"/>
      </symbol>
      <symbol id="sm-387">
         <name>__IQ12div</name>
         <value>0x3f634b</value>
         <object_component_ref idref="oc-f4"/>
      </symbol>
      <symbol id="sm-391">
         <name>__IQ12frac</name>
         <value>0x3f63e4</value>
         <object_component_ref idref="oc-f5"/>
      </symbol>
      <symbol id="sm-39b">
         <name>__IQ12int</name>
         <value>0x3f640e</value>
         <object_component_ref idref="oc-f6"/>
      </symbol>
      <symbol id="sm-3a6">
         <name>__IQ14div</name>
         <value>0x3f6392</value>
         <object_component_ref idref="oc-f7"/>
      </symbol>
      <symbol id="sm-3b0">
         <name>__IQ14frac</name>
         <value>0x3f63ef</value>
         <object_component_ref idref="oc-f8"/>
      </symbol>
      <symbol id="sm-3ba">
         <name>__IQ14int</name>
         <value>0x3f6417</value>
         <object_component_ref idref="oc-f9"/>
      </symbol>
      <symbol id="sm-3c4">
         <name>__IQ15frac</name>
         <value>0x3f63fa</value>
         <object_component_ref idref="oc-fa"/>
      </symbol>
      <symbol id="sm-3ce">
         <name>__IQ15int</name>
         <value>0x3f6420</value>
         <object_component_ref idref="oc-fb"/>
      </symbol>
      <symbol id="sm-3d2">
         <name>_IQ16mpyRndSatTable</name>
         <value>0x3fea90</value>
         <object_component_ref idref="oc-fc"/>
      </symbol>
      <symbol id="sm-3d3">
         <name>_IQ24mpyRndSatTable</name>
         <value>0x3fea30</value>
         <object_component_ref idref="oc-fc"/>
      </symbol>
      <symbol id="sm-3d4">
         <name>_IQ13mpyRndSatTable</name>
         <value>0x3feab4</value>
         <object_component_ref idref="oc-fc"/>
      </symbol>
      <symbol id="sm-3d5">
         <name>_IQ21mpyRndSatTable</name>
         <value>0x3fea54</value>
         <object_component_ref idref="oc-fc"/>
      </symbol>
      <symbol id="sm-3d6">
         <name>_IQ10mpyRndSatTable</name>
         <value>0x3fead8</value>
         <object_component_ref idref="oc-fc"/>
      </symbol>
      <symbol id="sm-3d7">
         <name>_IQdivTable</name>
         <value>0x3fe510</value>
         <object_component_ref idref="oc-fc"/>
      </symbol>
      <symbol id="sm-3d8">
         <name>_IQ9mpyRndSatTable</name>
         <value>0x3feae4</value>
         <object_component_ref idref="oc-fc"/>
      </symbol>
      <symbol id="sm-3d9">
         <name>_IQ6mpyRndSatTable</name>
         <value>0x3feb08</value>
         <object_component_ref idref="oc-fc"/>
      </symbol>
      <symbol id="sm-3da">
         <name>_IQatan2TableEnd</name>
         <value>0x3fe9e8</value>
         <object_component_ref idref="oc-fc"/>
      </symbol>
      <symbol id="sm-3db">
         <name>_IQdivTableEnd</name>
         <value>0x3fe712</value>
         <object_component_ref idref="oc-fc"/>
      </symbol>
      <symbol id="sm-3dc">
         <name>_IQ29mpyRndSatTable</name>
         <value>0x3fe9f4</value>
         <object_component_ref idref="oc-fc"/>
      </symbol>
      <symbol id="sm-3dd">
         <name>_IQ3mpyRndSatTable</name>
         <value>0x3feb2c</value>
         <object_component_ref idref="oc-fc"/>
      </symbol>
      <symbol id="sm-3de">
         <name>_IQ18mpyRndSatTable</name>
         <value>0x3fea78</value>
         <object_component_ref idref="oc-fc"/>
      </symbol>
      <symbol id="sm-3df">
         <name>_IQ26mpyRndSatTable</name>
         <value>0x3fea18</value>
         <object_component_ref idref="oc-fc"/>
      </symbol>
      <symbol id="sm-3e0">
         <name>_IQcosTableEnd</name>
         <value>0x3fe502</value>
         <object_component_ref idref="oc-fc"/>
      </symbol>
      <symbol id="sm-3e1">
         <name>_IQsinTableEnd</name>
         <value>0x3fe400</value>
         <object_component_ref idref="oc-fc"/>
      </symbol>
      <symbol id="sm-3e2">
         <name>_IQ15mpyRndSatTable</name>
         <value>0x3fea9c</value>
         <object_component_ref idref="oc-fc"/>
      </symbol>
      <symbol id="sm-3e3">
         <name>_IQ23mpyRndSatTable</name>
         <value>0x3fea3c</value>
         <object_component_ref idref="oc-fc"/>
      </symbol>
      <symbol id="sm-3e4">
         <name>_IQ12mpyRndSatTable</name>
         <value>0x3feac0</value>
         <object_component_ref idref="oc-fc"/>
      </symbol>
      <symbol id="sm-3e5">
         <name>_IQ20mpyRndSatTable</name>
         <value>0x3fea60</value>
         <object_component_ref idref="oc-fc"/>
      </symbol>
      <symbol id="sm-3e6">
         <name>_IQisqrtTableEnd</name>
         <value>0x3fe824</value>
         <object_component_ref idref="oc-fc"/>
      </symbol>
      <symbol id="sm-3e7">
         <name>_IQ8mpyRndSatTable</name>
         <value>0x3feaf0</value>
         <object_component_ref idref="oc-fc"/>
      </symbol>
      <symbol id="sm-3e8">
         <name>_IQisqrtRoundSatTable</name>
         <value>0x3fe712</value>
         <object_component_ref idref="oc-fc"/>
      </symbol>
      <symbol id="sm-3e9">
         <name>_IQ5mpyRndSatTable</name>
         <value>0x3feb14</value>
         <object_component_ref idref="oc-fc"/>
      </symbol>
      <symbol id="sm-3ea">
         <name>_IQmpyRndSatTable</name>
         <value>0x3fe9e8</value>
         <object_component_ref idref="oc-fc"/>
      </symbol>
      <symbol id="sm-3eb">
         <name>_IQ28mpyRndSatTable</name>
         <value>0x3fea00</value>
         <object_component_ref idref="oc-fc"/>
      </symbol>
      <symbol id="sm-3ec">
         <name>_IQatan2Table</name>
         <value>0x3fe862</value>
         <object_component_ref idref="oc-fc"/>
      </symbol>
      <symbol id="sm-3ed">
         <name>_IQ2mpyRndSatTable</name>
         <value>0x3feb38</value>
         <object_component_ref idref="oc-fc"/>
      </symbol>
      <symbol id="sm-3ee">
         <name>_IQatan2HalfPITable</name>
         <value>0x3fe824</value>
         <object_component_ref idref="oc-fc"/>
      </symbol>
      <symbol id="sm-3ef">
         <name>_IQ17mpyRndSatTable</name>
         <value>0x3fea84</value>
         <object_component_ref idref="oc-fc"/>
      </symbol>
      <symbol id="sm-3f0">
         <name>_IQ25mpyRndSatTable</name>
         <value>0x3fea24</value>
         <object_component_ref idref="oc-fc"/>
      </symbol>
      <symbol id="sm-3f1">
         <name>_IQsqrtTable</name>
         <value>0x3fe722</value>
         <object_component_ref idref="oc-fc"/>
      </symbol>
      <symbol id="sm-3f2">
         <name>_IQsqrtTableEnd</name>
         <value>0x3fe824</value>
         <object_component_ref idref="oc-fc"/>
      </symbol>
      <symbol id="sm-3f3">
         <name>_IQ14mpyRndSatTable</name>
         <value>0x3feaa8</value>
         <object_component_ref idref="oc-fc"/>
      </symbol>
      <symbol id="sm-3f4">
         <name>_IQ22mpyRndSatTable</name>
         <value>0x3fea48</value>
         <object_component_ref idref="oc-fc"/>
      </symbol>
      <symbol id="sm-3f5">
         <name>_IQ30mpyRndSatTable</name>
         <value>0x3fe9e8</value>
         <object_component_ref idref="oc-fc"/>
      </symbol>
      <symbol id="sm-3f6">
         <name>_IQsqrtRoundSatTable</name>
         <value>0x3fe712</value>
         <object_component_ref idref="oc-fc"/>
      </symbol>
      <symbol id="sm-3f7">
         <name>_IQ11mpyRndSatTable</name>
         <value>0x3feacc</value>
         <object_component_ref idref="oc-fc"/>
      </symbol>
      <symbol id="sm-3f8">
         <name>_IQdivRoundSatTable</name>
         <value>0x3fe502</value>
         <object_component_ref idref="oc-fc"/>
      </symbol>
      <symbol id="sm-3f9">
         <name>_IQ7mpyRndSatTable</name>
         <value>0x3feafc</value>
         <object_component_ref idref="oc-fc"/>
      </symbol>
      <symbol id="sm-3fa">
         <name>_IQcosTable</name>
         <value>0x3fe100</value>
         <object_component_ref idref="oc-fc"/>
      </symbol>
      <symbol id="sm-3fb">
         <name>_IQisqrtTable</name>
         <value>0x3fe722</value>
         <object_component_ref idref="oc-fc"/>
      </symbol>
      <symbol id="sm-3fc">
         <name>_IQ4mpyRndSatTable</name>
         <value>0x3feb20</value>
         <object_component_ref idref="oc-fc"/>
      </symbol>
      <symbol id="sm-3fd">
         <name>_IQ19mpyRndSatTable</name>
         <value>0x3fea6c</value>
         <object_component_ref idref="oc-fc"/>
      </symbol>
      <symbol id="sm-3fe">
         <name>_IQ27mpyRndSatTable</name>
         <value>0x3fea0c</value>
         <object_component_ref idref="oc-fc"/>
      </symbol>
      <symbol id="sm-3ff">
         <name>_IQmpyRndSatTableEnd</name>
         <value>0x3feb50</value>
         <object_component_ref idref="oc-fc"/>
      </symbol>
      <symbol id="sm-400">
         <name>_IQ1mpyRndSatTable</name>
         <value>0x3feb44</value>
         <object_component_ref idref="oc-fc"/>
      </symbol>
      <symbol id="sm-401">
         <name>_IQsinTable</name>
         <value>0x3fe000</value>
         <object_component_ref idref="oc-fc"/>
      </symbol>
      <symbol id="sm-40f">
         <name>_SFO</name>
         <value>0x3f6986</value>
         <object_component_ref idref="oc-fd"/>
      </symbol>
      <symbol id="sm-410">
         <name>_MEP_SF</name>
         <value>0x88ba</value>
         <object_component_ref idref="oc-100"/>
      </symbol>
      <symbol id="sm-411">
         <name>_SFO_CAL</name>
         <value>0x88b9</value>
         <object_component_ref idref="oc-100"/>
      </symbol>
      <symbol id="sm-42c">
         <name>_c_int00</name>
         <value>0x3f721b</value>
         <object_component_ref idref="oc-38"/>
      </symbol>
      <symbol id="sm-42d">
         <name>__stack</name>
         <value>0x50</value>
         <object_component_ref idref="oc-103"/>
      </symbol>
      <symbol id="sm-443">
         <name>_copy_in</name>
         <value>0x3f726f</value>
         <object_component_ref idref="oc-16b"/>
      </symbol>
      <symbol id="sm-452">
         <name>_ppcopy</name>
         <value>0x3f73f0</value>
         <object_component_ref idref="oc-10e"/>
      </symbol>
      <symbol id="sm-453">
         <name>_dpcopy</name>
         <value>0x3f73f0</value>
         <object_component_ref idref="oc-10e"/>
      </symbol>
      <symbol id="sm-454">
         <name>_pdcopy</name>
         <value>0x3f73f0</value>
         <object_component_ref idref="oc-10e"/>
      </symbol>
      <symbol id="sm-455">
         <name>_ddcopy</name>
         <value>0x3f73f0</value>
         <object_component_ref idref="oc-10e"/>
      </symbol>
      <symbol id="sm-46a">
         <name>C$$EXIT</name>
         <value>0x3f72b5</value>
         <object_component_ref idref="oc-16e"/>
      </symbol>
      <symbol id="sm-46b">
         <name>_exit</name>
         <value>0x3f72b7</value>
         <object_component_ref idref="oc-16e"/>
      </symbol>
      <symbol id="sm-46c">
         <name>___TI_cleanup_ptr</name>
         <value>0x88da</value>
         <object_component_ref idref="oc-115"/>
      </symbol>
      <symbol id="sm-46d">
         <name>___TI_enable_exit_profile_output</name>
         <value>0x88d8</value>
         <object_component_ref idref="oc-115"/>
      </symbol>
      <symbol id="sm-46e">
         <name>_abort</name>
         <value>0x3f72b5</value>
         <object_component_ref idref="oc-16e"/>
      </symbol>
      <symbol id="sm-46f">
         <name>___TI_dtors_ptr</name>
         <value>0x88dc</value>
         <object_component_ref idref="oc-115"/>
      </symbol>
      <symbol id="sm-481">
         <name>FD$$MPY</name>
         <value>0x3f6fcd</value>
         <object_component_ref idref="oc-11a"/>
      </symbol>
      <symbol id="sm-490">
         <name>FD$$TOL</name>
         <value>0x3f737a</value>
         <object_component_ref idref="oc-11f"/>
      </symbol>
      <symbol id="sm-4aa">
         <name>FS$$ADD</name>
         <value>0x3f70d8</value>
         <object_component_ref idref="oc-124"/>
      </symbol>
      <symbol id="sm-4ab">
         <name>FS$$SUB</name>
         <value>0x3f70d3</value>
         <object_component_ref idref="oc-124"/>
      </symbol>
      <symbol id="sm-4bc">
         <name>FS$$DIV</name>
         <value>0x3f7050</value>
         <object_component_ref idref="oc-129"/>
      </symbol>
      <symbol id="sm-4cd">
         <name>FS$$MPY</name>
         <value>0x3f71c1</value>
         <object_component_ref idref="oc-12e"/>
      </symbol>
      <symbol id="sm-4de">
         <name>FS$$TOI</name>
         <value>0x3f7355</value>
         <object_component_ref idref="oc-133"/>
      </symbol>
      <symbol id="sm-4f1">
         <name>FS$$TOL</name>
         <value>0x3f72de</value>
         <object_component_ref idref="oc-138"/>
      </symbol>
      <symbol id="sm-501">
         <name>I$$TOFD</name>
         <value>0x3f73b6</value>
         <object_component_ref idref="oc-13d"/>
      </symbol>
      <symbol id="sm-513">
         <name>_memcpy</name>
         <value>0x3f73d3</value>
         <object_component_ref idref="oc-174"/>
      </symbol>
      <symbol id="sm-520">
         <name>__system_pre_init</name>
         <value>0x3f7488</value>
         <object_component_ref idref="oc-16a"/>
      </symbol>
      <symbol id="sm-52d">
         <name>__system_post_cinit</name>
         <value>0x3f6151</value>
         <object_component_ref idref="oc-16c"/>
      </symbol>
      <symbol id="sm-539">
         <name>U$$MOD</name>
         <value>0x3f7467</value>
         <object_component_ref idref="oc-151"/>
      </symbol>
      <symbol id="sm-53a">
         <name>U$$DIV</name>
         <value>0x3f7462</value>
         <object_component_ref idref="oc-151"/>
      </symbol>
      <symbol id="sm-54b">
         <name>U$$TOFD</name>
         <value>0x3f743b</value>
         <object_component_ref idref="oc-156"/>
      </symbol>
      <symbol id="sm-559">
         <name>U$$TOFS</name>
         <value>0x3f7452</value>
         <object_component_ref idref="oc-15b"/>
      </symbol>
      <symbol id="sm-56e">
         <name>__unlock</name>
         <value>0x88e0</value>
         <object_component_ref idref="oc-182"/>
      </symbol>
      <symbol id="sm-56f">
         <name>__lock</name>
         <value>0x88de</value>
         <object_component_ref idref="oc-171"/>
      </symbol>
      <symbol id="sm-570">
         <name>__register_lock</name>
         <value>0x3f7471</value>
         <object_component_ref idref="oc-17d"/>
      </symbol>
      <symbol id="sm-571">
         <name>__nop</name>
         <value>0x3f7475</value>
         <object_component_ref idref="oc-17d"/>
      </symbol>
      <symbol id="sm-572">
         <name>__register_unlock</name>
         <value>0x3f746d</value>
         <object_component_ref idref="oc-17d"/>
      </symbol>
      <symbol id="sm-582">
         <name>__args_main</name>
         <value>0x3f740a</value>
         <object_component_ref idref="oc-16d"/>
      </symbol>
   </symbol_table>
   <title>Link successful</title>
</link_info>
