******************************************************************************
             TMS320C2000 Linker PC v15.12.1                    
******************************************************************************
>> Linked Tue Jul 16 22:20:36 2019

OUTPUT FILE NAME:   <WPT_receiver_dc_dc.out>
ENTRY POINT SYMBOL: "_c_int00"  address: 003f6efe


MEMORY CONFIGURATION

         name            origin    length      used     unused   attr    fill
----------------------  --------  ---------  --------  --------  ----  --------
PAGE 0:
  PRAML0                00008000   00000800  0000019c  00000664  RWIX
  OTP                   003d7800   00000400  00000000  00000400  RWIX
  FLASHD                003f0000   00002000  00000000  00002000  RWIX
  FLASHC                003f2000   00002000  00000000  00002000  RWIX
  FLASHA                003f6000   00001f80  00001194  00000dec  RWIX
  CSM_RSVD              003f7f80   00000076  00000076  00000000  RWIX
  BEGIN                 003f7ff6   00000002  00000002  00000000  RWIX
  CSM_PWL_P0            003f7ff8   00000008  00000008  00000000  RWIX
  IQTABLES              003fe000   00000b50  00000000  00000b50  RWIX
  IQTABLES2             003feb50   0000008c  00000000  0000008c  RWIX
  IQTABLES3             003febdc   000000aa  00000000  000000aa  RWIX
  ROM                   003ff27c   00000d44  00000000  00000d44  RWIX
  RESET                 003fffc0   00000002  00000000  00000002  RWIX
  VECTORS               003fffc2   0000003e  00000000  0000003e  RWIX

PAGE 1:
  BOOT_RSVD             00000000   00000050  00000000  00000050  RWIX
  RAMM0                 00000050   000003b0  00000300  000000b0  RWIX
  RAMM1                 00000400   00000400  00000000  00000400  RWIX
  DEV_EMU               00000880   00000105  00000004  00000101  RWIX
  SYS_PWR_CTL           00000985   00000003  00000003  00000000  RWIX
  FLASH_REGS            00000a80   00000060  00000008  00000058  RWIX
  CSM                   00000ae0   00000010  00000010  00000000  RWIX
  ADC_RESULT            00000b00   00000020  00000020  00000000  RWIX
  CPU_TIMER0            00000c00   00000008  00000008  00000000  RWIX
  CPU_TIMER1            00000c08   00000008  00000008  00000000  RWIX
  CPU_TIMER2            00000c10   00000008  00000008  00000000  RWIX
  PIE_CTRL              00000ce0   00000020  0000001a  00000006  RWIX
  PIE_VECT              00000d00   00000100  00000100  00000000  RWIX
  COMP1                 00006400   00000020  00000011  0000000f  RWIX
  COMP2                 00006420   00000020  00000011  0000000f  RWIX
  EPWM1                 00006800   00000040  00000040  00000000  RWIX
  EPWM2                 00006840   00000040  00000040  00000000  RWIX
  EPWM3                 00006880   00000040  00000040  00000000  RWIX
  EPWM4                 000068c0   00000040  00000040  00000000  RWIX
  ECAP1                 00006a00   00000020  00000020  00000000  RWIX
  GPIOCTRL              00006f80   00000040  00000040  00000000  RWIX
  GPIODAT               00006fc0   00000020  00000020  00000000  RWIX
  GPIOINT               00006fe0   00000020  0000000a  00000016  RWIX
  SYSTEM                00007010   00000020  0000001f  00000001  RWIX
  SPIA                  00007040   00000010  00000010  00000000  RWIX
  SCIA                  00007050   00000010  00000010  00000000  RWIX
  NMIINTRUPT            00007060   00000010  00000010  00000000  RWIX
  XINTRUPT              00007070   00000010  00000010  00000000  RWIX
  ADC                   00007100   00000080  00000051  0000002f  RWIX
  I2CA                  00007900   00000040  00000022  0000001e  RWIX
  DRAML0                00008800   00000800  00000078  00000788  RWIX
  PARTID                003d7fff   00000001  00000001  00000000  RWIX
  FLASHB                003f4000   00002000  00000000  00002000  RWIX
  CSM_PWL               003f7ff8   00000008  00000008  00000000  RWIX


SECTION ALLOCATION MAP

 output                                  attributes/
section   page    origin      length       input sections
--------  ----  ----------  ----------   ----------------
ramfuncs   0    003f6000    0000019c     RUN ADDR = 00008000
                  003f6000    000000a9     User_ADC.obj (ramfuncs:retain)
                  003f60a9    000000a0     User_PID.obj (ramfuncs)
                  003f6149    00000029     Main.obj (ramfuncs:retain)
                  003f6172    00000026     User_Filter.obj (ramfuncs)
                  003f6198    00000004     DSP2802x_usDelay.obj (ramfuncs)

.econst    0    003f619c    00000188     
                  003f619c    00000100     DSP2802x_PieVect.obj (.econst:_PieVectTableInit)
                  003f629c    0000007f     User_SCI.obj (.econst:.string)
                  003f631b    00000001     --HOLE-- [fill = 0]
                  003f631c    00000004     Main.obj (.econst)
                  003f6320    00000004     User_PID.obj (.econst)

IQmath     0    003f6324    00000014     
                  003f6324    0000000b     IQmath.lib : IQ15frac.obj (IQmath)
                  003f632f    00000009                : IQ15int.obj (IQmath)

.text      0    003f6338    00000e3e     
                  003f6338    00000200     DSP2802x_Adc.obj (.text)
                  003f6538    000001a8     User_SCI.obj (.text)
                  003f66e0    0000014b     DSP2802x_SysCtrl.obj (.text)
                  003f682b    00000148     SFO_TI_Build_V6.lib : SFO.obj (.text)
                  003f6973    00000139     DSP2802x_EPwm.obj (.text)
                  003f6aac    000000ff     DSP2802x_DefaultIsr.obj (.text:retain)
                  003f6bab    000000c6     Main.obj (.text)
                  003f6c71    000000b5     User_ADC.obj (.text)
                  003f6d26    00000083     rts2800_ml.lib : fd_mpy.obj (.text)
                  003f6da9    00000083                    : fs_div.obj (.text)
                  003f6e2c    00000078                    : fs_add.obj (.text)
                  003f6ea4    0000005a                    : fs_mpy.obj (.text)
                  003f6efe    00000054                    : boot.obj (.text)
                  003f6f52    00000046                    : cpy_tbl.obj (.text)
                  003f6f98    0000002f     User_Initialization .obj (.text)
                  003f6fc7    00000029     rts2800_ml.lib : exit.obj (.text)
                  003f6ff0    00000029                    : fs_tol.obj (.text)
                  003f7019    00000028     DSP2802x_PieCtrl.obj (.text)
                  003f7041    00000026     DSP2802x_PieVect.obj (.text)
                  003f7067    00000025     rts2800_ml.lib : fs_toi.obj (.text)
                  003f708c    0000001f                    : fd_tol.obj (.text)
                  003f70ab    0000001d     DSP2802x_Gpio.obj (.text)
                  003f70c8    0000001a     rts2800_ml.lib : cpy_utils.obj (.text)
                  003f70e2    00000019                    : args_main.obj (.text)
                  003f70fb    00000018     DSP2802x_Sci.obj (.text)
                  003f7113    00000017     rts2800_ml.lib : u_tofd.obj (.text)
                  003f712a    00000013     DSP2802x_MemCopy.obj (.text)
                  003f713d    00000010     rts2800_ml.lib : u_tofs.obj (.text)
                  003f714d    0000000b                    : u_div.obj (.text)
                  003f7158    00000009                    : _lock.obj (.text)
                  003f7161    00000008     DSP2802x_CodeStartBranch.obj (.text)
                  003f7169    00000007     DSP2802x_DisInt.obj (.text)
                  003f7170    00000003     DSP2802x_DBGIER.obj (.text)
                  003f7173    00000002     rts2800_ml.lib : pre_init.obj (.text)
                  003f7175    00000001                    : startup.obj (.text)

.cinit     0    003f7176    0000001e     
                  003f7176    0000000e     rts2800_ml.lib : exit.obj (.cinit)
                  003f7184    00000005                    : _lock.obj (.cinit:__lock)
                  003f7189    00000005                    : _lock.obj (.cinit:__unlock)
                  003f718e    00000004     SFO_TI_Build_V6.lib : SFO.obj (.cinit)
                  003f7192    00000002     --HOLE-- [fill = 0]

csm_rsvd   0    003f7f80    00000076     
                  003f7f80    00000076     DSP2802x_CSMPasswords.obj (csm_rsvd)

codestart 
*          0    003f7ff6    00000002     
                  003f7ff6    00000002     DSP2802x_CodeStartBranch.obj (codestart)

csmpasswds 
*          0    003f7ff8    00000008     
                  003f7ff8    00000008     DSP2802x_CSMPasswords.obj (csmpasswds)

.stack     1    00000050    00000300     UNINITIALIZED
                  00000050    00000300     --HOLE--

DevEmuRegsFile 
*          1    00000880    00000004     UNINITIALIZED
                  00000880    00000004     DSP2802x_GlobalVariableDefs.obj (DevEmuRegsFile)

SysPwrCtrlRegsFile 
*          1    00000985    00000003     UNINITIALIZED
                  00000985    00000003     DSP2802x_GlobalVariableDefs.obj (SysPwrCtrlRegsFile)

FlashRegsFile 
*          1    00000a80    00000008     UNINITIALIZED
                  00000a80    00000008     DSP2802x_GlobalVariableDefs.obj (FlashRegsFile)

CsmRegsFile 
*          1    00000ae0    00000010     UNINITIALIZED
                  00000ae0    00000010     DSP2802x_GlobalVariableDefs.obj (CsmRegsFile)

AdcResultFile 
*          1    00000b00    00000020     UNINITIALIZED
                  00000b00    00000020     DSP2802x_GlobalVariableDefs.obj (AdcResultFile)

CpuTimer0RegsFile 
*          1    00000c00    00000008     UNINITIALIZED
                  00000c00    00000008     DSP2802x_GlobalVariableDefs.obj (CpuTimer0RegsFile)

CpuTimer1RegsFile 
*          1    00000c08    00000008     UNINITIALIZED
                  00000c08    00000008     DSP2802x_GlobalVariableDefs.obj (CpuTimer1RegsFile)

CpuTimer2RegsFile 
*          1    00000c10    00000008     UNINITIALIZED
                  00000c10    00000008     DSP2802x_GlobalVariableDefs.obj (CpuTimer2RegsFile)

PieCtrlRegsFile 
*          1    00000ce0    0000001a     UNINITIALIZED
                  00000ce0    0000001a     DSP2802x_GlobalVariableDefs.obj (PieCtrlRegsFile)

PieVectTableFile 
*          1    00000d00    00000100     UNINITIALIZED
                  00000d00    00000100     DSP2802x_GlobalVariableDefs.obj (PieVectTableFile)

EmuKeyVar 
*          1    00000d00    00000001     UNINITIALIZED
                  00000d00    00000001     DSP2802x_GlobalVariableDefs.obj (EmuKeyVar)

EmuBModeVar 
*          1    00000d01    00000001     UNINITIALIZED
                  00000d01    00000001     DSP2802x_GlobalVariableDefs.obj (EmuBModeVar)

FlashCallbackVar 
*          1    00000d02    00000002     UNINITIALIZED
                  00000d02    00000002     DSP2802x_GlobalVariableDefs.obj (FlashCallbackVar)

FlashScalingVar 
*          1    00000d04    00000002     UNINITIALIZED
                  00000d04    00000002     DSP2802x_GlobalVariableDefs.obj (FlashScalingVar)

Comp1RegsFile 
*          1    00006400    00000011     UNINITIALIZED
                  00006400    00000011     DSP2802x_GlobalVariableDefs.obj (Comp1RegsFile)

Comp2RegsFile 
*          1    00006420    00000011     UNINITIALIZED
                  00006420    00000011     DSP2802x_GlobalVariableDefs.obj (Comp2RegsFile)

EPwm1RegsFile 
*          1    00006800    00000040     UNINITIALIZED
                  00006800    00000040     DSP2802x_GlobalVariableDefs.obj (EPwm1RegsFile)

EPwm2RegsFile 
*          1    00006840    00000040     UNINITIALIZED
                  00006840    00000040     DSP2802x_GlobalVariableDefs.obj (EPwm2RegsFile)

EPwm3RegsFile 
*          1    00006880    00000040     UNINITIALIZED
                  00006880    00000040     DSP2802x_GlobalVariableDefs.obj (EPwm3RegsFile)

EPwm4RegsFile 
*          1    000068c0    00000040     UNINITIALIZED
                  000068c0    00000040     DSP2802x_GlobalVariableDefs.obj (EPwm4RegsFile)

ECap1RegsFile 
*          1    00006a00    00000020     UNINITIALIZED
                  00006a00    00000020     DSP2802x_GlobalVariableDefs.obj (ECap1RegsFile)

GpioCtrlRegsFile 
*          1    00006f80    00000040     UNINITIALIZED
                  00006f80    00000040     DSP2802x_GlobalVariableDefs.obj (GpioCtrlRegsFile)

GpioDataRegsFile 
*          1    00006fc0    00000020     UNINITIALIZED
                  00006fc0    00000020     DSP2802x_GlobalVariableDefs.obj (GpioDataRegsFile)

GpioIntRegsFile 
*          1    00006fe0    0000000a     UNINITIALIZED
                  00006fe0    0000000a     DSP2802x_GlobalVariableDefs.obj (GpioIntRegsFile)

SysCtrlRegsFile 
*          1    00007010    0000001f     UNINITIALIZED
                  00007010    0000001f     DSP2802x_GlobalVariableDefs.obj (SysCtrlRegsFile)

SpiaRegsFile 
*          1    00007040    00000010     UNINITIALIZED
                  00007040    00000010     DSP2802x_GlobalVariableDefs.obj (SpiaRegsFile)

SciaRegsFile 
*          1    00007050    00000010     UNINITIALIZED
                  00007050    00000010     DSP2802x_GlobalVariableDefs.obj (SciaRegsFile)

NmiIntruptRegsFile 
*          1    00007060    00000010     UNINITIALIZED
                  00007060    00000010     DSP2802x_GlobalVariableDefs.obj (NmiIntruptRegsFile)

XIntruptRegsFile 
*          1    00007070    00000010     UNINITIALIZED
                  00007070    00000010     DSP2802x_GlobalVariableDefs.obj (XIntruptRegsFile)

AdcRegsFile 
*          1    00007100    00000051     UNINITIALIZED
                  00007100    00000051     DSP2802x_GlobalVariableDefs.obj (AdcRegsFile)

I2caRegsFile 
*          1    00007900    00000022     UNINITIALIZED
                  00007900    00000022     DSP2802x_GlobalVariableDefs.obj (I2caRegsFile)

.ebss      1    00008800    00000078     UNINITIALIZED
                  00008800    0000004a     Main.obj (.ebss)
                  0000884a    00000018     DSP2802x_CpuTimers.obj (.ebss)
                  00008862    0000000b     SFO_TI_Build_V6.lib : SFO.obj (.ebss)
                  0000886d    00000001     --HOLE--
                  0000886e    00000006     rts2800_ml.lib : exit.obj (.ebss)
                  00008874    00000002                    : _lock.obj (.ebss:__lock)
                  00008876    00000002                    : _lock.obj (.ebss:__unlock)

PartIdRegsFile 
*          1    003d7fff    00000001     UNINITIALIZED
                  003d7fff    00000001     DSP2802x_GlobalVariableDefs.obj (PartIdRegsFile)

CsmPwlFile 
*          1    003f7ff8    00000008     UNINITIALIZED
                  003f7ff8    00000008     DSP2802x_GlobalVariableDefs.obj (CsmPwlFile)

.pinit     0    003f6000    00000000     UNINITIALIZED

.reset     0    003fffc0    00000002     DSECT
                  003fffc0    00000002     rts2800_ml.lib : boot.obj (.reset)

vectors    0    003fffc2    00000000     DSECT

MODULE SUMMARY

       Module                            code   ro data   rw data
       ------                            ----   -------   -------
    .\TI_Source\
       DSP2802x_GlobalVariableDefs.obj   0      0         1022   
       DSP2802x_Adc.obj                  512    0         0      
       DSP2802x_SysCtrl.obj              331    0         0      
       DSP2802x_EPwm.obj                 313    0         0      
       DSP2802x_PieVect.obj              38     0         256    
       DSP2802x_DefaultIsr.obj           255    0         0      
       DSP2802x_CSMPasswords.obj         0      0         126    
       DSP2802x_PieCtrl.obj              40     0         0      
       DSP2802x_Gpio.obj                 29     0         0      
       DSP2802x_CpuTimers.obj            0      0         24     
       DSP2802x_Sci.obj                  24     0         0      
       DSP2802x_MemCopy.obj              19     0         0      
       DSP2802x_CodeStartBranch.obj      10     0         0      
       DSP2802x_usDelay.obj              8      0         0      
       DSP2802x_DisInt.obj               7      0         0      
       DSP2802x_DBGIER.obj               3      0         0      
    +--+---------------------------------+------+---------+---------+
       Total:                            1589   0         1428   
                                                                 
    .\User_Source\
       User_SCI.obj                      424    0         127    
       User_ADC.obj                      519    0         0      
       Main.obj                          280    0         78     
       User_PID.obj                      320    0         4      
       User_Filter.obj                   76     0         0      
       User_Initialization .obj          47     0         0      
    +--+---------------------------------+------+---------+---------+
       Total:                            1666   0         209    
                                                                 
    ../TI_Library/IQmath.lib
       IQ15frac.obj                      0      0         11     
       IQ15int.obj                       0      0         9      
    +--+---------------------------------+------+---------+---------+
       Total:                            0      0         20     
                                                                 
    ../TI_Library/SFO_TI_Build_V6.lib
       SFO.obj                           328    0         15     
    +--+---------------------------------+------+---------+---------+
       Total:                            328    0         15     
                                                                 
    E:\TI6\ccsv6\tools\compiler\ti-cgt-c2000_15.12.1.LTS\lib\rts2800_ml.lib
       fd_mpy.obj                        131    0         0      
       fs_div.obj                        131    0         0      
       fs_add.obj                        120    0         0      
       fs_mpy.obj                        90     0         0      
       boot.obj                          84     0         0      
       cpy_tbl.obj                       70     0         0      
       exit.obj                          41     0         20     
       fs_tol.obj                        41     0         0      
       fs_toi.obj                        37     0         0      
       fd_tol.obj                        31     0         0      
       cpy_utils.obj                     26     0         0      
       args_main.obj                     25     0         0      
       _lock.obj                         9      0         14     
       u_tofd.obj                        23     0         0      
       u_tofs.obj                        16     0         0      
       u_div.obj                         11     0         0      
       pre_init.obj                      2      0         0      
       startup.obj                       1      0         0      
    +--+---------------------------------+------+---------+---------+
       Total:                            889    0         34     
                                                                 
       Stack:                            0      0         768    
    +--+---------------------------------+------+---------+---------+
       Grand Total:                      4472   0         2474   


GLOBAL DATA SYMBOLS: SORTED BY DATA PAGE

address     data page           name
--------    ----------------    ----
00000050       1 (00000040)     __stack

00000880      22 (00000880)     _DevEmuRegs

00000985      26 (00000980)     _SysPwrCtrlRegs

00000a80      2a (00000a80)     _FlashRegs

00000ae0      2b (00000ac0)     _CsmRegs

00000b00      2c (00000b00)     _AdcResult

00000c00      30 (00000c00)     _CpuTimer0Regs
00000c08      30 (00000c00)     _CpuTimer1Regs
00000c10      30 (00000c00)     _CpuTimer2Regs

00000ce0      33 (00000cc0)     _PieCtrlRegs

00000d00      34 (00000d00)     _EmuKey
00000d00      34 (00000d00)     _PieVectTable
00000d01      34 (00000d00)     _EmuBMode
00000d02      34 (00000d00)     _Flash_CallbackPtr
00000d04      34 (00000d00)     _Flash_CPUScaleFactor

00006400     190 (00006400)     _Comp1Regs
00006420     190 (00006400)     _Comp2Regs

00006800     1a0 (00006800)     _EPwm1Regs

00006840     1a1 (00006840)     _EPwm2Regs

00006880     1a2 (00006880)     _EPwm3Regs

000068c0     1a3 (000068c0)     _EPwm4Regs

00006a00     1a8 (00006a00)     _ECap1Regs

00006f80     1be (00006f80)     _GpioCtrlRegs

00006fc0     1bf (00006fc0)     _GpioDataRegs
00006fe0     1bf (00006fc0)     _GpioIntRegs

00007010     1c0 (00007000)     _SysCtrlRegs

00007040     1c1 (00007040)     _SpiaRegs
00007050     1c1 (00007040)     _SciaRegs
00007060     1c1 (00007040)     _NmiIntruptRegs
00007070     1c1 (00007040)     _XIntruptRegs

00007100     1c4 (00007100)     _AdcRegs

00007900     1e4 (00007900)     _I2caRegs

00008800     220 (00008800)     _RamfuncsLoadEnd
00008801     220 (00008800)     _RamfuncsRunStart
00008802     220 (00008800)     _IL
00008803     220 (00008800)     _RamfuncsLoadStart
00008804     220 (00008800)     _Parameter
00008805     220 (00008800)     _kp_sci
00008806     220 (00008800)     _ki_sci
00008807     220 (00008800)     _SoftStart_Flag
00008808     220 (00008800)     _Vo
00008809     220 (00008800)     _Vi
0000880a     220 (00008800)     _Ki
0000880c     220 (00008800)     _PIout_This_Time
0000880e     220 (00008800)     _SoftStart_Period
00008810     220 (00008800)     _Error_This_Time
00008812     220 (00008800)     _Error_Last_Time
00008814     220 (00008800)     _Kp
00008816     220 (00008800)     _MEP_ScaleFactor
00008818     220 (00008800)     _ePWM
0000881a     220 (00008800)     _test
0000881c     220 (00008800)     _System_Runstate_Flag
0000881e     220 (00008800)     _PIout_Last_Time
00008820     220 (00008800)     _IL_test
0000882a     220 (00008800)     _Vi_test
00008834     220 (00008800)     _Temperature_test

00008840     221 (00008840)     _Vo_test
0000884a     221 (00008840)     _CpuTimer1
00008852     221 (00008840)     _CpuTimer2
0000885a     221 (00008840)     _CpuTimer0
00008867     221 (00008840)     _SFO_CAL
00008868     221 (00008840)     _MEP_SF
0000886e     221 (00008840)     ___TI_enable_exit_profile_output
00008870     221 (00008840)     ___TI_cleanup_ptr
00008872     221 (00008840)     ___TI_dtors_ptr
00008874     221 (00008840)     __lock
00008876     221 (00008840)     __unlock

003d7fff    f5ff (003d7fc0)     _PartIdRegs

003f619c    fd86 (003f6180)     _PieVectTableInit

003f6324    fd8c (003f6300)     __IQ15frac
003f632f    fd8c (003f6300)     __IQ15int

003f7ff8    fdff (003f7fc0)     _CsmPwl


GLOBAL SYMBOLS: SORTED ALPHABETICALLY BY Name 

page  address   name                            
----  -------   ----                            
abs   ffffffff  .text                           
0     003f6fc7  C$$EXIT                         
0     003f6d26  FD$$MPY                         
0     003f708c  FD$$TOL                         
0     003f6e31  FS$$ADD                         
0     003f6da9  FS$$DIV                         
0     003f6ea4  FS$$MPY                         
0     003f6e2c  FS$$SUB                         
0     003f7067  FS$$TOI                         
0     003f6ff0  FS$$TOL                         
abs   0000019c  RamfuncsLoadSize                
0     003f6000  RamfuncsLoadStart               
0     00008000  RamfuncsRunStart                
0     003f714d  U$$DIV                          
0     003f7152  U$$MOD                          
0     003f7113  U$$TOFD                         
0     003f713d  U$$TOFS                         
0     003f6b0b  _ADCINT1_ISR                    
0     003f6b10  _ADCINT2_ISR                    
0     003f6b79  _ADCINT3_ISR                    
0     003f6b7e  _ADCINT4_ISR                    
0     003f6b83  _ADCINT5_ISR                    
0     003f6b88  _ADCINT6_ISR                    
0     003f6b8d  _ADCINT7_ISR                    
0     003f6b92  _ADCINT8_ISR                    
0     003f6b1f  _ADCINT9_ISR                    
0     00008172  _ADC_Medium                     
0     003f639b  _AdcChanSelect                  
0     003f6410  _AdcConversion                  
0     003f6374  _AdcOffsetSelfCal               
1     00007100  _AdcRegs                        
1     00000b00  _AdcResult                      
0     003f6c71  _Adc_basic_init                 
0     00008000  _Adcint1_isr                    
0     0000805e  _Adcint2_isr                    
1     00006400  _Comp1Regs                      
1     00006420  _Comp2Regs                      
1     0000885a  _CpuTimer0                      
1     00000c00  _CpuTimer0Regs                  
1     0000884a  _CpuTimer1                      
1     00000c08  _CpuTimer1Regs                  
1     00008852  _CpuTimer2                      
1     00000c10  _CpuTimer2Regs                  
1     003f7ff8  _CsmPwl                         
1     00000ae0  _CsmRegs                        
0     003f67ae  _CsmUnlock                      
0     003f6ab6  _DATALOG_ISR                    
0     003f7169  _DSP28x_DisableInt              
0     003f716d  _DSP28x_RestoreInt              
0     00008198  _DSP28x_usDelay                 
1     00000880  _DevEmuRegs                     
0     003f671f  _DisableDog                     
0     003f6b56  _ECAP1_INT_ISR                  
1     00006a00  _ECap1Regs                      
0     003f6b9c  _EMPTY_ISR                      
0     003f6ac0  _EMUINT_ISR                     
0     003f6b42  _EPWM1_INT_ISR                  
0     003f6b2e  _EPWM1_TZINT_ISR                
0     003f6b47  _EPWM2_INT_ISR                  
0     003f6b33  _EPWM2_TZINT_ISR                
0     003f6b4c  _EPWM3_INT_ISR                  
0     003f6b38  _EPWM3_TZINT_ISR                
0     003f6b51  _EPWM4_INT_ISR                  
0     003f6b3d  _EPWM4_TZINT_ISR                
1     00006800  _EPwm1Regs                      
1     00006840  _EPwm2Regs                      
1     00006880  _EPwm3Regs                      
1     000068c0  _EPwm4Regs                      
1     00000d01  _EmuBMode                       
1     00000d00  _EmuKey                         
0     003f7038  _EnableInterrupts               
1     00008812  _Error_Last_Time                
1     00008810  _Error_This_Time                
0     003f6815  _ExtOscSel                      
1     00000a80  _FlashRegs                      
1     00000d04  _Flash_CPUScaleFactor           
1     00000d02  _Flash_CallbackPtr              
1     00006f80  _GpioCtrlRegs                   
1     00006fc0  _GpioDataRegs                   
1     00006fe0  _GpioIntRegs                    
0     003f6b65  _I2CINT1A_ISR                   
0     003f6b6a  _I2CINT2A_ISR                   
1     00007900  _I2caRegs                       
1     00008802  _IL                             
0     003f6aca  _ILLEGAL_ISR                    
1     00008820  _IL_test                        
0     003f6aac  _INT13_ISR                      
0     003f6ab1  _INT14_ISR                      
0     003f6338  _InitAdc                        
0     003f6352  _InitAdcAio                     
0     003f6973  _InitEPwm                       
0     003f69cd  _InitEPwm1                      
0     003f6981  _InitEPwm1Gpio                  
0     003f6a31  _InitEPwm2                      
0     003f6993  _InitEPwm2Gpio                  
0     003f69a5  _InitEPwm3Gpio                  
0     003f69b9  _InitEPwm4Gpio                  
0     003f697c  _InitEPwmGpio                   
0     003f6a81  _InitEPwmSyncGpio               
0     003f66fa  _InitFlash                      
0     003f70ab  _InitGpio                       
0     003f677c  _InitPeripheralClocks           
0     003f7019  _InitPieCtrl                    
0     003f7041  _InitPieVectTable               
0     003f6727  _InitPll                        
0     003f70fb  _InitSci                        
0     003f70fc  _InitSciGpio                    
0     003f70ff  _InitSciaGpio                   
0     003f66e0  _InitSysCtrl                    
0     003f6a91  _InitTzGpio                     
0     003f6f98  _Initial_User_variables         
0     003f67df  _IntOsc1Sel                     
0     003f67ef  _IntOsc2Sel                     
1     0000880a  _Ki                             
1     00008814  _Kp                             
1     00008868  _MEP_SF                         
1     00008816  _MEP_ScaleFactor                
0     003f712a  _MemCopy                        
0     003f6ac5  _NMI_ISR                        
1     00007060  _NmiIntruptRegs                 
0     003f656c  _PC_modify_kp_or_ki             
0     003f65b2  _PC_update_vo_or_il_or_vi       
0     003f6ba1  _PIE_RESERVED                   
1     0000881e  _PIout_Last_Time                
1     0000880c  _PIout_This_Time                
1     00008804  _Parameter                      
1     003d7fff  _PartIdRegs                     
1     00000ce0  _PieCtrlRegs                    
1     00000d00  _PieVectTable                   
0     003f619c  _PieVectTableInit               
0     003f6abb  _RTOSINT_ISR                    
1     00008800  _RamfuncsLoadEnd                
1     00008803  _RamfuncsLoadStart              
1     00008801  _RamfuncsRunStart               
0     003f6b6f  _SCIRXINTA_ISR                  
0     003f6b74  _SCITXINTA_ISR                  
0     003f682b  _SFO                            
1     00008867  _SFO_CAL                        
0     003f6b5b  _SPIRXINTA_ISR                  
0     003f6b60  _SPITXINTA_ISR                  
1     00007050  _SciaRegs                       
0     003f6715  _ServiceDog                     
0     003f7170  _SetDBGIER                      
1     00008807  _SoftStart_Flag                 
1     0000880e  _SoftStart_Period               
1     00007040  _SpiaRegs                       
1     00007010  _SysCtrlRegs                    
1     00000985  _SysPwrCtrlRegs                 
1     0000881c  _System_Runstate_Flag           
0     003f6b24  _TINT0_ISR                      
1     00008834  _Temperature_test               
0     003f6afc  _USER10_ISR                     
0     003f6b01  _USER11_ISR                     
0     003f6b06  _USER12_ISR                     
0     003f6acf  _USER1_ISR                      
0     003f6ad4  _USER2_ISR                      
0     003f6ad9  _USER3_ISR                      
0     003f6ade  _USER4_ISR                      
0     003f6ae3  _USER5_ISR                      
0     003f6ae8  _USER6_ISR                      
0     003f6aed  _USER7_ISR                      
0     003f6af2  _USER8_ISR                      
0     003f6af7  _USER9_ISR                      
0     000080a9  _User_PID                       
1     00008809  _Vi                             
1     0000882a  _Vi_test                        
1     00008808  _Vo                             
1     00008840  _Vo_test                        
0     003f6b29  _WAKEINT_ISR                    
0     003f6b15  _XINT1_ISR                      
0     003f6b1a  _XINT2_ISR                      
0     003f6b97  _XINT3_ISR                      
1     00007070  _XIntruptRegs                   
0     003f6801  _XtalOscSel                     
0     003f6324  __IQ15frac                      
0     003f632f  __IQ15int                       
1     00000350  __STACK_END                     
abs   00000300  __STACK_SIZE                    
1     00008870  ___TI_cleanup_ptr               
1     00008872  ___TI_dtors_ptr                 
1     0000886e  ___TI_enable_exit_profile_output
abs   ffffffff  ___TI_pprof_out_hndl            
abs   ffffffff  ___TI_prof_data_size            
abs   ffffffff  ___TI_prof_data_start           
abs   ffffffff  ___binit__                      
abs   ffffffff  ___c_args__                     
0     003f7176  ___cinit__                      
abs   ffffffff  ___etext__                      
abs   ffffffff  ___pinit__                      
abs   ffffffff  ___text__                       
0     003f70e2  __args_main                     
1     00008874  __lock                          
0     003f7160  __nop                           
0     003f715c  __register_lock                 
0     003f7158  __register_unlock               
1     00000050  __stack                         
0     003f7175  __system_post_cinit             
0     003f7173  __system_pre_init               
1     00008876  __unlock                        
0     003f6fc7  _abort                          
0     003f6efe  _c_int00                        
0     003f6f52  _copy_in                        
0     003f70c8  _ddcopy                         
0     003f70c8  _dpcopy                         
1     00008818  _ePWM                           
0     00008149  _epwm1_isr                      
0     003f6fc9  _exit                           
1     00008806  _ki_sci                         
1     00008805  _kp_sci                         
0     003f6bab  _main                           
0     003f70c8  _pdcopy                         
0     003f66ad  _pow                            
0     003f70c8  _ppcopy                         
0     003f654d  _receive_parameter              
0     003f6ba6  _rsvd_ISR                       
0     003f6538  _scia_basic_init                
0     003f66c0  _scia_send_Char_one_by_one      
1     0000881a  _test                           
abs   ffffffff  binit                           
0     003f7176  cinit                           
0     003f7ff6  code_start                      
abs   ffffffff  etext                           
abs   ffffffff  pinit                           


GLOBAL SYMBOLS: SORTED BY Symbol Address 

page  address   name                            
----  -------   ----                            
0     00008000  RamfuncsRunStart                
0     00008000  _Adcint1_isr                    
0     0000805e  _Adcint2_isr                    
0     000080a9  _User_PID                       
0     00008149  _epwm1_isr                      
0     00008172  _ADC_Medium                     
0     00008198  _DSP28x_usDelay                 
0     003f6000  RamfuncsLoadStart               
0     003f619c  _PieVectTableInit               
0     003f6324  __IQ15frac                      
0     003f632f  __IQ15int                       
0     003f6338  _InitAdc                        
0     003f6352  _InitAdcAio                     
0     003f6374  _AdcOffsetSelfCal               
0     003f639b  _AdcChanSelect                  
0     003f6410  _AdcConversion                  
0     003f6538  _scia_basic_init                
0     003f654d  _receive_parameter              
0     003f656c  _PC_modify_kp_or_ki             
0     003f65b2  _PC_update_vo_or_il_or_vi       
0     003f66ad  _pow                            
0     003f66c0  _scia_send_Char_one_by_one      
0     003f66e0  _InitSysCtrl                    
0     003f66fa  _InitFlash                      
0     003f6715  _ServiceDog                     
0     003f671f  _DisableDog                     
0     003f6727  _InitPll                        
0     003f677c  _InitPeripheralClocks           
0     003f67ae  _CsmUnlock                      
0     003f67df  _IntOsc1Sel                     
0     003f67ef  _IntOsc2Sel                     
0     003f6801  _XtalOscSel                     
0     003f6815  _ExtOscSel                      
0     003f682b  _SFO                            
0     003f6973  _InitEPwm                       
0     003f697c  _InitEPwmGpio                   
0     003f6981  _InitEPwm1Gpio                  
0     003f6993  _InitEPwm2Gpio                  
0     003f69a5  _InitEPwm3Gpio                  
0     003f69b9  _InitEPwm4Gpio                  
0     003f69cd  _InitEPwm1                      
0     003f6a31  _InitEPwm2                      
0     003f6a81  _InitEPwmSyncGpio               
0     003f6a91  _InitTzGpio                     
0     003f6aac  _INT13_ISR                      
0     003f6ab1  _INT14_ISR                      
0     003f6ab6  _DATALOG_ISR                    
0     003f6abb  _RTOSINT_ISR                    
0     003f6ac0  _EMUINT_ISR                     
0     003f6ac5  _NMI_ISR                        
0     003f6aca  _ILLEGAL_ISR                    
0     003f6acf  _USER1_ISR                      
0     003f6ad4  _USER2_ISR                      
0     003f6ad9  _USER3_ISR                      
0     003f6ade  _USER4_ISR                      
0     003f6ae3  _USER5_ISR                      
0     003f6ae8  _USER6_ISR                      
0     003f6aed  _USER7_ISR                      
0     003f6af2  _USER8_ISR                      
0     003f6af7  _USER9_ISR                      
0     003f6afc  _USER10_ISR                     
0     003f6b01  _USER11_ISR                     
0     003f6b06  _USER12_ISR                     
0     003f6b0b  _ADCINT1_ISR                    
0     003f6b10  _ADCINT2_ISR                    
0     003f6b15  _XINT1_ISR                      
0     003f6b1a  _XINT2_ISR                      
0     003f6b1f  _ADCINT9_ISR                    
0     003f6b24  _TINT0_ISR                      
0     003f6b29  _WAKEINT_ISR                    
0     003f6b2e  _EPWM1_TZINT_ISR                
0     003f6b33  _EPWM2_TZINT_ISR                
0     003f6b38  _EPWM3_TZINT_ISR                
0     003f6b3d  _EPWM4_TZINT_ISR                
0     003f6b42  _EPWM1_INT_ISR                  
0     003f6b47  _EPWM2_INT_ISR                  
0     003f6b4c  _EPWM3_INT_ISR                  
0     003f6b51  _EPWM4_INT_ISR                  
0     003f6b56  _ECAP1_INT_ISR                  
0     003f6b5b  _SPIRXINTA_ISR                  
0     003f6b60  _SPITXINTA_ISR                  
0     003f6b65  _I2CINT1A_ISR                   
0     003f6b6a  _I2CINT2A_ISR                   
0     003f6b6f  _SCIRXINTA_ISR                  
0     003f6b74  _SCITXINTA_ISR                  
0     003f6b79  _ADCINT3_ISR                    
0     003f6b7e  _ADCINT4_ISR                    
0     003f6b83  _ADCINT5_ISR                    
0     003f6b88  _ADCINT6_ISR                    
0     003f6b8d  _ADCINT7_ISR                    
0     003f6b92  _ADCINT8_ISR                    
0     003f6b97  _XINT3_ISR                      
0     003f6b9c  _EMPTY_ISR                      
0     003f6ba1  _PIE_RESERVED                   
0     003f6ba6  _rsvd_ISR                       
0     003f6bab  _main                           
0     003f6c71  _Adc_basic_init                 
0     003f6d26  FD$$MPY                         
0     003f6da9  FS$$DIV                         
0     003f6e2c  FS$$SUB                         
0     003f6e31  FS$$ADD                         
0     003f6ea4  FS$$MPY                         
0     003f6efe  _c_int00                        
0     003f6f52  _copy_in                        
0     003f6f98  _Initial_User_variables         
0     003f6fc7  C$$EXIT                         
0     003f6fc7  _abort                          
0     003f6fc9  _exit                           
0     003f6ff0  FS$$TOL                         
0     003f7019  _InitPieCtrl                    
0     003f7038  _EnableInterrupts               
0     003f7041  _InitPieVectTable               
0     003f7067  FS$$TOI                         
0     003f708c  FD$$TOL                         
0     003f70ab  _InitGpio                       
0     003f70c8  _ddcopy                         
0     003f70c8  _dpcopy                         
0     003f70c8  _pdcopy                         
0     003f70c8  _ppcopy                         
0     003f70e2  __args_main                     
0     003f70fb  _InitSci                        
0     003f70fc  _InitSciGpio                    
0     003f70ff  _InitSciaGpio                   
0     003f7113  U$$TOFD                         
0     003f712a  _MemCopy                        
0     003f713d  U$$TOFS                         
0     003f714d  U$$DIV                          
0     003f7152  U$$MOD                          
0     003f7158  __register_unlock               
0     003f715c  __register_lock                 
0     003f7160  __nop                           
0     003f7169  _DSP28x_DisableInt              
0     003f716d  _DSP28x_RestoreInt              
0     003f7170  _SetDBGIER                      
0     003f7173  __system_pre_init               
0     003f7175  __system_post_cinit             
0     003f7176  ___cinit__                      
0     003f7176  cinit                           
0     003f7ff6  code_start                      
1     00000050  __stack                         
1     00000350  __STACK_END                     
1     00000880  _DevEmuRegs                     
1     00000985  _SysPwrCtrlRegs                 
1     00000a80  _FlashRegs                      
1     00000ae0  _CsmRegs                        
1     00000b00  _AdcResult                      
1     00000c00  _CpuTimer0Regs                  
1     00000c08  _CpuTimer1Regs                  
1     00000c10  _CpuTimer2Regs                  
1     00000ce0  _PieCtrlRegs                    
1     00000d00  _EmuKey                         
1     00000d00  _PieVectTable                   
1     00000d01  _EmuBMode                       
1     00000d02  _Flash_CallbackPtr              
1     00000d04  _Flash_CPUScaleFactor           
1     00006400  _Comp1Regs                      
1     00006420  _Comp2Regs                      
1     00006800  _EPwm1Regs                      
1     00006840  _EPwm2Regs                      
1     00006880  _EPwm3Regs                      
1     000068c0  _EPwm4Regs                      
1     00006a00  _ECap1Regs                      
1     00006f80  _GpioCtrlRegs                   
1     00006fc0  _GpioDataRegs                   
1     00006fe0  _GpioIntRegs                    
1     00007010  _SysCtrlRegs                    
1     00007040  _SpiaRegs                       
1     00007050  _SciaRegs                       
1     00007060  _NmiIntruptRegs                 
1     00007070  _XIntruptRegs                   
1     00007100  _AdcRegs                        
1     00007900  _I2caRegs                       
1     00008800  _RamfuncsLoadEnd                
1     00008801  _RamfuncsRunStart               
1     00008802  _IL                             
1     00008803  _RamfuncsLoadStart              
1     00008804  _Parameter                      
1     00008805  _kp_sci                         
1     00008806  _ki_sci                         
1     00008807  _SoftStart_Flag                 
1     00008808  _Vo                             
1     00008809  _Vi                             
1     0000880a  _Ki                             
1     0000880c  _PIout_This_Time                
1     0000880e  _SoftStart_Period               
1     00008810  _Error_This_Time                
1     00008812  _Error_Last_Time                
1     00008814  _Kp                             
1     00008816  _MEP_ScaleFactor                
1     00008818  _ePWM                           
1     0000881a  _test                           
1     0000881c  _System_Runstate_Flag           
1     0000881e  _PIout_Last_Time                
1     00008820  _IL_test                        
1     0000882a  _Vi_test                        
1     00008834  _Temperature_test               
1     00008840  _Vo_test                        
1     0000884a  _CpuTimer1                      
1     00008852  _CpuTimer2                      
1     0000885a  _CpuTimer0                      
1     00008867  _SFO_CAL                        
1     00008868  _MEP_SF                         
1     0000886e  ___TI_enable_exit_profile_output
1     00008870  ___TI_cleanup_ptr               
1     00008872  ___TI_dtors_ptr                 
1     00008874  __lock                          
1     00008876  __unlock                        
1     003d7fff  _PartIdRegs                     
1     003f7ff8  _CsmPwl                         
abs   0000019c  RamfuncsLoadSize                
abs   00000300  __STACK_SIZE                    
abs   ffffffff  .text                           
abs   ffffffff  ___TI_pprof_out_hndl            
abs   ffffffff  ___TI_prof_data_size            
abs   ffffffff  ___TI_prof_data_start           
abs   ffffffff  ___binit__                      
abs   ffffffff  ___c_args__                     
abs   ffffffff  ___etext__                      
abs   ffffffff  ___pinit__                      
abs   ffffffff  ___text__                       
abs   ffffffff  binit                           
abs   ffffffff  etext                           
abs   ffffffff  pinit                           

[223 symbols]
