<?xml version="1.0"?>
<link_info>
   <banner>TMS320C2000 Linker PC v15.12.1.LTS</banner>
   <copyright>Copyright (c) 1996-2015 Texas Instruments Incorporated</copyright>
   <link_time>0x5d2ddd34</link_time>
   <link_errors>0x0</link_errors>
   <output_file>WPT_receiver_dc_dc.out</output_file>
   <entry_point>
      <name>_c_int00</name>
      <address>0x3f6efe</address>
   </entry_point>
   <input_file_list>
      <input_file id="fl-2">
         <path>.\TI_Source\</path>
         <kind>object</kind>
         <file>DSP2802x_Adc.obj</file>
         <name>DSP2802x_Adc.obj</name>
      </input_file>
      <input_file id="fl-3">
         <path>.\TI_Source\</path>
         <kind>object</kind>
         <file>DSP2802x_CSMPasswords.obj</file>
         <name>DSP2802x_CSMPasswords.obj</name>
      </input_file>
      <input_file id="fl-4">
         <path>.\TI_Source\</path>
         <kind>object</kind>
         <file>DSP2802x_CodeStartBranch.obj</file>
         <name>DSP2802x_CodeStartBranch.obj</name>
      </input_file>
      <input_file id="fl-5">
         <path>.\TI_Source\</path>
         <kind>object</kind>
         <file>DSP2802x_Comp.obj</file>
         <name>DSP2802x_Comp.obj</name>
      </input_file>
      <input_file id="fl-6">
         <path>.\TI_Source\</path>
         <kind>object</kind>
         <file>DSP2802x_CpuTimers.obj</file>
         <name>DSP2802x_CpuTimers.obj</name>
      </input_file>
      <input_file id="fl-7">
         <path>.\TI_Source\</path>
         <kind>object</kind>
         <file>DSP2802x_DBGIER.obj</file>
         <name>DSP2802x_DBGIER.obj</name>
      </input_file>
      <input_file id="fl-8">
         <path>.\TI_Source\</path>
         <kind>object</kind>
         <file>DSP2802x_DefaultIsr.obj</file>
         <name>DSP2802x_DefaultIsr.obj</name>
      </input_file>
      <input_file id="fl-9">
         <path>.\TI_Source\</path>
         <kind>object</kind>
         <file>DSP2802x_DisInt.obj</file>
         <name>DSP2802x_DisInt.obj</name>
      </input_file>
      <input_file id="fl-a">
         <path>.\TI_Source\</path>
         <kind>object</kind>
         <file>DSP2802x_ECap.obj</file>
         <name>DSP2802x_ECap.obj</name>
      </input_file>
      <input_file id="fl-b">
         <path>.\TI_Source\</path>
         <kind>object</kind>
         <file>DSP2802x_EPwm.obj</file>
         <name>DSP2802x_EPwm.obj</name>
      </input_file>
      <input_file id="fl-c">
         <path>.\TI_Source\</path>
         <kind>object</kind>
         <file>DSP2802x_GlobalVariableDefs.obj</file>
         <name>DSP2802x_GlobalVariableDefs.obj</name>
      </input_file>
      <input_file id="fl-d">
         <path>.\TI_Source\</path>
         <kind>object</kind>
         <file>DSP2802x_Gpio.obj</file>
         <name>DSP2802x_Gpio.obj</name>
      </input_file>
      <input_file id="fl-e">
         <path>.\TI_Source\</path>
         <kind>object</kind>
         <file>DSP2802x_I2C.obj</file>
         <name>DSP2802x_I2C.obj</name>
      </input_file>
      <input_file id="fl-f">
         <path>.\TI_Source\</path>
         <kind>object</kind>
         <file>DSP2802x_MemCopy.obj</file>
         <name>DSP2802x_MemCopy.obj</name>
      </input_file>
      <input_file id="fl-10">
         <path>.\TI_Source\</path>
         <kind>object</kind>
         <file>DSP2802x_OscComp.obj</file>
         <name>DSP2802x_OscComp.obj</name>
      </input_file>
      <input_file id="fl-11">
         <path>.\TI_Source\</path>
         <kind>object</kind>
         <file>DSP2802x_PieCtrl.obj</file>
         <name>DSP2802x_PieCtrl.obj</name>
      </input_file>
      <input_file id="fl-12">
         <path>.\TI_Source\</path>
         <kind>object</kind>
         <file>DSP2802x_PieVect.obj</file>
         <name>DSP2802x_PieVect.obj</name>
      </input_file>
      <input_file id="fl-13">
         <path>.\TI_Source\</path>
         <kind>object</kind>
         <file>DSP2802x_Sci.obj</file>
         <name>DSP2802x_Sci.obj</name>
      </input_file>
      <input_file id="fl-14">
         <path>.\TI_Source\</path>
         <kind>object</kind>
         <file>DSP2802x_Spi.obj</file>
         <name>DSP2802x_Spi.obj</name>
      </input_file>
      <input_file id="fl-15">
         <path>.\TI_Source\</path>
         <kind>object</kind>
         <file>DSP2802x_SysCtrl.obj</file>
         <name>DSP2802x_SysCtrl.obj</name>
      </input_file>
      <input_file id="fl-16">
         <path>.\TI_Source\</path>
         <kind>object</kind>
         <file>DSP2802x_TempSensorConv.obj</file>
         <name>DSP2802x_TempSensorConv.obj</name>
      </input_file>
      <input_file id="fl-17">
         <path>.\TI_Source\</path>
         <kind>object</kind>
         <file>DSP2802x_usDelay.obj</file>
         <name>DSP2802x_usDelay.obj</name>
      </input_file>
      <input_file id="fl-18">
         <path>.\User_Source\</path>
         <kind>object</kind>
         <file>Main.obj</file>
         <name>Main.obj</name>
      </input_file>
      <input_file id="fl-19">
         <path>.\User_Source\</path>
         <kind>object</kind>
         <file>User_ADC.obj</file>
         <name>User_ADC.obj</name>
      </input_file>
      <input_file id="fl-1a">
         <path>.\User_Source\</path>
         <kind>object</kind>
         <file>User_Filter.obj</file>
         <name>User_Filter.obj</name>
      </input_file>
      <input_file id="fl-1b">
         <path>.\User_Source\</path>
         <kind>object</kind>
         <file>User_Initialization .obj</file>
         <name>User_Initialization .obj</name>
      </input_file>
      <input_file id="fl-1c">
         <path>.\User_Source\</path>
         <kind>object</kind>
         <file>User_PID.obj</file>
         <name>User_PID.obj</name>
      </input_file>
      <input_file id="fl-1d">
         <path>.\User_Source\</path>
         <kind>object</kind>
         <file>User_Protect.obj</file>
         <name>User_Protect.obj</name>
      </input_file>
      <input_file id="fl-1e">
         <path>.\User_Source\</path>
         <kind>object</kind>
         <file>User_SCI.obj</file>
         <name>User_SCI.obj</name>
      </input_file>
      <input_file id="fl-1f">
         <path>.\User_Source\</path>
         <kind>object</kind>
         <file>User_Soft_start.obj</file>
         <name>User_Soft_start.obj</name>
      </input_file>
      <input_file id="fl-26">
         <path>..\TI_Library\</path>
         <kind>archive</kind>
         <file>IQmath.lib</file>
         <name>IQ15frac.obj</name>
      </input_file>
      <input_file id="fl-27">
         <path>..\TI_Library\</path>
         <kind>archive</kind>
         <file>IQmath.lib</file>
         <name>IQ15int.obj</name>
      </input_file>
      <input_file id="fl-28">
         <path>..\TI_Library\</path>
         <kind>archive</kind>
         <file>SFO_TI_Build_V6.lib</file>
         <name>SFO.obj</name>
      </input_file>
      <input_file id="fl-2f">
         <path>E:\TI6\ccsv6\tools\compiler\ti-cgt-c2000_15.12.1.LTS\lib\</path>
         <kind>archive</kind>
         <file>rts2800_ml.lib</file>
         <name>boot.obj</name>
      </input_file>
      <input_file id="fl-30">
         <path>E:\TI6\ccsv6\tools\compiler\ti-cgt-c2000_15.12.1.LTS\lib\</path>
         <kind>archive</kind>
         <file>rts2800_ml.lib</file>
         <name>cpy_tbl.obj</name>
      </input_file>
      <input_file id="fl-31">
         <path>E:\TI6\ccsv6\tools\compiler\ti-cgt-c2000_15.12.1.LTS\lib\</path>
         <kind>archive</kind>
         <file>rts2800_ml.lib</file>
         <name>cpy_utils.obj</name>
      </input_file>
      <input_file id="fl-32">
         <path>E:\TI6\ccsv6\tools\compiler\ti-cgt-c2000_15.12.1.LTS\lib\</path>
         <kind>archive</kind>
         <file>rts2800_ml.lib</file>
         <name>exit.obj</name>
      </input_file>
      <input_file id="fl-33">
         <path>E:\TI6\ccsv6\tools\compiler\ti-cgt-c2000_15.12.1.LTS\lib\</path>
         <kind>archive</kind>
         <file>rts2800_ml.lib</file>
         <name>fd_mpy.obj</name>
      </input_file>
      <input_file id="fl-34">
         <path>E:\TI6\ccsv6\tools\compiler\ti-cgt-c2000_15.12.1.LTS\lib\</path>
         <kind>archive</kind>
         <file>rts2800_ml.lib</file>
         <name>fd_tol.obj</name>
      </input_file>
      <input_file id="fl-35">
         <path>E:\TI6\ccsv6\tools\compiler\ti-cgt-c2000_15.12.1.LTS\lib\</path>
         <kind>archive</kind>
         <file>rts2800_ml.lib</file>
         <name>fs_add.obj</name>
      </input_file>
      <input_file id="fl-36">
         <path>E:\TI6\ccsv6\tools\compiler\ti-cgt-c2000_15.12.1.LTS\lib\</path>
         <kind>archive</kind>
         <file>rts2800_ml.lib</file>
         <name>fs_div.obj</name>
      </input_file>
      <input_file id="fl-37">
         <path>E:\TI6\ccsv6\tools\compiler\ti-cgt-c2000_15.12.1.LTS\lib\</path>
         <kind>archive</kind>
         <file>rts2800_ml.lib</file>
         <name>fs_mpy.obj</name>
      </input_file>
      <input_file id="fl-38">
         <path>E:\TI6\ccsv6\tools\compiler\ti-cgt-c2000_15.12.1.LTS\lib\</path>
         <kind>archive</kind>
         <file>rts2800_ml.lib</file>
         <name>fs_toi.obj</name>
      </input_file>
      <input_file id="fl-39">
         <path>E:\TI6\ccsv6\tools\compiler\ti-cgt-c2000_15.12.1.LTS\lib\</path>
         <kind>archive</kind>
         <file>rts2800_ml.lib</file>
         <name>fs_tol.obj</name>
      </input_file>
      <input_file id="fl-3a">
         <path>E:\TI6\ccsv6\tools\compiler\ti-cgt-c2000_15.12.1.LTS\lib\</path>
         <kind>archive</kind>
         <file>rts2800_ml.lib</file>
         <name>pre_init.obj</name>
      </input_file>
      <input_file id="fl-3b">
         <path>E:\TI6\ccsv6\tools\compiler\ti-cgt-c2000_15.12.1.LTS\lib\</path>
         <kind>archive</kind>
         <file>rts2800_ml.lib</file>
         <name>startup.obj</name>
      </input_file>
      <input_file id="fl-3c">
         <path>E:\TI6\ccsv6\tools\compiler\ti-cgt-c2000_15.12.1.LTS\lib\</path>
         <kind>archive</kind>
         <file>rts2800_ml.lib</file>
         <name>u_div.obj</name>
      </input_file>
      <input_file id="fl-3d">
         <path>E:\TI6\ccsv6\tools\compiler\ti-cgt-c2000_15.12.1.LTS\lib\</path>
         <kind>archive</kind>
         <file>rts2800_ml.lib</file>
         <name>u_tofd.obj</name>
      </input_file>
      <input_file id="fl-3e">
         <path>E:\TI6\ccsv6\tools\compiler\ti-cgt-c2000_15.12.1.LTS\lib\</path>
         <kind>archive</kind>
         <file>rts2800_ml.lib</file>
         <name>u_tofs.obj</name>
      </input_file>
      <input_file id="fl-3f">
         <path>E:\TI6\ccsv6\tools\compiler\ti-cgt-c2000_15.12.1.LTS\lib\</path>
         <kind>archive</kind>
         <file>rts2800_ml.lib</file>
         <name>_lock.obj</name>
      </input_file>
      <input_file id="fl-40">
         <path>E:\TI6\ccsv6\tools\compiler\ti-cgt-c2000_15.12.1.LTS\lib\</path>
         <kind>archive</kind>
         <file>rts2800_ml.lib</file>
         <name>args_main.obj</name>
      </input_file>
   </input_file_list>
   <object_component_list>
      <object_component id="oc-8c">
         <name>PieVectTableFile</name>
         <uninitialized>true</uninitialized>
         <run_address>0xd00</run_address>
         <size>0x100</size>
         <input_file_ref idref="fl-c"/>
      </object_component>
      <object_component id="oc-6c">
         <name>EmuKeyVar</name>
         <uninitialized>true</uninitialized>
         <run_address>0xd00</run_address>
         <size>0x1</size>
         <input_file_ref idref="fl-c"/>
      </object_component>
      <object_component id="oc-6e">
         <name>EmuBModeVar</name>
         <uninitialized>true</uninitialized>
         <run_address>0xd01</run_address>
         <size>0x1</size>
         <input_file_ref idref="fl-c"/>
      </object_component>
      <object_component id="oc-70">
         <name>FlashCallbackVar</name>
         <uninitialized>true</uninitialized>
         <run_address>0xd02</run_address>
         <size>0x2</size>
         <input_file_ref idref="fl-c"/>
      </object_component>
      <object_component id="oc-6f">
         <name>FlashScalingVar</name>
         <uninitialized>true</uninitialized>
         <run_address>0xd04</run_address>
         <size>0x2</size>
         <input_file_ref idref="fl-c"/>
      </object_component>
      <object_component id="oc-72">
         <name>DevEmuRegsFile</name>
         <uninitialized>true</uninitialized>
         <run_address>0x880</run_address>
         <size>0x4</size>
         <input_file_ref idref="fl-c"/>
      </object_component>
      <object_component id="oc-71">
         <name>SysPwrCtrlRegsFile</name>
         <uninitialized>true</uninitialized>
         <run_address>0x985</run_address>
         <size>0x3</size>
         <input_file_ref idref="fl-c"/>
      </object_component>
      <object_component id="oc-73">
         <name>FlashRegsFile</name>
         <uninitialized>true</uninitialized>
         <run_address>0xa80</run_address>
         <size>0x8</size>
         <input_file_ref idref="fl-c"/>
      </object_component>
      <object_component id="oc-7c">
         <name>CsmRegsFile</name>
         <uninitialized>true</uninitialized>
         <run_address>0xae0</run_address>
         <size>0x10</size>
         <input_file_ref idref="fl-c"/>
      </object_component>
      <object_component id="oc-84">
         <name>AdcResultFile</name>
         <uninitialized>true</uninitialized>
         <run_address>0xb00</run_address>
         <size>0x20</size>
         <input_file_ref idref="fl-c"/>
      </object_component>
      <object_component id="oc-74">
         <name>CpuTimer0RegsFile</name>
         <uninitialized>true</uninitialized>
         <run_address>0xc00</run_address>
         <size>0x8</size>
         <input_file_ref idref="fl-c"/>
      </object_component>
      <object_component id="oc-75">
         <name>CpuTimer1RegsFile</name>
         <uninitialized>true</uninitialized>
         <run_address>0xc08</run_address>
         <size>0x8</size>
         <input_file_ref idref="fl-c"/>
      </object_component>
      <object_component id="oc-76">
         <name>CpuTimer2RegsFile</name>
         <uninitialized>true</uninitialized>
         <run_address>0xc10</run_address>
         <size>0x8</size>
         <input_file_ref idref="fl-c"/>
      </object_component>
      <object_component id="oc-80">
         <name>PieCtrlRegsFile</name>
         <uninitialized>true</uninitialized>
         <run_address>0xce0</run_address>
         <size>0x1a</size>
         <input_file_ref idref="fl-c"/>
      </object_component>
      <object_component id="oc-83">
         <name>ECap1RegsFile</name>
         <uninitialized>true</uninitialized>
         <run_address>0x6a00</run_address>
         <size>0x20</size>
         <input_file_ref idref="fl-c"/>
      </object_component>
      <object_component id="oc-8a">
         <name>GpioCtrlRegsFile</name>
         <uninitialized>true</uninitialized>
         <run_address>0x6f80</run_address>
         <size>0x40</size>
         <input_file_ref idref="fl-c"/>
      </object_component>
      <object_component id="oc-82">
         <name>GpioDataRegsFile</name>
         <uninitialized>true</uninitialized>
         <run_address>0x6fc0</run_address>
         <size>0x20</size>
         <input_file_ref idref="fl-c"/>
      </object_component>
      <object_component id="oc-78">
         <name>GpioIntRegsFile</name>
         <uninitialized>true</uninitialized>
         <run_address>0x6fe0</run_address>
         <size>0xa</size>
         <input_file_ref idref="fl-c"/>
      </object_component>
      <object_component id="oc-81">
         <name>SysCtrlRegsFile</name>
         <uninitialized>true</uninitialized>
         <run_address>0x7010</run_address>
         <size>0x1f</size>
         <input_file_ref idref="fl-c"/>
      </object_component>
      <object_component id="oc-79">
         <name>SpiaRegsFile</name>
         <uninitialized>true</uninitialized>
         <run_address>0x7040</run_address>
         <size>0x10</size>
         <input_file_ref idref="fl-c"/>
      </object_component>
      <object_component id="oc-7a">
         <name>SciaRegsFile</name>
         <uninitialized>true</uninitialized>
         <run_address>0x7050</run_address>
         <size>0x10</size>
         <input_file_ref idref="fl-c"/>
      </object_component>
      <object_component id="oc-7b">
         <name>NmiIntruptRegsFile</name>
         <uninitialized>true</uninitialized>
         <run_address>0x7060</run_address>
         <size>0x10</size>
         <input_file_ref idref="fl-c"/>
      </object_component>
      <object_component id="oc-7d">
         <name>XIntruptRegsFile</name>
         <uninitialized>true</uninitialized>
         <run_address>0x7070</run_address>
         <size>0x10</size>
         <input_file_ref idref="fl-c"/>
      </object_component>
      <object_component id="oc-8b">
         <name>AdcRegsFile</name>
         <uninitialized>true</uninitialized>
         <run_address>0x7100</run_address>
         <size>0x51</size>
         <input_file_ref idref="fl-c"/>
      </object_component>
      <object_component id="oc-85">
         <name>I2caRegsFile</name>
         <uninitialized>true</uninitialized>
         <run_address>0x7900</run_address>
         <size>0x22</size>
         <input_file_ref idref="fl-c"/>
      </object_component>
      <object_component id="oc-7f">
         <name>Comp1RegsFile</name>
         <uninitialized>true</uninitialized>
         <run_address>0x6400</run_address>
         <size>0x11</size>
         <input_file_ref idref="fl-c"/>
      </object_component>
      <object_component id="oc-7e">
         <name>Comp2RegsFile</name>
         <uninitialized>true</uninitialized>
         <run_address>0x6420</run_address>
         <size>0x11</size>
         <input_file_ref idref="fl-c"/>
      </object_component>
      <object_component id="oc-89">
         <name>EPwm1RegsFile</name>
         <uninitialized>true</uninitialized>
         <run_address>0x6800</run_address>
         <size>0x40</size>
         <input_file_ref idref="fl-c"/>
      </object_component>
      <object_component id="oc-87">
         <name>EPwm2RegsFile</name>
         <uninitialized>true</uninitialized>
         <run_address>0x6840</run_address>
         <size>0x40</size>
         <input_file_ref idref="fl-c"/>
      </object_component>
      <object_component id="oc-86">
         <name>EPwm3RegsFile</name>
         <uninitialized>true</uninitialized>
         <run_address>0x6880</run_address>
         <size>0x40</size>
         <input_file_ref idref="fl-c"/>
      </object_component>
      <object_component id="oc-88">
         <name>EPwm4RegsFile</name>
         <uninitialized>true</uninitialized>
         <run_address>0x68c0</run_address>
         <size>0x40</size>
         <input_file_ref idref="fl-c"/>
      </object_component>
      <object_component id="oc-77">
         <name>CsmPwlFile</name>
         <uninitialized>true</uninitialized>
         <run_address>0x3f7ff8</run_address>
         <size>0x8</size>
         <input_file_ref idref="fl-c"/>
      </object_component>
      <object_component id="oc-6d">
         <name>PartIdRegsFile</name>
         <uninitialized>true</uninitialized>
         <run_address>0x3d7fff</run_address>
         <size>0x1</size>
         <input_file_ref idref="fl-c"/>
      </object_component>
      <object_component id="oc-10c">
         <name>.cinit</name>
         <load_address>0x3f7176</load_address>
         <run_address>0x3f7176</run_address>
         <size>0xe</size>
         <input_file_ref idref="fl-32"/>
      </object_component>
      <object_component id="oc-161">
         <name>.cinit:__lock</name>
         <load_address>0x3f7184</load_address>
         <run_address>0x3f7184</run_address>
         <size>0x5</size>
         <input_file_ref idref="fl-3f"/>
      </object_component>
      <object_component id="oc-16c">
         <name>.cinit:__unlock</name>
         <load_address>0x3f7189</load_address>
         <run_address>0x3f7189</run_address>
         <size>0x5</size>
         <input_file_ref idref="fl-3f"/>
      </object_component>
      <object_component id="oc-f7">
         <name>.cinit</name>
         <load_address>0x3f718e</load_address>
         <run_address>0x3f718e</run_address>
         <size>0x4</size>
         <input_file_ref idref="fl-28"/>
      </object_component>
      <object_component id="oc-16e">
         <name>.text</name>
         <load_address>0x3f6338</load_address>
         <run_address>0x3f6338</run_address>
         <size>0x200</size>
         <input_file_ref idref="fl-2"/>
      </object_component>
      <object_component id="oc-16a">
         <name>.text</name>
         <load_address>0x3f6538</load_address>
         <run_address>0x3f6538</run_address>
         <size>0x1a8</size>
         <input_file_ref idref="fl-1e"/>
      </object_component>
      <object_component id="oc-162">
         <name>.text</name>
         <load_address>0x3f66e0</load_address>
         <run_address>0x3f66e0</run_address>
         <size>0x14b</size>
         <input_file_ref idref="fl-15"/>
      </object_component>
      <object_component id="oc-f5">
         <name>.text</name>
         <load_address>0x3f682b</load_address>
         <run_address>0x3f682b</run_address>
         <size>0x148</size>
         <input_file_ref idref="fl-28"/>
      </object_component>
      <object_component id="oc-168">
         <name>.text</name>
         <load_address>0x3f6973</load_address>
         <run_address>0x3f6973</run_address>
         <size>0x139</size>
         <input_file_ref idref="fl-b"/>
      </object_component>
      <object_component id="oc-57">
         <name>.text:retain</name>
         <load_address>0x3f6aac</load_address>
         <run_address>0x3f6aac</run_address>
         <size>0xff</size>
         <input_file_ref idref="fl-8"/>
      </object_component>
      <object_component id="oc-15f">
         <name>.text</name>
         <load_address>0x3f6bab</load_address>
         <run_address>0x3f6bab</run_address>
         <size>0xc6</size>
         <input_file_ref idref="fl-18"/>
      </object_component>
      <object_component id="oc-169">
         <name>.text</name>
         <load_address>0x3f6c71</load_address>
         <run_address>0x3f6c71</run_address>
         <size>0xb5</size>
         <input_file_ref idref="fl-19"/>
      </object_component>
      <object_component id="oc-112">
         <name>.text</name>
         <load_address>0x3f6d26</load_address>
         <run_address>0x3f6d26</run_address>
         <size>0x83</size>
         <input_file_ref idref="fl-33"/>
      </object_component>
      <object_component id="oc-121">
         <name>.text</name>
         <load_address>0x3f6da9</load_address>
         <run_address>0x3f6da9</run_address>
         <size>0x83</size>
         <input_file_ref idref="fl-36"/>
      </object_component>
      <object_component id="oc-11c">
         <name>.text</name>
         <load_address>0x3f6e2c</load_address>
         <run_address>0x3f6e2c</run_address>
         <size>0x78</size>
         <input_file_ref idref="fl-35"/>
      </object_component>
      <object_component id="oc-126">
         <name>.text</name>
         <load_address>0x3f6ea4</load_address>
         <run_address>0x3f6ea4</run_address>
         <size>0x5a</size>
         <input_file_ref idref="fl-37"/>
      </object_component>
      <object_component id="oc-38">
         <name>.text</name>
         <load_address>0x3f6efe</load_address>
         <run_address>0x3f6efe</run_address>
         <size>0x54</size>
         <input_file_ref idref="fl-2f"/>
      </object_component>
      <object_component id="oc-159">
         <name>.text</name>
         <load_address>0x3f6f52</load_address>
         <run_address>0x3f6f52</run_address>
         <size>0x46</size>
         <input_file_ref idref="fl-30"/>
      </object_component>
      <object_component id="oc-166">
         <name>.text</name>
         <load_address>0x3f6f98</load_address>
         <run_address>0x3f6f98</run_address>
         <size>0x2f</size>
         <input_file_ref idref="fl-1b"/>
      </object_component>
      <object_component id="oc-15c">
         <name>.text</name>
         <load_address>0x3f6fc7</load_address>
         <run_address>0x3f6fc7</run_address>
         <size>0x29</size>
         <input_file_ref idref="fl-32"/>
      </object_component>
      <object_component id="oc-130">
         <name>.text</name>
         <load_address>0x3f6ff0</load_address>
         <run_address>0x3f6ff0</run_address>
         <size>0x29</size>
         <input_file_ref idref="fl-39"/>
      </object_component>
      <object_component id="oc-164">
         <name>.text</name>
         <load_address>0x3f7019</load_address>
         <run_address>0x3f7019</run_address>
         <size>0x28</size>
         <input_file_ref idref="fl-11"/>
      </object_component>
      <object_component id="oc-165">
         <name>.text</name>
         <load_address>0x3f7041</load_address>
         <run_address>0x3f7041</run_address>
         <size>0x26</size>
         <input_file_ref idref="fl-12"/>
      </object_component>
      <object_component id="oc-12b">
         <name>.text</name>
         <load_address>0x3f7067</load_address>
         <run_address>0x3f7067</run_address>
         <size>0x25</size>
         <input_file_ref idref="fl-38"/>
      </object_component>
      <object_component id="oc-117">
         <name>.text</name>
         <load_address>0x3f708c</load_address>
         <run_address>0x3f708c</run_address>
         <size>0x1f</size>
         <input_file_ref idref="fl-34"/>
      </object_component>
      <object_component id="oc-167">
         <name>.text</name>
         <load_address>0x3f70ab</load_address>
         <run_address>0x3f70ab</run_address>
         <size>0x1d</size>
         <input_file_ref idref="fl-d"/>
      </object_component>
      <object_component id="oc-106">
         <name>.text</name>
         <load_address>0x3f70c8</load_address>
         <run_address>0x3f70c8</run_address>
         <size>0x1a</size>
         <input_file_ref idref="fl-31"/>
      </object_component>
      <object_component id="oc-15b">
         <name>.text</name>
         <load_address>0x3f70e2</load_address>
         <run_address>0x3f70e2</run_address>
         <size>0x19</size>
         <input_file_ref idref="fl-40"/>
      </object_component>
      <object_component id="oc-16f">
         <name>.text</name>
         <load_address>0x3f70fb</load_address>
         <run_address>0x3f70fb</run_address>
         <size>0x18</size>
         <input_file_ref idref="fl-13"/>
      </object_component>
      <object_component id="oc-144">
         <name>.text</name>
         <load_address>0x3f7113</load_address>
         <run_address>0x3f7113</run_address>
         <size>0x17</size>
         <input_file_ref idref="fl-3d"/>
      </object_component>
      <object_component id="oc-163">
         <name>.text</name>
         <load_address>0x3f712a</load_address>
         <run_address>0x3f712a</run_address>
         <size>0x13</size>
         <input_file_ref idref="fl-f"/>
      </object_component>
      <object_component id="oc-149">
         <name>.text</name>
         <load_address>0x3f713d</load_address>
         <run_address>0x3f713d</run_address>
         <size>0x10</size>
         <input_file_ref idref="fl-3e"/>
      </object_component>
      <object_component id="oc-13f">
         <name>.text</name>
         <load_address>0x3f714d</load_address>
         <run_address>0x3f714d</run_address>
         <size>0xb</size>
         <input_file_ref idref="fl-3c"/>
      </object_component>
      <object_component id="oc-16b">
         <name>.text</name>
         <load_address>0x3f7158</load_address>
         <run_address>0x3f7158</run_address>
         <size>0x9</size>
         <input_file_ref idref="fl-3f"/>
      </object_component>
      <object_component id="oc-40">
         <name>.text</name>
         <load_address>0x3f7161</load_address>
         <run_address>0x3f7161</run_address>
         <size>0x8</size>
         <input_file_ref idref="fl-4"/>
      </object_component>
      <object_component id="oc-5c">
         <name>.text</name>
         <load_address>0x3f7169</load_address>
         <run_address>0x3f7169</run_address>
         <size>0x7</size>
         <input_file_ref idref="fl-9"/>
      </object_component>
      <object_component id="oc-51">
         <name>.text</name>
         <load_address>0x3f7170</load_address>
         <run_address>0x3f7170</run_address>
         <size>0x3</size>
         <input_file_ref idref="fl-7"/>
      </object_component>
      <object_component id="oc-158">
         <name>.text</name>
         <load_address>0x3f7173</load_address>
         <run_address>0x3f7173</run_address>
         <size>0x2</size>
         <input_file_ref idref="fl-3a"/>
      </object_component>
      <object_component id="oc-15a">
         <name>.text</name>
         <load_address>0x3f7175</load_address>
         <run_address>0x3f7175</run_address>
         <size>0x1</size>
         <input_file_ref idref="fl-3b"/>
      </object_component>
      <object_component id="oc-41">
         <name>codestart</name>
         <load_address>0x3f7ff6</load_address>
         <run_address>0x3f7ff6</run_address>
         <size>0x2</size>
         <input_file_ref idref="fl-4"/>
      </object_component>
      <object_component id="oc-ce">
         <name>ramfuncs:retain</name>
         <load_address>0x3f6000</load_address>
         <run_address>0x8000</run_address>
         <size>0xa9</size>
         <input_file_ref idref="fl-19"/>
      </object_component>
      <object_component id="oc-15d">
         <name>ramfuncs</name>
         <load_address>0x3f60a9</load_address>
         <run_address>0x80a9</run_address>
         <size>0xa0</size>
         <input_file_ref idref="fl-1c"/>
      </object_component>
      <object_component id="oc-c7">
         <name>ramfuncs:retain</name>
         <load_address>0x3f6149</load_address>
         <run_address>0x8149</run_address>
         <size>0x29</size>
         <input_file_ref idref="fl-18"/>
      </object_component>
      <object_component id="oc-15e">
         <name>ramfuncs</name>
         <load_address>0x3f6172</load_address>
         <run_address>0x8172</run_address>
         <size>0x26</size>
         <input_file_ref idref="fl-1a"/>
      </object_component>
      <object_component id="oc-c0">
         <name>ramfuncs</name>
         <load_address>0x3f6198</load_address>
         <run_address>0x8198</run_address>
         <size>0x4</size>
         <input_file_ref idref="fl-17"/>
      </object_component>
      <object_component id="oc-3e">
         <name>csmpasswds</name>
         <load_address>0x3f7ff8</load_address>
         <run_address>0x3f7ff8</run_address>
         <size>0x8</size>
         <input_file_ref idref="fl-3"/>
      </object_component>
      <object_component id="oc-3f">
         <name>csm_rsvd</name>
         <load_address>0x3f7f80</load_address>
         <run_address>0x3f7f80</run_address>
         <size>0x76</size>
         <input_file_ref idref="fl-3"/>
      </object_component>
      <object_component id="oc-fb">
         <name>.stack</name>
         <uninitialized>true</uninitialized>
         <run_address>0x50</run_address>
         <size>0x0</size>
         <input_file_ref idref="fl-2f"/>
      </object_component>
      <object_component id="oc-1b1">
         <name>.stack</name>
         <uninitialized>true</uninitialized>
         <run_address>0x50</run_address>
         <size>0x0</size>
      </object_component>
      <object_component id="oc-4c">
         <name>.ebss</name>
         <uninitialized>true</uninitialized>
         <run_address>0x884a</run_address>
         <size>0x18</size>
         <input_file_ref idref="fl-6"/>
      </object_component>
      <object_component id="oc-c6">
         <name>.ebss</name>
         <uninitialized>true</uninitialized>
         <run_address>0x8800</run_address>
         <size>0x4a</size>
         <input_file_ref idref="fl-18"/>
      </object_component>
      <object_component id="oc-f8">
         <name>.ebss</name>
         <uninitialized>true</uninitialized>
         <run_address>0x8862</run_address>
         <size>0xb</size>
         <input_file_ref idref="fl-28"/>
      </object_component>
      <object_component id="oc-10d">
         <name>.ebss</name>
         <uninitialized>true</uninitialized>
         <run_address>0x886e</run_address>
         <size>0x6</size>
         <input_file_ref idref="fl-32"/>
      </object_component>
      <object_component id="oc-170">
         <name>.ebss:__unlock</name>
         <uninitialized>true</uninitialized>
         <run_address>0x8876</run_address>
         <size>0x2</size>
         <input_file_ref idref="fl-3f"/>
      </object_component>
      <object_component id="oc-160">
         <name>.ebss:__lock</name>
         <uninitialized>true</uninitialized>
         <run_address>0x8874</run_address>
         <size>0x2</size>
         <input_file_ref idref="fl-3f"/>
      </object_component>
      <object_component id="oc-16d">
         <name>.econst:_PieVectTableInit</name>
         <load_address>0x3f619c</load_address>
         <run_address>0x3f619c</run_address>
         <size>0x100</size>
         <input_file_ref idref="fl-12"/>
      </object_component>
      <object_component id="oc-e9">
         <name>.econst:.string</name>
         <load_address>0x3f629c</load_address>
         <run_address>0x3f629c</run_address>
         <size>0x7f</size>
         <input_file_ref idref="fl-1e"/>
      </object_component>
      <object_component id="oc-c8">
         <name>.econst</name>
         <load_address>0x3f631c</load_address>
         <run_address>0x3f631c</run_address>
         <size>0x4</size>
         <input_file_ref idref="fl-18"/>
      </object_component>
      <object_component id="oc-de">
         <name>.econst</name>
         <load_address>0x3f6320</load_address>
         <run_address>0x3f6320</run_address>
         <size>0x4</size>
         <input_file_ref idref="fl-1c"/>
      </object_component>
      <object_component id="oc-f3">
         <name>IQmath</name>
         <load_address>0x3f6324</load_address>
         <run_address>0x3f6324</run_address>
         <size>0xb</size>
         <input_file_ref idref="fl-26"/>
      </object_component>
      <object_component id="oc-f4">
         <name>IQmath</name>
         <load_address>0x3f632f</load_address>
         <run_address>0x3f632f</run_address>
         <size>0x9</size>
         <input_file_ref idref="fl-27"/>
      </object_component>
      <object_component id="oc-fc">
         <name>.reset</name>
         <load_address>0x3fffc0</load_address>
         <run_address>0x3fffc0</run_address>
         <size>0x2</size>
         <input_file_ref idref="fl-2f"/>
      </object_component>
      <object_component id="oc-39">
         <name>.debug_info</name>
         <load_address>0x0</load_address>
         <run_address>0x0</run_address>
         <size>0x400d</size>
         <input_file_ref idref="fl-2"/>
      </object_component>
      <object_component id="oc-42">
         <name>.debug_info</name>
         <load_address>0x400d</load_address>
         <run_address>0x400d</run_address>
         <size>0x14b</size>
         <input_file_ref idref="fl-4"/>
      </object_component>
      <object_component id="oc-46">
         <name>.debug_info</name>
         <load_address>0x4158</load_address>
         <run_address>0x4158</run_address>
         <size>0x1385</size>
         <input_file_ref idref="fl-5"/>
      </object_component>
      <object_component id="oc-4b">
         <name>.debug_info</name>
         <load_address>0x54dd</load_address>
         <run_address>0x54dd</run_address>
         <size>0x7a3</size>
         <input_file_ref idref="fl-6"/>
      </object_component>
      <object_component id="oc-52">
         <name>.debug_info</name>
         <load_address>0x5c80</load_address>
         <run_address>0x5c80</run_address>
         <size>0x108</size>
         <input_file_ref idref="fl-7"/>
      </object_component>
      <object_component id="oc-56">
         <name>.debug_info</name>
         <load_address>0x5d88</load_address>
         <run_address>0x5d88</run_address>
         <size>0x191a</size>
         <input_file_ref idref="fl-8"/>
      </object_component>
      <object_component id="oc-5d">
         <name>.debug_info</name>
         <load_address>0x76a2</load_address>
         <run_address>0x76a2</run_address>
         <size>0x10e</size>
         <input_file_ref idref="fl-9"/>
      </object_component>
      <object_component id="oc-61">
         <name>.debug_info</name>
         <load_address>0x77b0</load_address>
         <run_address>0x77b0</run_address>
         <size>0x1385</size>
         <input_file_ref idref="fl-a"/>
      </object_component>
      <object_component id="oc-66">
         <name>.debug_info</name>
         <load_address>0x8b35</load_address>
         <run_address>0x8b35</run_address>
         <size>0x3832</size>
         <input_file_ref idref="fl-b"/>
      </object_component>
      <object_component id="oc-6b">
         <name>.debug_info</name>
         <load_address>0xc367</load_address>
         <run_address>0xc367</run_address>
         <size>0xb040</size>
         <input_file_ref idref="fl-c"/>
      </object_component>
      <object_component id="oc-8e">
         <name>.debug_info</name>
         <load_address>0x173a7</load_address>
         <run_address>0x173a7</run_address>
         <size>0x15e8</size>
         <input_file_ref idref="fl-d"/>
      </object_component>
      <object_component id="oc-93">
         <name>.debug_info</name>
         <load_address>0x1898f</load_address>
         <run_address>0x1898f</run_address>
         <size>0x1384</size>
         <input_file_ref idref="fl-e"/>
      </object_component>
      <object_component id="oc-98">
         <name>.debug_info</name>
         <load_address>0x19d13</load_address>
         <run_address>0x19d13</run_address>
         <size>0x3de</size>
         <input_file_ref idref="fl-f"/>
      </object_component>
      <object_component id="oc-9d">
         <name>.debug_info</name>
         <load_address>0x1a0f1</load_address>
         <run_address>0x1a0f1</run_address>
         <size>0x10ee</size>
         <input_file_ref idref="fl-10"/>
      </object_component>
      <object_component id="oc-a2">
         <name>.debug_info</name>
         <load_address>0x1b1df</load_address>
         <run_address>0x1b1df</run_address>
         <size>0xad3</size>
         <input_file_ref idref="fl-11"/>
      </object_component>
      <object_component id="oc-a7">
         <name>.debug_info</name>
         <load_address>0x1bcb2</load_address>
         <run_address>0x1bcb2</run_address>
         <size>0x1ead</size>
         <input_file_ref idref="fl-12"/>
      </object_component>
      <object_component id="oc-ac">
         <name>.debug_info</name>
         <load_address>0x1db5f</load_address>
         <run_address>0x1db5f</run_address>
         <size>0x14d3</size>
         <input_file_ref idref="fl-13"/>
      </object_component>
      <object_component id="oc-b1">
         <name>.debug_info</name>
         <load_address>0x1f032</load_address>
         <run_address>0x1f032</run_address>
         <size>0x1384</size>
         <input_file_ref idref="fl-14"/>
      </object_component>
      <object_component id="oc-b6">
         <name>.debug_info</name>
         <load_address>0x203b6</load_address>
         <run_address>0x203b6</run_address>
         <size>0x2fb6</size>
         <input_file_ref idref="fl-15"/>
      </object_component>
      <object_component id="oc-bb">
         <name>.debug_info</name>
         <load_address>0x2336c</load_address>
         <run_address>0x2336c</run_address>
         <size>0x2de</size>
         <input_file_ref idref="fl-16"/>
      </object_component>
      <object_component id="oc-c1">
         <name>.debug_info</name>
         <load_address>0x2364a</load_address>
         <run_address>0x2364a</run_address>
         <size>0x10a</size>
         <input_file_ref idref="fl-17"/>
      </object_component>
      <object_component id="oc-c5">
         <name>.debug_info</name>
         <load_address>0x23754</load_address>
         <run_address>0x23754</run_address>
         <size>0x5072</size>
         <input_file_ref idref="fl-18"/>
      </object_component>
      <object_component id="oc-cd">
         <name>.debug_info</name>
         <load_address>0x287c6</load_address>
         <run_address>0x287c6</run_address>
         <size>0x286d</size>
         <input_file_ref idref="fl-19"/>
      </object_component>
      <object_component id="oc-d3">
         <name>.debug_info</name>
         <load_address>0x2b033</load_address>
         <run_address>0x2b033</run_address>
         <size>0x3a6</size>
         <input_file_ref idref="fl-1a"/>
      </object_component>
      <object_component id="oc-d8">
         <name>.debug_info</name>
         <load_address>0x2b3d9</load_address>
         <run_address>0x2b3d9</run_address>
         <size>0x4ef</size>
         <input_file_ref idref="fl-1b"/>
      </object_component>
      <object_component id="oc-dd">
         <name>.debug_info</name>
         <load_address>0x2b8c8</load_address>
         <run_address>0x2b8c8</run_address>
         <size>0x2547</size>
         <input_file_ref idref="fl-1c"/>
      </object_component>
      <object_component id="oc-e3">
         <name>.debug_info</name>
         <load_address>0x2de0f</load_address>
         <run_address>0x2de0f</run_address>
         <size>0x2bd</size>
         <input_file_ref idref="fl-1d"/>
      </object_component>
      <object_component id="oc-e8">
         <name>.debug_info</name>
         <load_address>0x2e0cc</load_address>
         <run_address>0x2e0cc</run_address>
         <size>0x140c</size>
         <input_file_ref idref="fl-1e"/>
      </object_component>
      <object_component id="oc-ee">
         <name>.debug_info</name>
         <load_address>0x2f4d8</load_address>
         <run_address>0x2f4d8</run_address>
         <size>0x2c0</size>
         <input_file_ref idref="fl-1f"/>
      </object_component>
      <object_component id="oc-f6">
         <name>.debug_info</name>
         <load_address>0x2f798</load_address>
         <run_address>0x2f798</run_address>
         <size>0x1bbe</size>
         <input_file_ref idref="fl-28"/>
      </object_component>
      <object_component id="oc-fd">
         <name>.debug_info</name>
         <load_address>0x31356</load_address>
         <run_address>0x31356</run_address>
         <size>0x187</size>
         <input_file_ref idref="fl-2f"/>
      </object_component>
      <object_component id="oc-101">
         <name>.debug_info</name>
         <load_address>0x314dd</load_address>
         <run_address>0x314dd</run_address>
         <size>0x591</size>
         <input_file_ref idref="fl-30"/>
      </object_component>
      <object_component id="oc-107">
         <name>.debug_info</name>
         <load_address>0x31a6e</load_address>
         <run_address>0x31a6e</run_address>
         <size>0x12e</size>
         <input_file_ref idref="fl-31"/>
      </object_component>
      <object_component id="oc-10b">
         <name>.debug_info</name>
         <load_address>0x31b9c</load_address>
         <run_address>0x31b9c</run_address>
         <size>0x515</size>
         <input_file_ref idref="fl-32"/>
      </object_component>
      <object_component id="oc-113">
         <name>.debug_info</name>
         <load_address>0x320b1</load_address>
         <run_address>0x320b1</run_address>
         <size>0x128</size>
         <input_file_ref idref="fl-33"/>
      </object_component>
      <object_component id="oc-118">
         <name>.debug_info</name>
         <load_address>0x321d9</load_address>
         <run_address>0x321d9</run_address>
         <size>0x128</size>
         <input_file_ref idref="fl-34"/>
      </object_component>
      <object_component id="oc-11d">
         <name>.debug_info</name>
         <load_address>0x32301</load_address>
         <run_address>0x32301</run_address>
         <size>0x128</size>
         <input_file_ref idref="fl-35"/>
      </object_component>
      <object_component id="oc-122">
         <name>.debug_info</name>
         <load_address>0x32429</load_address>
         <run_address>0x32429</run_address>
         <size>0x128</size>
         <input_file_ref idref="fl-36"/>
      </object_component>
      <object_component id="oc-127">
         <name>.debug_info</name>
         <load_address>0x32551</load_address>
         <run_address>0x32551</run_address>
         <size>0x128</size>
         <input_file_ref idref="fl-37"/>
      </object_component>
      <object_component id="oc-12c">
         <name>.debug_info</name>
         <load_address>0x32679</load_address>
         <run_address>0x32679</run_address>
         <size>0x134</size>
         <input_file_ref idref="fl-38"/>
      </object_component>
      <object_component id="oc-131">
         <name>.debug_info</name>
         <load_address>0x327ad</load_address>
         <run_address>0x327ad</run_address>
         <size>0x134</size>
         <input_file_ref idref="fl-39"/>
      </object_component>
      <object_component id="oc-135">
         <name>.debug_info</name>
         <load_address>0x328e1</load_address>
         <run_address>0x328e1</run_address>
         <size>0x34c</size>
         <input_file_ref idref="fl-3a"/>
      </object_component>
      <object_component id="oc-13a">
         <name>.debug_info</name>
         <load_address>0x32c2d</load_address>
         <run_address>0x32c2d</run_address>
         <size>0x349</size>
         <input_file_ref idref="fl-3b"/>
      </object_component>
      <object_component id="oc-140">
         <name>.debug_info</name>
         <load_address>0x32f76</load_address>
         <run_address>0x32f76</run_address>
         <size>0x155</size>
         <input_file_ref idref="fl-3c"/>
      </object_component>
      <object_component id="oc-145">
         <name>.debug_info</name>
         <load_address>0x330cb</load_address>
         <run_address>0x330cb</run_address>
         <size>0x12c</size>
         <input_file_ref idref="fl-3d"/>
      </object_component>
      <object_component id="oc-14a">
         <name>.debug_info</name>
         <load_address>0x331f7</load_address>
         <run_address>0x331f7</run_address>
         <size>0x12c</size>
         <input_file_ref idref="fl-3e"/>
      </object_component>
      <object_component id="oc-14e">
         <name>.debug_info</name>
         <load_address>0x33323</load_address>
         <run_address>0x33323</run_address>
         <size>0x46b</size>
         <input_file_ref idref="fl-3f"/>
      </object_component>
      <object_component id="oc-153">
         <name>.debug_info</name>
         <load_address>0x3378e</load_address>
         <run_address>0x3378e</run_address>
         <size>0x438</size>
         <input_file_ref idref="fl-40"/>
      </object_component>
      <object_component id="oc-1b3">
         <name>.debug_info</name>
         <load_address>0x33bc6</load_address>
         <run_address>0x33bc6</run_address>
         <size>0xaf</size>
      </object_component>
      <object_component id="oc-3a">
         <name>.debug_frame</name>
         <load_address>0x0</load_address>
         <run_address>0x0</run_address>
         <size>0xe0</size>
         <input_file_ref idref="fl-2"/>
      </object_component>
      <object_component id="oc-47">
         <name>.debug_frame</name>
         <load_address>0xe0</load_address>
         <run_address>0xe0</run_address>
         <size>0x62</size>
         <input_file_ref idref="fl-5"/>
      </object_component>
      <object_component id="oc-4d">
         <name>.debug_frame</name>
         <load_address>0x142</load_address>
         <run_address>0x142</run_address>
         <size>0x62</size>
         <input_file_ref idref="fl-6"/>
      </object_component>
      <object_component id="oc-58">
         <name>.debug_frame</name>
         <load_address>0x1a4</load_address>
         <run_address>0x1a4</run_address>
         <size>0x491</size>
         <input_file_ref idref="fl-8"/>
      </object_component>
      <object_component id="oc-62">
         <name>.debug_frame</name>
         <load_address>0x635</load_address>
         <run_address>0x635</run_address>
         <size>0x62</size>
         <input_file_ref idref="fl-a"/>
      </object_component>
      <object_component id="oc-67">
         <name>.debug_frame</name>
         <load_address>0x697</load_address>
         <run_address>0x697</run_address>
         <size>0x142</size>
         <input_file_ref idref="fl-b"/>
      </object_component>
      <object_component id="oc-8f">
         <name>.debug_frame</name>
         <load_address>0x7d9</load_address>
         <run_address>0x7d9</run_address>
         <size>0x77</size>
         <input_file_ref idref="fl-d"/>
      </object_component>
      <object_component id="oc-94">
         <name>.debug_frame</name>
         <load_address>0x850</load_address>
         <run_address>0x850</run_address>
         <size>0x62</size>
         <input_file_ref idref="fl-e"/>
      </object_component>
      <object_component id="oc-99">
         <name>.debug_frame</name>
         <load_address>0x8b2</load_address>
         <run_address>0x8b2</run_address>
         <size>0x7d</size>
         <input_file_ref idref="fl-f"/>
      </object_component>
      <object_component id="oc-9e">
         <name>.debug_frame</name>
         <load_address>0x92f</load_address>
         <run_address>0x92f</run_address>
         <size>0x62</size>
         <input_file_ref idref="fl-10"/>
      </object_component>
      <object_component id="oc-a3">
         <name>.debug_frame</name>
         <load_address>0x991</load_address>
         <run_address>0x991</run_address>
         <size>0x8c</size>
         <input_file_ref idref="fl-11"/>
      </object_component>
      <object_component id="oc-a8">
         <name>.debug_frame</name>
         <load_address>0xa1d</load_address>
         <run_address>0xa1d</run_address>
         <size>0x7d</size>
         <input_file_ref idref="fl-12"/>
      </object_component>
      <object_component id="oc-ad">
         <name>.debug_frame</name>
         <load_address>0xa9a</load_address>
         <run_address>0xa9a</run_address>
         <size>0xa1</size>
         <input_file_ref idref="fl-13"/>
      </object_component>
      <object_component id="oc-b2">
         <name>.debug_frame</name>
         <load_address>0xb3b</load_address>
         <run_address>0xb3b</run_address>
         <size>0x62</size>
         <input_file_ref idref="fl-14"/>
      </object_component>
      <object_component id="oc-b7">
         <name>.debug_frame</name>
         <load_address>0xb9d</load_address>
         <run_address>0xb9d</run_address>
         <size>0x156</size>
         <input_file_ref idref="fl-15"/>
      </object_component>
      <object_component id="oc-bc">
         <name>.debug_frame</name>
         <load_address>0xcf3</load_address>
         <run_address>0xcf3</run_address>
         <size>0x62</size>
         <input_file_ref idref="fl-16"/>
      </object_component>
      <object_component id="oc-c9">
         <name>.debug_frame</name>
         <load_address>0xd55</load_address>
         <run_address>0xd55</run_address>
         <size>0xda</size>
         <input_file_ref idref="fl-18"/>
      </object_component>
      <object_component id="oc-cf">
         <name>.debug_frame</name>
         <load_address>0xe2f</load_address>
         <run_address>0xe2f</run_address>
         <size>0x12b</size>
         <input_file_ref idref="fl-19"/>
      </object_component>
      <object_component id="oc-d4">
         <name>.debug_frame</name>
         <load_address>0xf5a</load_address>
         <run_address>0xf5a</run_address>
         <size>0x7d</size>
         <input_file_ref idref="fl-1a"/>
      </object_component>
      <object_component id="oc-d9">
         <name>.debug_frame</name>
         <load_address>0xfd7</load_address>
         <run_address>0xfd7</run_address>
         <size>0x77</size>
         <input_file_ref idref="fl-1b"/>
      </object_component>
      <object_component id="oc-df">
         <name>.debug_frame</name>
         <load_address>0x104e</load_address>
         <run_address>0x104e</run_address>
         <size>0x7e</size>
         <input_file_ref idref="fl-1c"/>
      </object_component>
      <object_component id="oc-e4">
         <name>.debug_frame</name>
         <load_address>0x10cc</load_address>
         <run_address>0x10cc</run_address>
         <size>0x62</size>
         <input_file_ref idref="fl-1d"/>
      </object_component>
      <object_component id="oc-ea">
         <name>.debug_frame</name>
         <load_address>0x112e</load_address>
         <run_address>0x112e</run_address>
         <size>0x100</size>
         <input_file_ref idref="fl-1e"/>
      </object_component>
      <object_component id="oc-ef">
         <name>.debug_frame</name>
         <load_address>0x122e</load_address>
         <run_address>0x122e</run_address>
         <size>0x62</size>
         <input_file_ref idref="fl-1f"/>
      </object_component>
      <object_component id="oc-102">
         <name>.debug_frame</name>
         <load_address>0x1290</load_address>
         <run_address>0x1290</run_address>
         <size>0x90</size>
         <input_file_ref idref="fl-30"/>
      </object_component>
      <object_component id="oc-10e">
         <name>.debug_frame</name>
         <load_address>0x1320</load_address>
         <run_address>0x1320</run_address>
         <size>0x95</size>
         <input_file_ref idref="fl-32"/>
      </object_component>
      <object_component id="oc-136">
         <name>.debug_frame</name>
         <load_address>0x13b5</load_address>
         <run_address>0x13b5</run_address>
         <size>0x77</size>
         <input_file_ref idref="fl-3a"/>
      </object_component>
      <object_component id="oc-13b">
         <name>.debug_frame</name>
         <load_address>0x142c</load_address>
         <run_address>0x142c</run_address>
         <size>0x77</size>
         <input_file_ref idref="fl-3b"/>
      </object_component>
      <object_component id="oc-14f">
         <name>.debug_frame</name>
         <load_address>0x14a3</load_address>
         <run_address>0x14a3</run_address>
         <size>0xa1</size>
         <input_file_ref idref="fl-3f"/>
      </object_component>
      <object_component id="oc-154">
         <name>.debug_frame</name>
         <load_address>0x1544</load_address>
         <run_address>0x1544</run_address>
         <size>0x77</size>
         <input_file_ref idref="fl-40"/>
      </object_component>
      <object_component id="oc-3b">
         <name>.debug_line</name>
         <load_address>0x0</load_address>
         <run_address>0x0</run_address>
         <size>0x166</size>
         <input_file_ref idref="fl-2"/>
      </object_component>
      <object_component id="oc-43">
         <name>.debug_line</name>
         <load_address>0x166</load_address>
         <run_address>0x166</run_address>
         <size>0x6b</size>
         <input_file_ref idref="fl-4"/>
      </object_component>
      <object_component id="oc-48">
         <name>.debug_line</name>
         <load_address>0x1d1</load_address>
         <run_address>0x1d1</run_address>
         <size>0x3d</size>
         <input_file_ref idref="fl-5"/>
      </object_component>
      <object_component id="oc-4e">
         <name>.debug_line</name>
         <load_address>0x20e</load_address>
         <run_address>0x20e</run_address>
         <size>0x42</size>
         <input_file_ref idref="fl-6"/>
      </object_component>
      <object_component id="oc-53">
         <name>.debug_line</name>
         <load_address>0x250</load_address>
         <run_address>0x250</run_address>
         <size>0x51</size>
         <input_file_ref idref="fl-7"/>
      </object_component>
      <object_component id="oc-59">
         <name>.debug_line</name>
         <load_address>0x2a1</load_address>
         <run_address>0x2a1</run_address>
         <size>0x4c9</size>
         <input_file_ref idref="fl-8"/>
      </object_component>
      <object_component id="oc-5e">
         <name>.debug_line</name>
         <load_address>0x76a</load_address>
         <run_address>0x76a</run_address>
         <size>0x55</size>
         <input_file_ref idref="fl-9"/>
      </object_component>
      <object_component id="oc-63">
         <name>.debug_line</name>
         <load_address>0x7bf</load_address>
         <run_address>0x7bf</run_address>
         <size>0x3d</size>
         <input_file_ref idref="fl-a"/>
      </object_component>
      <object_component id="oc-68">
         <name>.debug_line</name>
         <load_address>0x7fc</load_address>
         <run_address>0x7fc</run_address>
         <size>0x1a6</size>
         <input_file_ref idref="fl-b"/>
      </object_component>
      <object_component id="oc-90">
         <name>.debug_line</name>
         <load_address>0x9a2</load_address>
         <run_address>0x9a2</run_address>
         <size>0x65</size>
         <input_file_ref idref="fl-d"/>
      </object_component>
      <object_component id="oc-95">
         <name>.debug_line</name>
         <load_address>0xa07</load_address>
         <run_address>0xa07</run_address>
         <size>0x3c</size>
         <input_file_ref idref="fl-e"/>
      </object_component>
      <object_component id="oc-9a">
         <name>.debug_line</name>
         <load_address>0xa43</load_address>
         <run_address>0xa43</run_address>
         <size>0x61</size>
         <input_file_ref idref="fl-f"/>
      </object_component>
      <object_component id="oc-9f">
         <name>.debug_line</name>
         <load_address>0xaa4</load_address>
         <run_address>0xaa4</run_address>
         <size>0x40</size>
         <input_file_ref idref="fl-10"/>
      </object_component>
      <object_component id="oc-a4">
         <name>.debug_line</name>
         <load_address>0xae4</load_address>
         <run_address>0xae4</run_address>
         <size>0x90</size>
         <input_file_ref idref="fl-11"/>
      </object_component>
      <object_component id="oc-a9">
         <name>.debug_line</name>
         <load_address>0xb74</load_address>
         <run_address>0xb74</run_address>
         <size>0x74</size>
         <input_file_ref idref="fl-12"/>
      </object_component>
      <object_component id="oc-ae">
         <name>.debug_line</name>
         <load_address>0xbe8</load_address>
         <run_address>0xbe8</run_address>
         <size>0x85</size>
         <input_file_ref idref="fl-13"/>
      </object_component>
      <object_component id="oc-b3">
         <name>.debug_line</name>
         <load_address>0xc6d</load_address>
         <run_address>0xc6d</run_address>
         <size>0x3c</size>
         <input_file_ref idref="fl-14"/>
      </object_component>
      <object_component id="oc-b8">
         <name>.debug_line</name>
         <load_address>0xca9</load_address>
         <run_address>0xca9</run_address>
         <size>0x1e9</size>
         <input_file_ref idref="fl-15"/>
      </object_component>
      <object_component id="oc-bd">
         <name>.debug_line</name>
         <load_address>0xe92</load_address>
         <run_address>0xe92</run_address>
         <size>0x47</size>
         <input_file_ref idref="fl-16"/>
      </object_component>
      <object_component id="oc-c2">
         <name>.debug_line</name>
         <load_address>0xed9</load_address>
         <run_address>0xed9</run_address>
         <size>0x52</size>
         <input_file_ref idref="fl-17"/>
      </object_component>
      <object_component id="oc-ca">
         <name>.debug_line</name>
         <load_address>0xf2b</load_address>
         <run_address>0xf2b</run_address>
         <size>0xda</size>
         <input_file_ref idref="fl-18"/>
      </object_component>
      <object_component id="oc-d0">
         <name>.debug_line</name>
         <load_address>0x1005</load_address>
         <run_address>0x1005</run_address>
         <size>0xcc</size>
         <input_file_ref idref="fl-19"/>
      </object_component>
      <object_component id="oc-d5">
         <name>.debug_line</name>
         <load_address>0x10d1</load_address>
         <run_address>0x10d1</run_address>
         <size>0x62</size>
         <input_file_ref idref="fl-1a"/>
      </object_component>
      <object_component id="oc-da">
         <name>.debug_line</name>
         <load_address>0x1133</load_address>
         <run_address>0x1133</run_address>
         <size>0x69</size>
         <input_file_ref idref="fl-1b"/>
      </object_component>
      <object_component id="oc-e0">
         <name>.debug_line</name>
         <load_address>0x119c</load_address>
         <run_address>0x119c</run_address>
         <size>0x8f</size>
         <input_file_ref idref="fl-1c"/>
      </object_component>
      <object_component id="oc-e5">
         <name>.debug_line</name>
         <load_address>0x122b</load_address>
         <run_address>0x122b</run_address>
         <size>0x3e</size>
         <input_file_ref idref="fl-1d"/>
      </object_component>
      <object_component id="oc-eb">
         <name>.debug_line</name>
         <load_address>0x1269</load_address>
         <run_address>0x1269</run_address>
         <size>0x1d9</size>
         <input_file_ref idref="fl-1e"/>
      </object_component>
      <object_component id="oc-f0">
         <name>.debug_line</name>
         <load_address>0x1442</load_address>
         <run_address>0x1442</run_address>
         <size>0x41</size>
         <input_file_ref idref="fl-1f"/>
      </object_component>
      <object_component id="oc-f9">
         <name>.debug_line</name>
         <load_address>0x1483</load_address>
         <run_address>0x1483</run_address>
         <size>0x44</size>
         <input_file_ref idref="fl-28"/>
      </object_component>
      <object_component id="oc-fe">
         <name>.debug_line</name>
         <load_address>0x14c7</load_address>
         <run_address>0x14c7</run_address>
         <size>0x7d</size>
         <input_file_ref idref="fl-2f"/>
      </object_component>
      <object_component id="oc-103">
         <name>.debug_line</name>
         <load_address>0x1544</load_address>
         <run_address>0x1544</run_address>
         <size>0x64</size>
         <input_file_ref idref="fl-30"/>
      </object_component>
      <object_component id="oc-108">
         <name>.debug_line</name>
         <load_address>0x15a8</load_address>
         <run_address>0x15a8</run_address>
         <size>0x50</size>
         <input_file_ref idref="fl-31"/>
      </object_component>
      <object_component id="oc-10f">
         <name>.debug_line</name>
         <load_address>0x15f8</load_address>
         <run_address>0x15f8</run_address>
         <size>0x65</size>
         <input_file_ref idref="fl-32"/>
      </object_component>
      <object_component id="oc-114">
         <name>.debug_line</name>
         <load_address>0x165d</load_address>
         <run_address>0x165d</run_address>
         <size>0xa2</size>
         <input_file_ref idref="fl-33"/>
      </object_component>
      <object_component id="oc-119">
         <name>.debug_line</name>
         <load_address>0x16ff</load_address>
         <run_address>0x16ff</run_address>
         <size>0x58</size>
         <input_file_ref idref="fl-34"/>
      </object_component>
      <object_component id="oc-11e">
         <name>.debug_line</name>
         <load_address>0x1757</load_address>
         <run_address>0x1757</run_address>
         <size>0xa9</size>
         <input_file_ref idref="fl-35"/>
      </object_component>
      <object_component id="oc-123">
         <name>.debug_line</name>
         <load_address>0x1800</load_address>
         <run_address>0x1800</run_address>
         <size>0xab</size>
         <input_file_ref idref="fl-36"/>
      </object_component>
      <object_component id="oc-128">
         <name>.debug_line</name>
         <load_address>0x18ab</load_address>
         <run_address>0x18ab</run_address>
         <size>0x8d</size>
         <input_file_ref idref="fl-37"/>
      </object_component>
      <object_component id="oc-12d">
         <name>.debug_line</name>
         <load_address>0x1938</load_address>
         <run_address>0x1938</run_address>
         <size>0x5e</size>
         <input_file_ref idref="fl-38"/>
      </object_component>
      <object_component id="oc-132">
         <name>.debug_line</name>
         <load_address>0x1996</load_address>
         <run_address>0x1996</run_address>
         <size>0x60</size>
         <input_file_ref idref="fl-39"/>
      </object_component>
      <object_component id="oc-137">
         <name>.debug_line</name>
         <load_address>0x19f6</load_address>
         <run_address>0x19f6</run_address>
         <size>0x3e</size>
         <input_file_ref idref="fl-3a"/>
      </object_component>
      <object_component id="oc-13c">
         <name>.debug_line</name>
         <load_address>0x1a34</load_address>
         <run_address>0x1a34</run_address>
         <size>0x3a</size>
         <input_file_ref idref="fl-3b"/>
      </object_component>
      <object_component id="oc-141">
         <name>.debug_line</name>
         <load_address>0x1a6e</load_address>
         <run_address>0x1a6e</run_address>
         <size>0x4f</size>
         <input_file_ref idref="fl-3c"/>
      </object_component>
      <object_component id="oc-146">
         <name>.debug_line</name>
         <load_address>0x1abd</load_address>
         <run_address>0x1abd</run_address>
         <size>0x52</size>
         <input_file_ref idref="fl-3d"/>
      </object_component>
      <object_component id="oc-14b">
         <name>.debug_line</name>
         <load_address>0x1b0f</load_address>
         <run_address>0x1b0f</run_address>
         <size>0x49</size>
         <input_file_ref idref="fl-3e"/>
      </object_component>
      <object_component id="oc-150">
         <name>.debug_line</name>
         <load_address>0x1b58</load_address>
         <run_address>0x1b58</run_address>
         <size>0x5e</size>
         <input_file_ref idref="fl-3f"/>
      </object_component>
      <object_component id="oc-155">
         <name>.debug_line</name>
         <load_address>0x1bb6</load_address>
         <run_address>0x1bb6</run_address>
         <size>0x55</size>
         <input_file_ref idref="fl-40"/>
      </object_component>
      <object_component id="oc-3c">
         <name>.debug_abbrev</name>
         <load_address>0x0</load_address>
         <run_address>0x0</run_address>
         <size>0x155</size>
         <input_file_ref idref="fl-2"/>
      </object_component>
      <object_component id="oc-44">
         <name>.debug_abbrev</name>
         <load_address>0x155</load_address>
         <run_address>0x155</run_address>
         <size>0x21</size>
         <input_file_ref idref="fl-4"/>
      </object_component>
      <object_component id="oc-49">
         <name>.debug_abbrev</name>
         <load_address>0x176</load_address>
         <run_address>0x176</run_address>
         <size>0xea</size>
         <input_file_ref idref="fl-5"/>
      </object_component>
      <object_component id="oc-4f">
         <name>.debug_abbrev</name>
         <load_address>0x260</load_address>
         <run_address>0x260</run_address>
         <size>0x10b</size>
         <input_file_ref idref="fl-6"/>
      </object_component>
      <object_component id="oc-54">
         <name>.debug_abbrev</name>
         <load_address>0x36b</load_address>
         <run_address>0x36b</run_address>
         <size>0x2f</size>
         <input_file_ref idref="fl-7"/>
      </object_component>
      <object_component id="oc-5a">
         <name>.debug_abbrev</name>
         <load_address>0x39a</load_address>
         <run_address>0x39a</run_address>
         <size>0xb6</size>
         <input_file_ref idref="fl-8"/>
      </object_component>
      <object_component id="oc-5f">
         <name>.debug_abbrev</name>
         <load_address>0x450</load_address>
         <run_address>0x450</run_address>
         <size>0x2f</size>
         <input_file_ref idref="fl-9"/>
      </object_component>
      <object_component id="oc-64">
         <name>.debug_abbrev</name>
         <load_address>0x47f</load_address>
         <run_address>0x47f</run_address>
         <size>0xea</size>
         <input_file_ref idref="fl-a"/>
      </object_component>
      <object_component id="oc-69">
         <name>.debug_abbrev</name>
         <load_address>0x569</load_address>
         <run_address>0x569</run_address>
         <size>0x146</size>
         <input_file_ref idref="fl-b"/>
      </object_component>
      <object_component id="oc-8d">
         <name>.debug_abbrev</name>
         <load_address>0x6af</load_address>
         <run_address>0x6af</run_address>
         <size>0xb7</size>
         <input_file_ref idref="fl-c"/>
      </object_component>
      <object_component id="oc-91">
         <name>.debug_abbrev</name>
         <load_address>0x766</load_address>
         <run_address>0x766</run_address>
         <size>0xdc</size>
         <input_file_ref idref="fl-d"/>
      </object_component>
      <object_component id="oc-96">
         <name>.debug_abbrev</name>
         <load_address>0x842</load_address>
         <run_address>0x842</run_address>
         <size>0xdc</size>
         <input_file_ref idref="fl-e"/>
      </object_component>
      <object_component id="oc-9b">
         <name>.debug_abbrev</name>
         <load_address>0x91e</load_address>
         <run_address>0x91e</run_address>
         <size>0x93</size>
         <input_file_ref idref="fl-f"/>
      </object_component>
      <object_component id="oc-a0">
         <name>.debug_abbrev</name>
         <load_address>0x9b1</load_address>
         <run_address>0x9b1</run_address>
         <size>0x13e</size>
         <input_file_ref idref="fl-10"/>
      </object_component>
      <object_component id="oc-a5">
         <name>.debug_abbrev</name>
         <load_address>0xaef</load_address>
         <run_address>0xaef</run_address>
         <size>0xc8</size>
         <input_file_ref idref="fl-11"/>
      </object_component>
      <object_component id="oc-aa">
         <name>.debug_abbrev</name>
         <load_address>0xbb7</load_address>
         <run_address>0xbb7</run_address>
         <size>0x116</size>
         <input_file_ref idref="fl-12"/>
      </object_component>
      <object_component id="oc-af">
         <name>.debug_abbrev</name>
         <load_address>0xccd</load_address>
         <run_address>0xccd</run_address>
         <size>0xea</size>
         <input_file_ref idref="fl-13"/>
      </object_component>
      <object_component id="oc-b4">
         <name>.debug_abbrev</name>
         <load_address>0xdb7</load_address>
         <run_address>0xdb7</run_address>
         <size>0xea</size>
         <input_file_ref idref="fl-14"/>
      </object_component>
      <object_component id="oc-b9">
         <name>.debug_abbrev</name>
         <load_address>0xea1</load_address>
         <run_address>0xea1</run_address>
         <size>0x1a3</size>
         <input_file_ref idref="fl-15"/>
      </object_component>
      <object_component id="oc-be">
         <name>.debug_abbrev</name>
         <load_address>0x1044</load_address>
         <run_address>0x1044</run_address>
         <size>0x9b</size>
         <input_file_ref idref="fl-16"/>
      </object_component>
      <object_component id="oc-c3">
         <name>.debug_abbrev</name>
         <load_address>0x10df</load_address>
         <run_address>0x10df</run_address>
         <size>0x2f</size>
         <input_file_ref idref="fl-17"/>
      </object_component>
      <object_component id="oc-cb">
         <name>.debug_abbrev</name>
         <load_address>0x110e</load_address>
         <run_address>0x110e</run_address>
         <size>0x19d</size>
         <input_file_ref idref="fl-18"/>
      </object_component>
      <object_component id="oc-d1">
         <name>.debug_abbrev</name>
         <load_address>0x12ab</load_address>
         <run_address>0x12ab</run_address>
         <size>0x144</size>
         <input_file_ref idref="fl-19"/>
      </object_component>
      <object_component id="oc-d6">
         <name>.debug_abbrev</name>
         <load_address>0x13ef</load_address>
         <run_address>0x13ef</run_address>
         <size>0x8c</size>
         <input_file_ref idref="fl-1a"/>
      </object_component>
      <object_component id="oc-db">
         <name>.debug_abbrev</name>
         <load_address>0x147b</load_address>
         <run_address>0x147b</run_address>
         <size>0x7e</size>
         <input_file_ref idref="fl-1b"/>
      </object_component>
      <object_component id="oc-e1">
         <name>.debug_abbrev</name>
         <load_address>0x14f9</load_address>
         <run_address>0x14f9</run_address>
         <size>0x111</size>
         <input_file_ref idref="fl-1c"/>
      </object_component>
      <object_component id="oc-e6">
         <name>.debug_abbrev</name>
         <load_address>0x160a</load_address>
         <run_address>0x160a</run_address>
         <size>0x63</size>
         <input_file_ref idref="fl-1d"/>
      </object_component>
      <object_component id="oc-ec">
         <name>.debug_abbrev</name>
         <load_address>0x166d</load_address>
         <run_address>0x166d</run_address>
         <size>0x151</size>
         <input_file_ref idref="fl-1e"/>
      </object_component>
      <object_component id="oc-f1">
         <name>.debug_abbrev</name>
         <load_address>0x17be</load_address>
         <run_address>0x17be</run_address>
         <size>0x63</size>
         <input_file_ref idref="fl-1f"/>
      </object_component>
      <object_component id="oc-fa">
         <name>.debug_abbrev</name>
         <load_address>0x1821</load_address>
         <run_address>0x1821</run_address>
         <size>0x121</size>
         <input_file_ref idref="fl-28"/>
      </object_component>
      <object_component id="oc-ff">
         <name>.debug_abbrev</name>
         <load_address>0x1942</load_address>
         <run_address>0x1942</run_address>
         <size>0x46</size>
         <input_file_ref idref="fl-2f"/>
      </object_component>
      <object_component id="oc-104">
         <name>.debug_abbrev</name>
         <load_address>0x1988</load_address>
         <run_address>0x1988</run_address>
         <size>0xfa</size>
         <input_file_ref idref="fl-30"/>
      </object_component>
      <object_component id="oc-109">
         <name>.debug_abbrev</name>
         <load_address>0x1a82</load_address>
         <run_address>0x1a82</run_address>
         <size>0x32</size>
         <input_file_ref idref="fl-31"/>
      </object_component>
      <object_component id="oc-110">
         <name>.debug_abbrev</name>
         <load_address>0x1ab4</load_address>
         <run_address>0x1ab4</run_address>
         <size>0x142</size>
         <input_file_ref idref="fl-32"/>
      </object_component>
      <object_component id="oc-115">
         <name>.debug_abbrev</name>
         <load_address>0x1bf6</load_address>
         <run_address>0x1bf6</run_address>
         <size>0x38</size>
         <input_file_ref idref="fl-33"/>
      </object_component>
      <object_component id="oc-11a">
         <name>.debug_abbrev</name>
         <load_address>0x1c2e</load_address>
         <run_address>0x1c2e</run_address>
         <size>0x38</size>
         <input_file_ref idref="fl-34"/>
      </object_component>
      <object_component id="oc-11f">
         <name>.debug_abbrev</name>
         <load_address>0x1c66</load_address>
         <run_address>0x1c66</run_address>
         <size>0x38</size>
         <input_file_ref idref="fl-35"/>
      </object_component>
      <object_component id="oc-124">
         <name>.debug_abbrev</name>
         <load_address>0x1c9e</load_address>
         <run_address>0x1c9e</run_address>
         <size>0x38</size>
         <input_file_ref idref="fl-36"/>
      </object_component>
      <object_component id="oc-129">
         <name>.debug_abbrev</name>
         <load_address>0x1cd6</load_address>
         <run_address>0x1cd6</run_address>
         <size>0x38</size>
         <input_file_ref idref="fl-37"/>
      </object_component>
      <object_component id="oc-12e">
         <name>.debug_abbrev</name>
         <load_address>0x1d0e</load_address>
         <run_address>0x1d0e</run_address>
         <size>0x38</size>
         <input_file_ref idref="fl-38"/>
      </object_component>
      <object_component id="oc-133">
         <name>.debug_abbrev</name>
         <load_address>0x1d46</load_address>
         <run_address>0x1d46</run_address>
         <size>0x38</size>
         <input_file_ref idref="fl-39"/>
      </object_component>
      <object_component id="oc-138">
         <name>.debug_abbrev</name>
         <load_address>0x1d7e</load_address>
         <run_address>0x1d7e</run_address>
         <size>0x68</size>
         <input_file_ref idref="fl-3a"/>
      </object_component>
      <object_component id="oc-13d">
         <name>.debug_abbrev</name>
         <load_address>0x1de6</load_address>
         <run_address>0x1de6</run_address>
         <size>0x66</size>
         <input_file_ref idref="fl-3b"/>
      </object_component>
      <object_component id="oc-142">
         <name>.debug_abbrev</name>
         <load_address>0x1e4c</load_address>
         <run_address>0x1e4c</run_address>
         <size>0x38</size>
         <input_file_ref idref="fl-3c"/>
      </object_component>
      <object_component id="oc-147">
         <name>.debug_abbrev</name>
         <load_address>0x1e84</load_address>
         <run_address>0x1e84</run_address>
         <size>0x38</size>
         <input_file_ref idref="fl-3d"/>
      </object_component>
      <object_component id="oc-14c">
         <name>.debug_abbrev</name>
         <load_address>0x1ebc</load_address>
         <run_address>0x1ebc</run_address>
         <size>0x38</size>
         <input_file_ref idref="fl-3e"/>
      </object_component>
      <object_component id="oc-151">
         <name>.debug_abbrev</name>
         <load_address>0x1ef4</load_address>
         <run_address>0x1ef4</run_address>
         <size>0xb2</size>
         <input_file_ref idref="fl-3f"/>
      </object_component>
      <object_component id="oc-156">
         <name>.debug_abbrev</name>
         <load_address>0x1fa6</load_address>
         <run_address>0x1fa6</run_address>
         <size>0xfe</size>
         <input_file_ref idref="fl-40"/>
      </object_component>
      <object_component id="oc-1b4">
         <name>.debug_abbrev</name>
         <load_address>0x20a4</load_address>
         <run_address>0x20a4</run_address>
         <size>0xf</size>
      </object_component>
      <object_component id="oc-3d">
         <name>.debug_aranges</name>
         <load_address>0x0</load_address>
         <run_address>0x0</run_address>
         <size>0x40</size>
         <input_file_ref idref="fl-2"/>
      </object_component>
      <object_component id="oc-45">
         <name>.debug_aranges</name>
         <load_address>0x40</load_address>
         <run_address>0x40</run_address>
         <size>0x28</size>
         <input_file_ref idref="fl-4"/>
      </object_component>
      <object_component id="oc-4a">
         <name>.debug_aranges</name>
         <load_address>0x68</load_address>
         <run_address>0x68</run_address>
         <size>0x18</size>
         <input_file_ref idref="fl-5"/>
      </object_component>
      <object_component id="oc-50">
         <name>.debug_aranges</name>
[...]
         <object_component_ref idref="oc-6e"/>
      </symbol>
      <symbol id="sm-1bd">
         <name>_CsmRegs</name>
         <value>0xae0</value>
         <object_component_ref idref="oc-7c"/>
      </symbol>
      <symbol id="sm-1be">
         <name>_AdcResult</name>
         <value>0xb00</value>
         <object_component_ref idref="oc-84"/>
      </symbol>
      <symbol id="sm-1bf">
         <name>_EPwm4Regs</name>
         <value>0x68c0</value>
         <object_component_ref idref="oc-88"/>
      </symbol>
      <symbol id="sm-1c0">
         <name>_CpuTimer1Regs</name>
         <value>0xc08</value>
         <object_component_ref idref="oc-75"/>
      </symbol>
      <symbol id="sm-1c1">
         <name>_SysCtrlRegs</name>
         <value>0x7010</value>
         <object_component_ref idref="oc-81"/>
      </symbol>
      <symbol id="sm-1c2">
         <name>_SpiaRegs</name>
         <value>0x7040</value>
         <object_component_ref idref="oc-79"/>
      </symbol>
      <symbol id="sm-1c3">
         <name>_FlashRegs</name>
         <value>0xa80</value>
         <object_component_ref idref="oc-73"/>
      </symbol>
      <symbol id="sm-1c4">
         <name>_CpuTimer0Regs</name>
         <value>0xc00</value>
         <object_component_ref idref="oc-74"/>
      </symbol>
      <symbol id="sm-1c5">
         <name>_DevEmuRegs</name>
         <value>0x880</value>
         <object_component_ref idref="oc-72"/>
      </symbol>
      <symbol id="sm-1c6">
         <name>_Comp1Regs</name>
         <value>0x6400</value>
         <object_component_ref idref="oc-7f"/>
      </symbol>
      <symbol id="sm-1c7">
         <name>_SciaRegs</name>
         <value>0x7050</value>
         <object_component_ref idref="oc-7a"/>
      </symbol>
      <symbol id="sm-1c8">
         <name>_GpioDataRegs</name>
         <value>0x6fc0</value>
         <object_component_ref idref="oc-82"/>
      </symbol>
      <symbol id="sm-1c9">
         <name>_CsmPwl</name>
         <value>0x3f7ff8</value>
         <object_component_ref idref="oc-77"/>
      </symbol>
      <symbol id="sm-1ca">
         <name>_AdcRegs</name>
         <value>0x7100</value>
         <object_component_ref idref="oc-8b"/>
      </symbol>
      <symbol id="sm-1cb">
         <name>_Comp2Regs</name>
         <value>0x6420</value>
         <object_component_ref idref="oc-7e"/>
      </symbol>
      <symbol id="sm-1cc">
         <name>_XIntruptRegs</name>
         <value>0x7070</value>
         <object_component_ref idref="oc-7d"/>
      </symbol>
      <symbol id="sm-1cd">
         <name>_CpuTimer2Regs</name>
         <value>0xc10</value>
         <object_component_ref idref="oc-76"/>
      </symbol>
      <symbol id="sm-1ce">
         <name>_PieCtrlRegs</name>
         <value>0xce0</value>
         <object_component_ref idref="oc-80"/>
      </symbol>
      <symbol id="sm-1cf">
         <name>_ECap1Regs</name>
         <value>0x6a00</value>
         <object_component_ref idref="oc-83"/>
      </symbol>
      <symbol id="sm-1d0">
         <name>_EmuKey</name>
         <value>0xd00</value>
         <object_component_ref idref="oc-6c"/>
      </symbol>
      <symbol id="sm-1d1">
         <name>_EPwm1Regs</name>
         <value>0x6800</value>
         <object_component_ref idref="oc-89"/>
      </symbol>
      <symbol id="sm-1d2">
         <name>_GpioIntRegs</name>
         <value>0x6fe0</value>
         <object_component_ref idref="oc-78"/>
      </symbol>
      <symbol id="sm-1d3">
         <name>_PartIdRegs</name>
         <value>0x3d7fff</value>
         <object_component_ref idref="oc-6d"/>
      </symbol>
      <symbol id="sm-1d4">
         <name>_Flash_CPUScaleFactor</name>
         <value>0xd04</value>
         <object_component_ref idref="oc-6f"/>
      </symbol>
      <symbol id="sm-1d5">
         <name>_EPwm2Regs</name>
         <value>0x6840</value>
         <object_component_ref idref="oc-87"/>
      </symbol>
      <symbol id="sm-1d6">
         <name>_NmiIntruptRegs</name>
         <value>0x7060</value>
         <object_component_ref idref="oc-7b"/>
      </symbol>
      <symbol id="sm-1d7">
         <name>_Flash_CallbackPtr</name>
         <value>0xd02</value>
         <object_component_ref idref="oc-70"/>
      </symbol>
      <symbol id="sm-1d8">
         <name>_EPwm3Regs</name>
         <value>0x6880</value>
         <object_component_ref idref="oc-86"/>
      </symbol>
      <symbol id="sm-1d9">
         <name>_I2caRegs</name>
         <value>0x7900</value>
         <object_component_ref idref="oc-85"/>
      </symbol>
      <symbol id="sm-1e6">
         <name>_InitGpio</name>
         <value>0x3f70ab</value>
         <object_component_ref idref="oc-167"/>
      </symbol>
      <symbol id="sm-1ff">
         <name>_MemCopy</name>
         <value>0x3f712a</value>
         <object_component_ref idref="oc-163"/>
      </symbol>
      <symbol id="sm-216">
         <name>_InitPieCtrl</name>
         <value>0x3f7019</value>
         <object_component_ref idref="oc-164"/>
      </symbol>
      <symbol id="sm-217">
         <name>_EnableInterrupts</name>
         <value>0x3f7038</value>
         <object_component_ref idref="oc-164"/>
      </symbol>
      <symbol id="sm-228">
         <name>_PieVectTableInit</name>
         <value>0x3f619c</value>
         <object_component_ref idref="oc-16d"/>
      </symbol>
      <symbol id="sm-229">
         <name>_InitPieVectTable</name>
         <value>0x3f7041</value>
         <object_component_ref idref="oc-165"/>
      </symbol>
      <symbol id="sm-236">
         <name>_InitSciaGpio</name>
         <value>0x3f70ff</value>
         <object_component_ref idref="oc-16f"/>
      </symbol>
      <symbol id="sm-237">
         <name>_InitSciGpio</name>
         <value>0x3f70fc</value>
         <object_component_ref idref="oc-16f"/>
      </symbol>
      <symbol id="sm-238">
         <name>_InitSci</name>
         <value>0x3f70fb</value>
         <object_component_ref idref="oc-16f"/>
      </symbol>
      <symbol id="sm-258">
         <name>_InitPll</name>
         <value>0x3f6727</value>
         <object_component_ref idref="oc-162"/>
      </symbol>
      <symbol id="sm-259">
         <name>_IntOsc1Sel</name>
         <value>0x3f67df</value>
         <object_component_ref idref="oc-162"/>
      </symbol>
      <symbol id="sm-25a">
         <name>_ExtOscSel</name>
         <value>0x3f6815</value>
         <object_component_ref idref="oc-162"/>
      </symbol>
      <symbol id="sm-25b">
         <name>_DisableDog</name>
         <value>0x3f671f</value>
         <object_component_ref idref="oc-162"/>
      </symbol>
      <symbol id="sm-25c">
         <name>_InitPeripheralClocks</name>
         <value>0x3f677c</value>
         <object_component_ref idref="oc-162"/>
      </symbol>
      <symbol id="sm-25d">
         <name>_IntOsc2Sel</name>
         <value>0x3f67ef</value>
         <object_component_ref idref="oc-162"/>
      </symbol>
      <symbol id="sm-25e">
         <name>_InitFlash</name>
         <value>0x3f66fa</value>
         <object_component_ref idref="oc-162"/>
      </symbol>
      <symbol id="sm-25f">
         <name>_CsmUnlock</name>
         <value>0x3f67ae</value>
         <object_component_ref idref="oc-162"/>
      </symbol>
      <symbol id="sm-260">
         <name>_ServiceDog</name>
         <value>0x3f6715</value>
         <object_component_ref idref="oc-162"/>
      </symbol>
      <symbol id="sm-261">
         <name>_XtalOscSel</name>
         <value>0x3f6801</value>
         <object_component_ref idref="oc-162"/>
      </symbol>
      <symbol id="sm-262">
         <name>_InitSysCtrl</name>
         <value>0x3f66e0</value>
         <object_component_ref idref="oc-162"/>
      </symbol>
      <symbol id="sm-278">
         <name>_DSP28x_usDelay</name>
         <value>0x8198</value>
         <object_component_ref idref="oc-c0"/>
      </symbol>
      <symbol id="sm-295">
         <name>_main</name>
         <value>0x3f6bab</value>
         <object_component_ref idref="oc-15f"/>
      </symbol>
      <symbol id="sm-296">
         <name>_Vo</name>
         <value>0x8808</value>
         <object_component_ref idref="oc-c6"/>
      </symbol>
      <symbol id="sm-297">
         <name>_Vi</name>
         <value>0x8809</value>
         <object_component_ref idref="oc-c6"/>
      </symbol>
      <symbol id="sm-298">
         <name>_ki_sci</name>
         <value>0x8806</value>
         <object_component_ref idref="oc-c6"/>
      </symbol>
      <symbol id="sm-299">
         <name>_kp_sci</name>
         <value>0x8805</value>
         <object_component_ref idref="oc-c6"/>
      </symbol>
      <symbol id="sm-29a">
         <name>_IL_test</name>
         <value>0x8820</value>
         <object_component_ref idref="oc-c6"/>
      </symbol>
      <symbol id="sm-29b">
         <name>_PIout_This_Time</name>
         <value>0x880c</value>
         <object_component_ref idref="oc-c6"/>
      </symbol>
      <symbol id="sm-29c">
         <name>_SoftStart_Period</name>
         <value>0x880e</value>
         <object_component_ref idref="oc-c6"/>
      </symbol>
      <symbol id="sm-29d">
         <name>_Vi_test</name>
         <value>0x882a</value>
         <object_component_ref idref="oc-c6"/>
      </symbol>
      <symbol id="sm-29e">
         <name>_Vo_test</name>
         <value>0x8840</value>
         <object_component_ref idref="oc-c6"/>
      </symbol>
      <symbol id="sm-29f">
         <name>_Kp</name>
         <value>0x8814</value>
         <object_component_ref idref="oc-c6"/>
      </symbol>
      <symbol id="sm-2a0">
         <name>_Ki</name>
         <value>0x880a</value>
         <object_component_ref idref="oc-c6"/>
      </symbol>
      <symbol id="sm-2a1">
         <name>_MEP_ScaleFactor</name>
         <value>0x8816</value>
         <object_component_ref idref="oc-c6"/>
      </symbol>
      <symbol id="sm-2a2">
         <name>_IL</name>
         <value>0x8802</value>
         <object_component_ref idref="oc-c6"/>
      </symbol>
      <symbol id="sm-2a3">
         <name>_test</name>
         <value>0x881a</value>
         <object_component_ref idref="oc-c6"/>
      </symbol>
      <symbol id="sm-2a4">
         <name>_PIout_Last_Time</name>
         <value>0x881e</value>
         <object_component_ref idref="oc-c6"/>
      </symbol>
      <symbol id="sm-2a5">
         <name>_System_Runstate_Flag</name>
         <value>0x881c</value>
         <object_component_ref idref="oc-c6"/>
      </symbol>
      <symbol id="sm-2a6">
         <name>_Error_Last_Time</name>
         <value>0x8812</value>
         <object_component_ref idref="oc-c6"/>
      </symbol>
      <symbol id="sm-2a7">
         <name>_ePWM</name>
         <value>0x8818</value>
         <object_component_ref idref="oc-c6"/>
      </symbol>
      <symbol id="sm-2a8">
         <name>_epwm1_isr</name>
         <value>0x8149</value>
         <object_component_ref idref="oc-c7"/>
      </symbol>
      <symbol id="sm-2a9">
         <name>_SoftStart_Flag</name>
         <value>0x8807</value>
         <object_component_ref idref="oc-c6"/>
      </symbol>
      <symbol id="sm-2aa">
         <name>_RamfuncsLoadEnd</name>
         <value>0x8800</value>
         <object_component_ref idref="oc-c6"/>
      </symbol>
      <symbol id="sm-2ab">
         <name>_RamfuncsRunStart</name>
         <value>0x8801</value>
         <object_component_ref idref="oc-c6"/>
      </symbol>
      <symbol id="sm-2ac">
         <name>_RamfuncsLoadStart</name>
         <value>0x8803</value>
         <object_component_ref idref="oc-c6"/>
      </symbol>
      <symbol id="sm-2ad">
         <name>_Parameter</name>
         <value>0x8804</value>
         <object_component_ref idref="oc-c6"/>
      </symbol>
      <symbol id="sm-2ae">
         <name>_Temperature_test</name>
         <value>0x8834</value>
         <object_component_ref idref="oc-c6"/>
      </symbol>
      <symbol id="sm-2af">
         <name>_Error_This_Time</name>
         <value>0x8810</value>
         <object_component_ref idref="oc-c6"/>
      </symbol>
      <symbol id="sm-2be">
         <name>_Adcint2_isr</name>
         <value>0x805e</value>
         <object_component_ref idref="oc-ce"/>
      </symbol>
      <symbol id="sm-2bf">
         <name>_Adcint1_isr</name>
         <value>0x8000</value>
         <object_component_ref idref="oc-ce"/>
      </symbol>
      <symbol id="sm-2c0">
         <name>_Adc_basic_init</name>
         <value>0x3f6c71</value>
         <object_component_ref idref="oc-169"/>
      </symbol>
      <symbol id="sm-2d4">
         <name>_ADC_Medium</name>
         <value>0x8172</value>
         <object_component_ref idref="oc-15e"/>
      </symbol>
      <symbol id="sm-2e1">
         <name>_Initial_User_variables</name>
         <value>0x3f6f98</value>
         <object_component_ref idref="oc-166"/>
      </symbol>
      <symbol id="sm-2f9">
         <name>_User_PID</name>
         <value>0x80a9</value>
         <object_component_ref idref="oc-15d"/>
      </symbol>
      <symbol id="sm-336">
         <name>_receive_parameter</name>
         <value>0x3f654d</value>
         <object_component_ref idref="oc-16a"/>
      </symbol>
      <symbol id="sm-337">
         <name>_PC_modify_kp_or_ki</name>
         <value>0x3f656c</value>
         <object_component_ref idref="oc-16a"/>
      </symbol>
      <symbol id="sm-338">
         <name>_scia_send_Char_one_by_one</name>
         <value>0x3f66c0</value>
         <object_component_ref idref="oc-16a"/>
      </symbol>
      <symbol id="sm-339">
         <name>_pow</name>
         <value>0x3f66ad</value>
         <object_component_ref idref="oc-16a"/>
      </symbol>
      <symbol id="sm-33a">
         <name>_scia_basic_init</name>
         <value>0x3f6538</value>
         <object_component_ref idref="oc-16a"/>
      </symbol>
      <symbol id="sm-33b">
         <name>_PC_update_vo_or_il_or_vi</name>
         <value>0x3f65b2</value>
         <object_component_ref idref="oc-16a"/>
      </symbol>
      <symbol id="sm-351">
         <name>__IQ15frac</name>
         <value>0x3f6324</value>
         <object_component_ref idref="oc-f3"/>
      </symbol>
      <symbol id="sm-35b">
         <name>__IQ15int</name>
         <value>0x3f632f</value>
         <object_component_ref idref="oc-f4"/>
      </symbol>
      <symbol id="sm-369">
         <name>_SFO</name>
         <value>0x3f682b</value>
         <object_component_ref idref="oc-f5"/>
      </symbol>
      <symbol id="sm-36a">
         <name>_MEP_SF</name>
         <value>0x8868</value>
         <object_component_ref idref="oc-f8"/>
      </symbol>
      <symbol id="sm-36b">
         <name>_SFO_CAL</name>
         <value>0x8867</value>
         <object_component_ref idref="oc-f8"/>
      </symbol>
      <symbol id="sm-386">
         <name>_c_int00</name>
         <value>0x3f6efe</value>
         <object_component_ref idref="oc-38"/>
      </symbol>
      <symbol id="sm-387">
         <name>__stack</name>
         <value>0x50</value>
         <object_component_ref idref="oc-fb"/>
      </symbol>
      <symbol id="sm-39d">
         <name>_copy_in</name>
         <value>0x3f6f52</value>
         <object_component_ref idref="oc-159"/>
      </symbol>
      <symbol id="sm-3ac">
         <name>_ppcopy</name>
         <value>0x3f70c8</value>
         <object_component_ref idref="oc-106"/>
      </symbol>
      <symbol id="sm-3ad">
         <name>_dpcopy</name>
         <value>0x3f70c8</value>
         <object_component_ref idref="oc-106"/>
      </symbol>
      <symbol id="sm-3ae">
         <name>_pdcopy</name>
         <value>0x3f70c8</value>
         <object_component_ref idref="oc-106"/>
      </symbol>
      <symbol id="sm-3af">
         <name>_ddcopy</name>
         <value>0x3f70c8</value>
         <object_component_ref idref="oc-106"/>
      </symbol>
      <symbol id="sm-3c4">
         <name>C$$EXIT</name>
         <value>0x3f6fc7</value>
         <object_component_ref idref="oc-15c"/>
      </symbol>
      <symbol id="sm-3c5">
         <name>_exit</name>
         <value>0x3f6fc9</value>
         <object_component_ref idref="oc-15c"/>
      </symbol>
      <symbol id="sm-3c6">
         <name>___TI_cleanup_ptr</name>
         <value>0x8870</value>
         <object_component_ref idref="oc-10d"/>
      </symbol>
      <symbol id="sm-3c7">
         <name>___TI_enable_exit_profile_output</name>
         <value>0x886e</value>
         <object_component_ref idref="oc-10d"/>
      </symbol>
      <symbol id="sm-3c8">
         <name>_abort</name>
         <value>0x3f6fc7</value>
         <object_component_ref idref="oc-15c"/>
      </symbol>
      <symbol id="sm-3c9">
         <name>___TI_dtors_ptr</name>
         <value>0x8872</value>
         <object_component_ref idref="oc-10d"/>
      </symbol>
      <symbol id="sm-3db">
         <name>FD$$MPY</name>
         <value>0x3f6d26</value>
         <object_component_ref idref="oc-112"/>
      </symbol>
      <symbol id="sm-3ea">
         <name>FD$$TOL</name>
         <value>0x3f708c</value>
         <object_component_ref idref="oc-117"/>
      </symbol>
      <symbol id="sm-404">
         <name>FS$$ADD</name>
         <value>0x3f6e31</value>
         <object_component_ref idref="oc-11c"/>
      </symbol>
      <symbol id="sm-405">
         <name>FS$$SUB</name>
         <value>0x3f6e2c</value>
         <object_component_ref idref="oc-11c"/>
      </symbol>
      <symbol id="sm-416">
         <name>FS$$DIV</name>
         <value>0x3f6da9</value>
         <object_component_ref idref="oc-121"/>
      </symbol>
      <symbol id="sm-427">
         <name>FS$$MPY</name>
         <value>0x3f6ea4</value>
         <object_component_ref idref="oc-126"/>
      </symbol>
      <symbol id="sm-438">
         <name>FS$$TOI</name>
         <value>0x3f7067</value>
         <object_component_ref idref="oc-12b"/>
      </symbol>
      <symbol id="sm-44b">
         <name>FS$$TOL</name>
         <value>0x3f6ff0</value>
         <object_component_ref idref="oc-130"/>
      </symbol>
      <symbol id="sm-458">
         <name>__system_pre_init</name>
         <value>0x3f7173</value>
         <object_component_ref idref="oc-158"/>
      </symbol>
      <symbol id="sm-465">
         <name>__system_post_cinit</name>
         <value>0x3f7175</value>
         <object_component_ref idref="oc-15a"/>
      </symbol>
      <symbol id="sm-471">
         <name>U$$MOD</name>
         <value>0x3f7152</value>
         <object_component_ref idref="oc-13f"/>
      </symbol>
      <symbol id="sm-472">
         <name>U$$DIV</name>
         <value>0x3f714d</value>
         <object_component_ref idref="oc-13f"/>
      </symbol>
      <symbol id="sm-483">
         <name>U$$TOFD</name>
         <value>0x3f7113</value>
         <object_component_ref idref="oc-144"/>
      </symbol>
      <symbol id="sm-491">
         <name>U$$TOFS</name>
         <value>0x3f713d</value>
         <object_component_ref idref="oc-149"/>
      </symbol>
      <symbol id="sm-4a6">
         <name>__unlock</name>
         <value>0x8876</value>
         <object_component_ref idref="oc-170"/>
      </symbol>
      <symbol id="sm-4a7">
         <name>__lock</name>
         <value>0x8874</value>
         <object_component_ref idref="oc-160"/>
      </symbol>
      <symbol id="sm-4a8">
         <name>__register_lock</name>
         <value>0x3f715c</value>
         <object_component_ref idref="oc-16b"/>
      </symbol>
      <symbol id="sm-4a9">
         <name>__nop</name>
         <value>0x3f7160</value>
         <object_component_ref idref="oc-16b"/>
      </symbol>
      <symbol id="sm-4aa">
         <name>__register_unlock</name>
         <value>0x3f7158</value>
         <object_component_ref idref="oc-16b"/>
      </symbol>
      <symbol id="sm-4ba">
         <name>__args_main</name>
         <value>0x3f70e2</value>
         <object_component_ref idref="oc-15b"/>
      </symbol>
   </symbol_table>
   <title>Link successful</title>
</link_info>
